gc 1 @0.011s 1%: 0.028+0.32+0.011 ms clock, 0.23+0.33/0.35/0.026+0.092 ms cpu, 4->4->0 MB, 4 MB goal, 0 MB stacks, 0 MB globals, 8 P
gc 2 @0.019s 1%: 0.015+0.21+0.015 ms clock, 0.12+0.28/0.26/0.30+0.12 ms cpu, 4->4->0 MB, 4 MB goal, 0 MB stacks, 0 MB globals, 8 P
gc 3 @0.028s 1%: 0.034+0.33+0.016 ms clock, 0.27+0.41/0.32/0+0.13 ms cpu, 4->4->0 MB, 4 MB goal, 0 MB stacks, 0 MB globals, 8 P
gc 4 @0.037s 1%: 0.013+0.31+0.010 ms clock, 0.10+0.064/0.42/0.29+0.084 ms cpu, 4->4->0 MB, 4 MB goal, 0 MB stacks, 0 MB globals, 8 P
gc 5 @0.048s 1%: 0.012+0.25+0.013 ms clock, 0.098+0.42/0.33/0.009+0.10 ms cpu, 4->4->0 MB, 4 MB goal, 0 MB stacks, 0 MB globals, 8 P
gc 6 @0.066s 1%: 0.044+0.26+0.044 ms clock, 0.35+0.61/0.35/0+0.35 ms cpu, 4->4->0 MB, 4 MB goal, 0 MB stacks, 0 MB globals, 8 P
gc 7 @0.067s 1%: 0.028+0.35+0.036 ms clock, 0.23+0.68/0.48/0+0.28 ms cpu, 4->4->0 MB, 4 MB goal, 0 MB stacks, 0 MB globals, 8 P
gc 8 @0.069s 1%: 0.035+0.35+0.022 ms clock, 0.28+0.86/0.50/0+0.18 ms cpu, 4->4->1 MB, 4 MB goal, 0 MB stacks, 0 MB globals, 8 P
gc 9 @0.070s 1%: 0.025+0.41+0.023 ms clock, 0.20+0.35/0.65/0.50+0.18 ms cpu, 4->4->1 MB, 4 MB goal, 0 MB stacks, 0 MB globals, 8 P
gc 10 @0.073s 2%: 0.024+0.46+0.020 ms clock, 0.19+0.16/0.65/0.85+0.16 ms cpu, 4->4->1 MB, 4 MB goal, 0 MB stacks, 0 MB globals, 8 P
gc 11 @0.076s 2%: 0.034+0.44+0.016 ms clock, 0.27+0.64/0.71/0.37+0.13 ms cpu, 4->4->1 MB, 4 MB goal, 0 MB stacks, 0 MB globals, 8 P
gc 12 @0.078s 2%: 0.025+0.46+0.017 ms clock, 0.20+0.21/0.67/1.1+0.14 ms cpu, 4->4->1 MB, 4 MB goal, 0 MB stacks, 0 MB globals, 8 P
gc 13 @0.080s 2%: 0.025+0.45+0.010 ms clock, 0.20+0.22/0.73/1.2+0.080 ms cpu, 4->4->1 MB, 4 MB goal, 0 MB stacks, 0 MB globals, 8 P
gc 14 @0.086s 2%: 0.011+0.43+0.009 ms clock, 0.095+0.098/0.52/1.4+0.078 ms cpu, 4->4->1 MB, 4 MB goal, 0 MB stacks, 0 MB globals, 8 P
gc 15 @0.088s 2%: 0.047+0.54+0.019 ms clock, 0.38+1.4/0.75/0+0.15 ms cpu, 4->4->1 MB, 4 MB goal, 0 MB stacks, 0 MB globals, 8 P
gc 16 @0.089s 3%: 0.041+0.60+0.022 ms clock, 0.33+1.5/0.84/0+0.18 ms cpu, 4->4->1 MB, 4 MB goal, 0 MB stacks, 0 MB globals, 8 P
gc 17 @0.091s 3%: 0.054+0.67+0.002 ms clock, 0.43+1.5/0.95/0+0.020 ms cpu, 4->4->1 MB, 4 MB goal, 0 MB stacks, 0 MB globals, 8 P
gc 18 @0.092s 3%: 0.041+0.70+0.015 ms clock, 0.33+1.0/1.2/0.46+0.12 ms cpu, 4->4->2 MB, 4 MB goal, 0 MB stacks, 0 MB globals, 8 P
gc 19 @0.103s 3%: 0.026+1.1+0.010 ms clock, 0.21+0.35/1.3/0.74+0.087 ms cpu, 4->5->2 MB, 4 MB goal, 0 MB stacks, 0 MB globals, 8 P
gc 20 @0.130s 3%: 0.034+0.53+0.001 ms clock, 0.27+0.19/0.97/1.7+0.015 ms cpu, 4->4->2 MB, 4 MB goal, 0 MB stacks, 0 MB globals, 8 P
gc 21 @0.138s 3%: 0.036+0.91+0.022 ms clock, 0.29+0.65/1.5/1.3+0.18 ms cpu, 4->4->2 MB, 4 MB goal, 0 MB stacks, 0 MB globals, 8 P
gc 22 @0.140s 3%: 0.012+0.71+0.002 ms clock, 0.097+0.093/1.0/1.7+0.020 ms cpu, 5->5->2 MB, 6 MB goal, 0 MB stacks, 0 MB globals, 8 P
gc 23 @0.149s 3%: 0.013+0.47+0.001 ms clock, 0.10+0.11/0.82/2.0+0.013 ms cpu, 4->4->2 MB, 5 MB goal, 0 MB stacks, 0 MB globals, 8 P
gc 24 @0.155s 3%: 0.008+0.61+0.021 ms clock, 0.071+0.060/0.96/1.7+0.17 ms cpu, 4->4->2 MB, 4 MB goal, 0 MB stacks, 0 MB globals, 8 P
gc 25 @0.156s 3%: 0.077+0.90+0.022 ms clock, 0.62+0.47/1.2/0.94+0.17 ms cpu, 4->5->3 MB, 5 MB goal, 0 MB stacks, 0 MB globals, 8 P
gc 26 @0.160s 3%: 0.034+0.66+0.009 ms clock, 0.27+0.13/1.1/1.5+0.079 ms cpu, 5->5->2 MB, 6 MB goal, 0 MB stacks, 0 MB globals, 8 P
gc 27 @0.161s 3%: 0.010+0.78+0.009 ms clock, 0.082+0.65/1.1/1.6+0.079 ms cpu, 4->5->2 MB, 5 MB goal, 0 MB stacks, 0 MB globals, 8 P
gc 28 @0.163s 3%: 0.011+0.61+0.001 ms clock, 0.093+0.049/1.1/1.7+0.014 ms cpu, 5->5->2 MB, 6 MB goal, 0 MB stacks, 0 MB globals, 8 P
gc 29 @0.165s 3%: 0.10+0.67+0.067 ms clock, 0.83+1.9/1.0/0+0.53 ms cpu, 5->6->2 MB, 5 MB goal, 0 MB stacks, 0 MB globals, 8 P
gc 30 @0.167s 3%: 0.075+0.95+0.015 ms clock, 0.60+0.67/1.6/0.57+0.12 ms cpu, 5->6->3 MB, 6 MB goal, 0 MB stacks, 0 MB globals, 8 P
gc 31 @0.178s 3%: 0.013+0.55+0.001 ms clock, 0.10+0.10/0.95/2.2+0.014 ms cpu, 6->6->2 MB, 7 MB goal, 0 MB stacks, 0 MB globals, 8 P
gc 32 @0.234s 2%: 0.021+0.55+0.002 ms clock, 0.16+0.083/0.98/2.4+0.018 ms cpu, 4->4->2 MB, 5 MB goal, 0 MB stacks, 0 MB globals, 8 P
# benchmark
gc 1 @0.005s 3%: 0.008+0.85+0.011 ms clock, 0.067+0.17/1.3/1.2+0.095 ms cpu, 4->4->3 MB, 4 MB goal, 0 MB stacks, 0 MB globals, 8 P
gc 2 @0.023s 1%: 0.016+1.0+0.010 ms clock, 0.13+0.13/1.6/3.8+0.085 ms cpu, 6->6->4 MB, 6 MB goal, 0 MB stacks, 0 MB globals, 8 P
gc 3 @0.032s 2%: 0.013+1.2+0.009 ms clock, 0.11+0.13/2.2/4.4+0.077 ms cpu, 10->10->7 MB, 10 MB goal, 0 MB stacks, 0 MB globals, 8 P
note: module requires Go 1.24
# benchmark
gc 1 @0.001s 9%: 0.014+0.82+0.013 ms clock, 0.11+0.058/1.2/0.69+0.10 ms cpu, 4->6->5 MB, 4 MB goal, 0 MB stacks, 0 MB globals, 8 P
gc 2 @0.049s 0%: 0.009+1.9+0.010 ms clock, 0.075+0.060/1.4/0.40+0.084 ms cpu, 9->9->8 MB, 11 MB goal, 0 MB stacks, 0 MB globals, 8 P
gc 3 @0.075s 0%: 0.014+0.95+0.010 ms clock, 0.11+0.040/0.64/1.9+0.080 ms cpu, 16->16->15 MB, 16 MB goal, 0 MB stacks, 0 MB globals, 8 P
gc 4 @0.172s 0%: 0.018+1.7+0.008 ms clock, 0.15+0/1.1/2.1+0.065 ms cpu, 26->26->14 MB, 31 MB goal, 0 MB stacks, 0 MB globals, 8 P
gc 1 @0.731s 0%: 0.016+0.39+0.010 ms clock, 0.13+0.44/0.56/0.089+0.080 ms cpu, 4->4->1 MB, 4 MB goal, 0 MB stacks, 0 MB globals, 8 P
gc 2 @0.752s 0%: 0.077+0.26+0.002 ms clock, 0.62+0.21/0.36/0.66+0.017 ms cpu, 4->4->1 MB, 4 MB goal, 0 MB stacks, 0 MB globals, 8 P
gc 3 @0.805s 0%: 0.017+0.30+0.002 ms clock, 0.14+0.13/0.42/0.72+0.021 ms cpu, 4->4->1 MB, 4 MB goal, 0 MB stacks, 0 MB globals, 8 P
gc 4 @0.838s 0%: 0.020+0.24+0.002 ms clock, 0.16+0.25/0.31/0.52+0.021 ms cpu, 4->4->1 MB, 4 MB goal, 0 MB stacks, 0 MB globals, 8 P
gc 5 @0.872s 0%: 0.018+0.29+0.010 ms clock, 0.14+0.10/0.31/0.78+0.081 ms cpu, 4->4->2 MB, 4 MB goal, 0 MB stacks, 0 MB globals, 8 P
gc 6 @0.916s 0%: 0.040+0.29+0.001 ms clock, 0.32+0.13/0.39/0.67+0.015 ms cpu, 4->4->2 MB, 4 MB goal, 0 MB stacks, 0 MB globals, 8 P
gc 7 @0.963s 0%: 0.076+0.21+0.001 ms clock, 0.61+0.11/0.36/0.68+0.015 ms cpu, 4->4->2 MB, 5 MB goal, 0 MB stacks, 0 MB globals, 8 P
gc 8 @1.006s 0%: 0.020+0.27+0.009 ms clock, 0.16+0.15/0.39/0.56+0.078 ms cpu, 4->4->2 MB, 5 MB goal, 0 MB stacks, 0 MB globals, 8 P
gc 9 @1.068s 0%: 0.049+0.24+0.001 ms clock, 0.39+0.11/0.29/0.87+0.014 ms cpu, 5->5->3 MB, 6 MB goal, 0 MB stacks, 0 MB globals, 8 P
gc 10 @1.123s 0%: 0.019+0.25+0.002 ms clock, 0.15+0.10/0.31/0.85+0.019 ms cpu, 5->5->3 MB, 7 MB goal, 0 MB stacks, 0 MB globals, 8 P
gc 11 @1.198s 0%: 0.019+0.24+0.001 ms clock, 0.15+0.13/0.30/0.79+0.015 ms cpu, 7->7->3 MB, 7 MB goal, 0 MB stacks, 0 MB globals, 8 P
gc 12 @1.255s 0%: 0.020+0.27+0.003 ms clock, 0.16+0.097/0.34/0.82+0.027 ms cpu, 6->7->4 MB, 8 MB goal, 0 MB stacks, 0 MB globals, 8 P
gc 13 @1.352s 0%: 0.024+0.34+0.055 ms clock, 0.19+0.091/0.49/0.79+0.44 ms cpu, 8->8->4 MB, 8 MB goal, 0 MB stacks, 0 MB globals, 8 P
gc 14 @1.457s 0%: 0.091+0.33+0.001 ms clock, 0.72+0.24/0.52/0.54+0.015 ms cpu, 9->9->5 MB, 10 MB goal, 0 MB stacks, 0 MB globals, 8 P
gc 15 @1.555s 0%: 0.021+0.30+0.001 ms clock, 0.16+0.17/0.46/0.63+0.015 ms cpu, 9->9->5 MB, 11 MB goal, 0 MB stacks, 0 MB globals, 8 P
gc 16 @1.697s 0%: 0.050+0.33+0.002 ms clock, 0.40+0.17/0.52/0.70+0.016 ms cpu, 12->12->6 MB, 12 MB goal, 0 MB stacks, 0 MB globals, 8 P
gc 17 @1.848s 0%: 0.076+0.33+0.002 ms clock, 0.60+0.50/0.40/0.38+0.019 ms cpu, 14->14->7 MB, 14 MB goal, 0 MB stacks, 0 MB globals, 8 P
gc 18 @2.031s 0%: 0.023+0.44+0.002 ms clock, 0.18+0.24/0.43/0.82+0.018 ms cpu, 15->16->8 MB, 16 MB goal, 0 MB stacks, 0 MB globals, 8 P
gc 19 @2.231s 0%: 0.050+0.48+0.001 ms clock, 0.40+0.18/0.69/0.72+0.015 ms cpu, 17->17->10 MB, 18 MB goal, 0 MB stacks, 0 MB globals, 8 P
gc 20 @2.484s 0%: 0.069+0.46+0.002 ms clock, 0.55+0.16/0.55/0.77+0.016 ms cpu, 21->21->11 MB, 21 MB goal, 0 MB stacks, 0 MB globals, 8 P
gc 21 @2.781s 0%: 0.024+0.49+0.010 ms clock, 0.19+0.23/0.35/0.93+0.084 ms cpu, 23->23->13 MB, 24 MB goal, 0 MB stacks, 0 MB globals, 8 P
gc 22 @2.997s 0%: 0.026+0.56+0.002 ms clock, 0.21+0.10/0.67/0.51+0.021 ms cpu, 23->23->14 MB, 27 MB goal, 0 MB stacks, 0 MB globals, 8 P
gc 23 @3.355s 0%: 0.025+0.54+0.002 ms clock, 0.20+0.10/0.73/0.74+0.016 ms cpu, 29->29->16 MB, 30 MB goal, 0 MB stacks, 0 MB globals, 8 P
gc 24 @3.783s 0%: 0.024+0.64+0.001 ms clock, 0.19+0.16/0.79/0.73+0.015 ms cpu, 34->34->19 MB, 34 MB goal, 0 MB stacks, 0 MB globals, 8 P
gc 25 @4.303s 0%: 0.081+0.71+0.002 ms clock, 0.65+0.088/0.40/1.2+0.017 ms cpu, 39->39->22 MB, 40 MB goal, 0 MB stacks, 0 MB globals, 8 P
gc 26 @4.888s 0%: 0.084+0.75+0.002 ms clock, 0.67+0.67/0.85/0.52+0.020 ms cpu, 45->46->26 MB, 46 MB goal, 0 MB stacks, 0 MB globals, 8 P
gc 27 @5.564s 0%: 0.026+0.85+0.001 ms clock, 0.21+0.12/1.0/1.2+0.014 ms cpu, 52->52->30 MB, 53 MB goal, 0 MB stacks, 0 MB globals, 8 P
gc 28 @6.338s 0%: 0.023+1.3+0.002 ms clock, 0.18+0.11/1.4/1.0+0.016 ms cpu, 60->61->35 MB, 61 MB goal, 0 MB stacks, 0 MB globals, 8 P
gc 29 @7.304s 0%: 0.034+1.1+0.002 ms clock, 0.27+0.33/1.9/0.59+0.016 ms cpu, 71->72->40 MB, 72 MB goal, 0 MB stacks, 0 MB globals, 8 P
gc 30 @8.396s 0%: 0.093+1.3+0.002 ms clock, 0.74+0.37/1.6/0.49+0.018 ms cpu, 81->81->47 MB, 82 MB goal, 0 MB stacks, 0 MB globals, 8 P
gc 31 @9.707s 0%: 0.082+1.6+0.002 ms clock, 0.65+0.13/0.67/2.0+0.019 ms cpu, 94->94->54 MB, 94 MB goal, 0 MB stacks, 0 MB globals, 8 P
gc 32 @11.213s 0%: 0.046+1.7+0.002 ms clock, 0.37+0.17/1.1/2.4+0.019 ms cpu, 109->109->63 MB, 110 MB goal, 0 MB stacks, 0 MB globals, 8 P
gc 33 @12.902s 0%: 0.047+1.6+0.002 ms clock, 0.38+0.13/2.5/3.6+0.020 ms cpu, 127->127->75 MB, 127 MB goal, 0 MB stacks, 0 MB globals, 8 P
gc 34 @14.980s 0%: 0.095+2.3+0.002 ms clock, 0.76+0.27/2.9/2.1+0.018 ms cpu, 150->150->86 MB, 151 MB goal, 0 MB stacks, 0 MB globals, 8 P
gc 35 @17.322s 0%: 0.034+2.5+0.002 ms clock, 0.27+0.29/4.0/1.1+0.016 ms cpu, 172->172->100 MB, 173 MB goal, 0 MB stacks, 0 MB globals, 8 P
gc 36 @20.103s 0%: 0.034+2.4+0.002 ms clock, 0.27+0.53/2.6/4.0+0.016 ms cpu, 200->201->116 MB, 200 MB goal, 0 MB stacks, 0 MB globals, 8 P
gc 37 @23.201s 0%: 0.099+3.1+0.001 ms clock, 0.79+0.17/4.6/2.9+0.015 ms cpu, 232->233->135 MB, 233 MB goal, 0 MB stacks, 0 MB globals, 8 P
gc 38 @26.756s 0%: 0.046+4.2+0.002 ms clock, 0.36+0.13/5.6/3.8+0.019 ms cpu, 271->271->158 MB, 272 MB goal, 0 MB stacks, 0 MB globals, 8 P
gc 39 @31.141s 0%: 0.039+2.9+0.002 ms clock, 0.31+1.5/4.5/8.1+0.017 ms cpu, 317->318->184 MB, 318 MB goal, 0 MB stacks, 0 MB globals, 8 P
gc 40 @36.136s 0%: 0.040+4.5+0.002 ms clock, 0.32+0.22/7.1/5.4+0.016 ms cpu, 368->369->214 MB, 370 MB goal, 0 MB stacks, 0 MB globals, 8 P
gc 41 @41.972s 0%: 0.051+4.6+0.003 ms clock, 0.40+3.2/5.9/7.7+0.025 ms cpu, 429->430->250 MB, 430 MB goal, 0 MB stacks, 0 MB globals, 8 P
gc 42 @48.434s 0%: 0.042+4.2+0.003 ms clock, 0.34+0.076/6.9/19+0.027 ms cpu, 499->499->298 MB, 501 MB goal, 0 MB stacks, 0 MB globals, 8 P
gc 43 @56.311s 0%: 0.038+6.6+0.003 ms clock, 0.30+0.17/11/6.3+0.026 ms cpu, 596->597->342 MB, 597 MB goal, 0 MB stacks, 0 MB globals, 8 P
gc 44 @65.196s 0%: 0.048+5.4+0.002 ms clock, 0.39+0.15/8.7/21+0.018 ms cpu, 684->684->398 MB, 686 MB goal, 0 MB stacks, 0 MB globals, 8 P
gc 45 @75.520s 0%: 0.069+7.1+0.002 ms clock, 0.55+0.30/9.3/23+0.017 ms cpu, 796->797->464 MB, 798 MB goal, 0 MB stacks, 0 MB globals, 8 P
gc 46 @86.956s 0%: 0.071+7.9+0.002 ms clock, 0.57+19/14/14+0.020 ms cpu, 929->929->556 MB, 929 MB goal, 0 MB stacks, 0 MB globals, 8 P
gc 47 @100.956s 0%: 0.089+9.3+0.002 ms clock, 0.71+1.5/15/33+0.021 ms cpu, 1108->1108->637 MB, 1114 MB goal, 0 MB stacks, 0 MB globals, 8 P
gc 48 @116.856s 0%: 0.046+10+0.002 ms clock, 0.37+9.9/16/31+0.016 ms cpu, 1275->1275->743 MB, 1276 MB goal, 0 MB stacks, 0 MB globals, 8 P
GC forced
gc 33 @120.494s 0%: 0.024+0.55+0.003 ms clock, 0.19+0/1.0/2.3+0.027 ms cpu, 3->3->2 MB, 5 MB goal, 0 MB stacks, 0 MB globals, 8 P
gc 49 @135.066s 0%: 0.038+11+0.002 ms clock, 0.30+1.2/19/46+0.020 ms cpu, 1482->1483->865 MB, 1486 MB goal, 0 MB stacks, 0 MB globals, 8 P
gc 50 @155.764s 0%: 0.047+14+0.002 ms clock, 0.38+1.9/22/55+0.020 ms cpu, 1730->1730->1009 MB, 1731 MB goal, 0 MB stacks, 0 MB globals, 8 P
gc 51 @178.789s 0%: 0.059+17+0.002 ms clock, 0.47+0.083/33/81+0.019 ms cpu, 2016->2017->1204 MB, 2019 MB goal, 0 MB stacks, 0 MB globals, 8 P
gc 52 @206.907s 0%: 0.043+17+0.002 ms clock, 0.34+0.96/31/88+0.016 ms cpu, 2406->2407->1384 MB, 2410 MB goal, 0 MB stacks, 0 MB globals, 8 P
gc 53 @238.646s 0%: 0.044+22+0.002 ms clock, 0.35+0.37/41/96+0.020 ms cpu, 2765->2767->1613 MB, 2769 MB goal, 0 MB stacks, 0 MB globals, 8 P
GC forced
gc 34 @241.495s 0%: 0.038+0.54+0.002 ms clock, 0.30+0/1.0/2.7+0.022 ms cpu, 2->2->2 MB, 5 MB goal, 0 MB stacks, 0 MB globals, 8 P
gc 54 @258.656s 0%: 0.10+22+0.002 ms clock, 0.83+10/42/103+0.021 ms cpu, 3221->3223->1618 MB, 3226 MB goal, 0 MB stacks, 0 MB globals, 8 P
gc 55 @279.538s 0%: 0.069+22+0.002 ms clock, 0.55+0.34/40/109+0.023 ms cpu, 3229->3231->1618 MB, 3238 MB goal, 0 MB stacks, 0 MB globals, 8 P
gc 56 @300.870s 0%: 0.11+22+0.027 ms clock, 0.90+74/42/41+0.21 ms cpu, 3236->3238->1620 MB, 3238 MB goal, 0 MB stacks, 0 MB globals, 8 P
gc 57 @321.992s 0%: 0.089+22+0.002 ms clock, 0.71+15/40/98+0.022 ms cpu, 3224->3226->1620 MB, 3242 MB goal, 0 MB stacks, 0 MB globals, 8 P
gc 58 @337.414s 0%: 0.068+21+0.002 ms clock, 0.54+6.3/40/105+0.020 ms cpu, 2755->2757->1621 MB, 3241 MB goal, 0 MB stacks, 0 MB globals, 8 P
gc 59 @359.062s 0%: 0.093+22+0.002 ms clock, 0.74+8.0/43/100+0.021 ms cpu, 3230->3232->1620 MB, 3243 MB goal, 0 MB stacks, 0 MB globals, 8 P
GC forced
gc 35 @362.497s 0%: 0.025+0.54+0.002 ms clock, 0.20+0/1.0/2.3+0.018 ms cpu, 2->2->2 MB, 5 MB goal, 0 MB stacks, 0 MB globals, 8 P
gc 60 @380.926s 0%: 0.042+24+0.003 ms clock, 0.34+0.34/43/111+0.029 ms cpu, 3237->3238->1620 MB, 3241 MB goal, 0 MB stacks, 0 MB globals, 8 P
gc 61 @402.883s 0%: 0.11+22+0.018 ms clock, 0.89+1.7/42/111+0.14 ms cpu, 3235->3237->1621 MB, 3241 MB goal, 0 MB stacks, 0 MB globals, 8 P
gc 62 @424.548s 0%: 0.10+23+0.003 ms clock, 0.80+1.7/43/109+0.024 ms cpu, 3236->3237->1619 MB, 3244 MB goal, 0 MB stacks, 0 MB globals, 8 P
gc 63 @446.493s 0%: 0.042+21+0.002 ms clock, 0.34+5.5/41/108+0.022 ms cpu, 3237->3238->1620 MB, 3240 MB goal, 0 MB stacks, 0 MB globals, 8 P
gc 64 @468.565s 0%: 0.099+22+0.002 ms clock, 0.79+2.9/44/108+0.017 ms cpu, 3236->3239->1622 MB, 3242 MB goal, 0 MB stacks, 0 MB globals, 8 P
GC forced
gc 36 @482.498s 0%: 0.022+0.64+0.002 ms clock, 0.18+0/1.2/2.1+0.016 ms cpu, 2->2->2 MB, 5 MB goal, 0 MB stacks, 0 MB globals, 8 P
gc 65 @490.584s 0%: 0.043+21+0.005 ms clock, 0.35+1.7/41/110+0.040 ms cpu, 3236->3237->1620 MB, 3246 MB goal, 0 MB stacks, 0 MB globals, 8 P
gc 66 @512.501s 0%: 0.096+22+0.016 ms clock, 0.77+32/42/81+0.13 ms cpu, 3239->3241->1620 MB, 3241 MB goal, 0 MB stacks, 0 MB globals, 8 P
gc 67 @534.194s 0%: 0.052+23+0.003 ms clock, 0.41+7.8/45/105+0.027 ms cpu, 3229->3232->1621 MB, 3241 MB goal, 0 MB stacks, 0 MB globals, 8 P
gc 68 @555.714s 0%: 0.055+21+0.002 ms clock, 0.44+6.5/40/102+0.016 ms cpu, 3237->3238->1619 MB, 3244 MB goal, 0 MB stacks, 0 MB globals, 8 P
gc 69 @577.181s 0%: 0.10+22+0.002 ms clock, 0.82+6.7/41/109+0.021 ms cpu, 3233->3234->1616 MB, 3239 MB goal, 0 MB stacks, 0 MB globals, 8 P
gc 70 @598.726s 0%: 0.051+21+0.002 ms clock, 0.41+2.3/40/110+0.018 ms cpu, 3229->3230->1616 MB, 3234 MB goal, 0 MB stacks, 0 MB globals, 8 P
GC forced
gc 37 @602.499s 0%: 0.023+0.53+0.002 ms clock, 0.18+0/1.0/2.6+0.017 ms cpu, 2->2->2 MB, 5 MB goal, 0 MB stacks, 0 MB globals, 8 P
gc 71 @653.466s 0%: 0.075+21+0.002 ms clock, 0.60+0.73/41/110+0.017 ms cpu, 3229->3229->1617 MB, 3234 MB goal, 0 MB stacks, 0 MB globals, 8 P
gc 72 @695.847s 0%: 0.046+23+0.002 ms clock, 0.36+0.45/41/109+0.017 ms cpu, 3231->3232->1618 MB, 3234 MB goal, 0 MB stacks, 0 MB globals, 8 P
GC forced
gc 38 @722.501s 0%: 0.023+0.54+0.003 ms clock, 0.18+0/1.0/2.4+0.027 ms cpu, 2->2->2 MB, 5 MB goal, 0 MB stacks, 0 MB globals, 8 P
gc 73 @736.402s 0%: 0.078+21+0.003 ms clock, 0.63+0.65/40/109+0.024 ms cpu, 3233->3234->1617 MB, 3238 MB goal, 0 MB stacks, 0 MB globals, 8 P
gc 74 @775.734s 0%: 0.042+22+0.002 ms clock, 0.34+1.2/41/107+0.020 ms cpu, 3230->3232->1615 MB, 3234 MB goal, 0 MB stacks, 0 MB globals, 8 P
gc 75 @813.832s 0%: 0.12+22+0.002 ms clock, 0.97+1.3/41/113+0.022 ms cpu, 3226->3228->1616 MB, 3232 MB goal, 0 MB stacks, 0 MB globals, 8 P
GC forced
gc 39 @842.505s 0%: 0.034+0.52+0.002 ms clock, 0.27+0/0.99/2.6+0.019 ms cpu, 2->2->2 MB, 5 MB goal, 0 MB stacks, 0 MB globals, 8 P
gc 76 @850.838s 0%: 0.060+21+0.002 ms clock, 0.48+0.63/39/113+0.019 ms cpu, 3229->3230->1618 MB, 3233 MB goal, 0 MB stacks, 0 MB globals, 8 P
gc 77 @870.928s 0%: 0.052+22+0.020 ms clock, 0.41+0.83/42/110+0.16 ms cpu, 3232->3233->1619 MB, 3238 MB goal, 0 MB stacks, 0 MB globals, 8 P
gc 78 @891.948s 0%: 0.044+23+0.003 ms clock, 0.35+75/44/40+0.025 ms cpu, 3237->3240->1622 MB, 3240 MB goal, 0 MB stacks, 0 MB globals, 8 P
gc 79 @912.818s 0%: 0.11+22+0.002 ms clock, 0.89+9.5/42/94+0.020 ms cpu, 3222->3223->1619 MB, 3246 MB goal, 0 MB stacks, 0 MB globals, 8 P
gc 80 @927.908s 0%: 0.043+23+0.062 ms clock, 0.35+0.38/43/115+0.49 ms cpu, 2753->2756->1621 MB, 3239 MB goal, 0 MB stacks, 0 MB globals, 8 P
gc 81 @949.361s 0%: 0.088+22+0.002 ms clock, 0.70+6.4/42/108+0.019 ms cpu, 3223->3226->1619 MB, 3243 MB goal, 0 MB stacks, 0 MB globals, 8 P
GC forced
gc 40 @962.521s 0%: 0.026+0.56+0.002 ms clock, 0.21+0/0.99/2.6+0.020 ms cpu, 2->2->2 MB, 5 MB goal, 0 MB stacks, 0 MB globals, 8 P
gc 82 @964.400s 0%: 0.097+24+0.014 ms clock, 0.77+2.2/46/109+0.11 ms cpu, 2754->2756->1619 MB, 3240 MB goal, 0 MB stacks, 0 MB globals, 8 P
gc 83 @985.909s 0%: 0.084+24+0.002 ms clock, 0.67+9.7/46/108+0.022 ms cpu, 3227->3230->1621 MB, 3240 MB goal, 0 MB stacks, 0 MB globals, 8 P
gc 84 @1007.524s 0%: 0.066+22+0.025 ms clock, 0.53+3.0/42/110+0.20 ms cpu, 3236->3238->1619 MB, 3243 MB goal, 0 MB stacks, 0 MB globals, 8 P
gc 85 @1029.255s 0%: 0.061+24+0.023 ms clock, 0.49+16/44/100+0.18 ms cpu, 3232->3235->1619 MB, 3239 MB goal, 0 MB stacks, 0 MB globals, 8 P
gc 86 @1050.912s 0%: 0.045+22+0.039 ms clock, 0.36+6.0/42/109+0.31 ms cpu, 3227->3230->1617 MB, 3239 MB goal, 0 MB stacks, 0 MB globals, 8 P
gc 87 @1072.383s 0%: 0.088+22+0.002 ms clock, 0.70+4.0/44/108+0.021 ms cpu, 3230->3231->1618 MB, 3236 MB goal, 0 MB stacks, 0 MB globals, 8 P
GC forced
gc 41 @1082.541s 0%: 0.024+0.52+0.002 ms clock, 0.19+0/1.0/2.6+0.019 ms cpu, 2->2->2 MB, 5 MB goal, 0 MB stacks, 0 MB globals, 8 P
gc 88 @1093.891s 0%: 0.10+23+0.002 ms clock, 0.81+7.4/45/112+0.018 ms cpu, 3231->3234->1618 MB, 3237 MB goal, 0 MB stacks, 0 MB globals, 8 P
gc 89 @1115.574s 0%: 0.080+22+0.002 ms clock, 0.64+6.7/42/107+0.023 ms cpu, 3227->3229->1617 MB, 3237 MB goal, 0 MB stacks, 0 MB globals, 8 P
gc 90 @1136.977s 0%: 0.10+22+0.011 ms clock, 0.83+2.1/41/100+0.092 ms cpu, 3230->3232->1617 MB, 3236 MB goal, 0 MB stacks, 0 MB globals, 8 P
gc 91 @1158.701s 0%: 0.053+22+0.002 ms clock, 0.43+0.32/43/109+0.020 ms cpu, 3229->3230->1617 MB, 3235 MB goal, 0 MB stacks, 0 MB globals, 8 P
gc 92 @1180.343s 0%: 0.10+24+0.003 ms clock, 0.84+4.4/42/112+0.026 ms cpu, 3230->3232->1617 MB, 3235 MB goal, 0 MB stacks, 0 MB globals, 8 P
gc 93 @1201.970s 0%: 0.098+22+0.002 ms clock, 0.79+3.7/43/109+0.018 ms cpu, 3226->3228->1616 MB, 3235 MB goal, 0 MB stacks, 0 MB globals, 8 P
GC forced
gc 42 @1202.561s 0%: 0.023+0.54+0.002 ms clock, 0.18+0/1.0/2.6+0.020 ms cpu, 2->2->2 MB, 5 MB goal, 0 MB stacks, 0 MB globals, 8 P
gc 94 @1231.072s 0%: 0.077+27+0.018 ms clock, 0.62+45/52/69+0.14 ms cpu, 3229->3233->1619 MB, 3234 MB goal, 0 MB stacks, 0 MB globals, 8 P
gc 95 @1244.230s 0%: 0.072+23+0.004 ms clock, 0.57+9.6/43/103+0.037 ms cpu, 3220->3221->1615 MB, 3238 MB goal, 0 MB stacks, 0 MB globals, 8 P
gc 96 @1253.772s 0%: 0.068+23+0.002 ms clock, 0.54+16/44/100+0.021 ms cpu, 2747->2749->1616 MB, 3232 MB goal, 0 MB stacks, 0 MB globals, 8 P
gc 97 @1267.145s 0%: 0.056+24+0.002 ms clock, 0.45+9.0/44/103+0.023 ms cpu, 3217->3219->1616 MB, 3234 MB goal, 0 MB stacks, 0 MB globals, 8 P
gc 98 @1280.404s 0%: 0.13+22+0.006 ms clock, 1.0+115/41/2.1+0.054 ms cpu, 3233->3234->1615 MB, 3234 MB goal, 0 MB stacks, 0 MB globals, 8 P
gc 99 @1294.524s 0%: 0.085+25+0.062 ms clock, 0.68+14/48/101+0.50 ms cpu, 3212->3215->1617 MB, 3231 MB goal, 0 MB stacks, 0 MB globals, 8 P
gc 100 @1308.033s 0%: 0.049+24+0.036 ms clock, 0.39+113/47/3.3+0.28 ms cpu, 3233->3236->1617 MB, 3235 MB goal, 0 MB stacks, 0 MB globals, 8 P
gc 101 @1320.329s 0%: 0.077+23+0.002 ms clock, 0.61+8.1/43/109+0.018 ms cpu, 3196->3198->1616 MB, 3234 MB goal, 0 MB stacks, 0 MB globals, 8 P
GC forced
gc 43 @1322.581s 0%: 0.031+0.54+0.004 ms clock, 0.25+0/1.0/2.4+0.034 ms cpu, 2->2->2 MB, 5 MB goal, 0 MB stacks, 0 MB globals, 8 P
gc 102 @1330.121s 0%: 0.13+22+0.002 ms clock, 1.0+7.0/41/105+0.017 ms cpu, 2748->2749->1615 MB, 3234 MB goal, 0 MB stacks, 0 MB globals, 8 P
GC forced
gc 44 @1442.602s 0%: 0.033+0.52+0.002 ms clock, 0.26+0/0.97/2.6+0.023 ms cpu, 2->2->2 MB, 5 MB goal, 0 MB stacks, 0 MB globals, 8 P
GC forced
gc 103 @1500.417s 0%: 0.081+59+0.003 ms clock, 0.65+0/114/3.1+0.028 ms cpu, 2076->2076->1614 MB, 3232 MB goal, 0 MB stacks, 0 MB globals, 8 P
GC forced
gc 45 @1562.622s 0%: 0.025+0.52+0.002 ms clock, 0.20+0/0.99/2.6+0.018 ms cpu, 2->2->2 MB, 5 MB goal, 0 MB stacks, 0 MB globals, 8 P
GC forced
gc 104 @1620.477s 0%: 0.11+25+0.013 ms clock, 0.91+8.5/47/109+0.10 ms cpu, 1856->1858->1617 MB, 3230 MB goal, 0 MB stacks, 0 MB globals, 8 P
gc 105 @1639.410s 0%: 0.064+26+0.028 ms clock, 0.51+12/50/99+0.23 ms cpu, 3211->3215->1618 MB, 3235 MB goal, 0 MB stacks, 0 MB globals, 8 P
GC forced
gc 46 @1682.642s 0%: 0.027+0.52+0.002 ms clock, 0.22+0/0.98/2.6+0.016 ms cpu, 2->2->2 MB, 5 MB goal, 0 MB stacks, 0 MB globals, 8 P
GC forced
gc 106 @1759.600s 0%: 0.045+48+0.002 ms clock, 0.36+0/48/51+0.021 ms cpu, 1632->1632->1614 MB, 3238 MB goal, 0 MB stacks, 0 MB globals, 8 P
GC forced
gc 47 @1802.662s 0%: 0.023+0.52+0.001 ms clock, 0.18+0/0.99/2.6+0.014 ms cpu, 2->2->2 MB, 5 MB goal, 0 MB stacks, 0 MB globals, 8 P
GC forced
gc 107 @1881.593s 0%: 0.053+46+0.002 ms clock, 0.42+0/90/2.9+0.023 ms cpu, 1614->1614->1614 MB, 3230 MB goal, 0 MB stacks, 0 MB globals, 8 P
GC forced
gc 48 @1922.683s 0%: 0.034+0.52+0.004 ms clock, 0.27+0/1.0/2.6+0.039 ms cpu, 2->2->2 MB, 5 MB goal, 0 MB stacks, 0 MB globals, 8 P
GC forced
gc 108 @2001.718s 0%: 0.050+48+0.002 ms clock, 0.40+0/56/57+0.020 ms cpu, 1614->1614->1614 MB, 3230 MB goal, 0 MB stacks, 0 MB globals, 8 P
GC forced
gc 49 @2042.703s 0%: 0.025+0.57+0.002 ms clock, 0.20+0/1.0/2.6+0.016 ms cpu, 2->2->2 MB, 5 MB goal, 0 MB stacks, 0 MB globals, 8 P
GC forced
gc 109 @2121.830s 0%: 0.035+48+0.003 ms clock, 0.28+0/94/3.1+0.029 ms cpu, 1614->1614->1614 MB, 3230 MB goal, 0 MB stacks, 0 MB globals, 8 P
GC forced
gc 50 @2162.723s 0%: 0.022+0.53+0.004 ms clock, 0.18+0/1.0/2.6+0.033 ms cpu, 2->2->2 MB, 5 MB goal, 0 MB stacks, 0 MB globals, 8 P
gc 110 @2217.432s 0%: 0.083+24+0.020 ms clock, 0.66+112/47/2.4+0.16 ms cpu, 3227->3230->1617 MB, 3230 MB goal, 0 MB stacks, 0 MB globals, 8 P
gc 111 @2230.825s 0%: 0.075+23+0.054 ms clock, 0.60+6.3/45/114+0.43 ms cpu, 3193->3194->1615 MB, 3236 MB goal, 0 MB stacks, 0 MB globals, 8 P
gc 112 @2240.333s 0%: 0.087+27+0.015 ms clock, 0.69+12/52/104+0.12 ms cpu, 2747->2752->1619 MB, 3232 MB goal, 0 MB stacks, 0 MB globals, 8 P
gc 113 @2253.104s 0%: 0.081+24+0.003 ms clock, 0.65+3.7/46/113+0.025 ms cpu, 3201->3202->1616 MB, 3239 MB goal, 0 MB stacks, 0 MB globals, 8 P
gc 114 @2262.505s 0%: 0.096+24+0.013 ms clock, 0.77+2.9/46/115+0.11 ms cpu, 2748->2750->1616 MB, 3233 MB goal, 0 MB stacks, 0 MB globals, 8 P
gc 115 @2276.597s 0%: 0.11+26+0.069 ms clock, 0.94+12/51/101+0.55 ms cpu, 3207->3211->1618 MB, 3234 MB goal, 0 MB stacks, 0 MB globals, 8 P
GC forced
gc 51 @2282.744s 0%: 0.024+0.54+0.002 ms clock, 0.19+0/1.0/2.7+0.021 ms cpu, 2->2->2 MB, 5 MB goal, 0 MB stacks, 0 MB globals, 8 P
gc 116 @2290.423s 0%: 0.10+26+0.043 ms clock, 0.83+109/49/6.9+0.34 ms cpu, 3236->3238->1616 MB, 3238 MB goal, 0 MB stacks, 0 MB globals, 8 P
gc 117 @2302.523s 0%: 0.092+26+0.005 ms clock, 0.74+12/49/98+0.046 ms cpu, 3205->3209->1619 MB, 3234 MB goal, 0 MB stacks, 0 MB globals, 8 P
GC forced
gc 52 @2402.764s 0%: 0.022+0.53+0.002 ms clock, 0.18+0/1.0/2.5+0.017 ms cpu, 2->2->2 MB, 5 MB goal, 0 MB stacks, 0 MB globals, 8 P
GC forced
gc 118 @2467.259s 0%: 0.070+83+0.003 ms clock, 0.56+0/84/2.3+0.030 ms cpu, 1941->1941->1614 MB, 3239 MB goal, 0 MB stacks, 0 MB globals, 8 P
GC forced
gc 53 @2522.784s 0%: 0.024+0.53+0.002 ms clock, 0.19+0/1.0/2.6+0.019 ms cpu, 2->2->2 MB, 5 MB goal, 0 MB stacks, 0 MB globals, 8 P
GC forced
gc 119 @2588.654s 0%: 0.062+45+0.003 ms clock, 0.49+0/89/2.8+0.025 ms cpu, 1614->1614->1614 MB, 3230 MB goal, 0 MB stacks, 0 MB globals, 8 P
GC forced
gc 54 @2642.804s 0%: 0.032+0.53+0.003 ms clock, 0.26+0/1.0/2.6+0.028 ms cpu, 2->2->2 MB, 5 MB goal, 0 MB stacks, 0 MB globals, 8 P
gc 120 @2687.218s 0%: 0.10+24+0.017 ms clock, 0.83+111/47/6.0+0.14 ms cpu, 3227->3230->1617 MB, 3230 MB goal, 0 MB stacks, 0 MB globals, 8 P
GC forced
gc 55 @2762.825s 0%: 0.023+0.50+0.003 ms clock, 0.18+0/0.97/2.5+0.026 ms cpu, 2->2->2 MB, 5 MB goal, 0 MB stacks, 0 MB globals, 8 P
GC forced
gc 121 @2814.382s 0%: 0.041+94+0.003 ms clock, 0.33+0/94/2.1+0.025 ms cpu, 1775->1775->1614 MB, 3234 MB goal, 0 MB stacks, 0 MB globals, 8 P
GC forced
gc 56 @2882.845s 0%: 0.023+0.54+0.002 ms clock, 0.18+0/1.0/2.6+0.016 ms cpu, 2->2->2 MB, 5 MB goal, 0 MB stacks, 0 MB globals, 8 P
GC forced
gc 122 @2981.339s 0%: 0.056+40+0.003 ms clock, 0.45+0/49/47+0.028 ms cpu, 1614->1614->1614 MB, 3230 MB goal, 0 MB stacks, 0 MB globals, 8 P
GC forced
gc 57 @3002.865s 0%: 0.034+0.53+0.002 ms clock, 0.27+0/1.0/2.7+0.020 ms cpu, 2->2->2 MB, 5 MB goal, 0 MB stacks, 0 MB globals, 8 P
GC forced
gc 123 @3101.799s 0%: 0.067+53+0.003 ms clock, 0.53+0/47/54+0.024 ms cpu, 1614->1614->1614 MB, 3229 MB goal, 0 MB stacks, 0 MB globals, 8 P
GC forced
gc 58 @3122.885s 0%: 0.021+0.51+0.002 ms clock, 0.17+0/0.98/2.6+0.021 ms cpu, 2->2->2 MB, 5 MB goal, 0 MB stacks, 0 MB globals, 8 P
gc 124 @3133.466s 0%: 0.072+26+0.002 ms clock, 0.58+8.5/50/104+0.021 ms cpu, 3190->3194->1618 MB, 3229 MB goal, 1 MB stacks, 0 MB globals, 8 P
gc 125 @3142.404s 0%: 0.082+25+0.048 ms clock, 0.65+10/49/106+0.38 ms cpu, 2753->2757->1618 MB, 3239 MB goal, 1 MB stacks, 0 MB globals, 8 P
gc 126 @3155.342s 0%: 0.094+23+0.002 ms clock, 0.75+1.7/43/114+0.018 ms cpu, 3209->3210->1616 MB, 3238 MB goal, 1 MB stacks, 0 MB globals, 8 P
gc 127 @3164.307s 0%: 0.15+26+0.002 ms clock, 1.2+7.4/48/106+0.018 ms cpu, 2749->2753->1619 MB, 3234 MB goal, 1 MB stacks, 0 MB globals, 8 P
gc 128 @3177.284s 0%: 0.067+24+0.003 ms clock, 0.53+1.8/47/110+0.024 ms cpu, 3210->3213->1616 MB, 3239 MB goal, 1 MB stacks, 0 MB globals, 8 P
gc 129 @3186.917s 0%: 0.076+24+0.002 ms clock, 0.61+0.058/47/113+0.020 ms cpu, 2749->2752->1617 MB, 3235 MB goal, 1 MB stacks, 0 MB globals, 8 P
gc 130 @3199.962s 0%: 0.097+25+0.036 ms clock, 0.77+11/46/104+0.29 ms cpu, 3213->3215->1616 MB, 3237 MB goal, 1 MB stacks, 0 MB globals, 8 P
gc 131 @3208.886s 0%: 0.11+25+0.072 ms clock, 0.93+12/48/101+0.57 ms cpu, 2749->2753->1619 MB, 3235 MB goal, 1 MB stacks, 0 MB globals, 8 P
gc 132 @3222.133s 0%: 0.11+26+0.003 ms clock, 0.90+11/51/100+0.024 ms cpu, 3215->3219->1619 MB, 3239 MB goal, 1 MB stacks, 0 MB globals, 8 P
gc 133 @3234.781s 0%: 0.086+25+0.002 ms clock, 0.68+31/49/83+0.017 ms cpu, 3233->3237->1618 MB, 3239 MB goal, 1 MB stacks, 0 MB globals, 8 P
GC forced
gc 59 @3242.906s 0%: 0.024+0.60+0.002 ms clock, 0.19+0/1.1/2.1+0.022 ms cpu, 2->2->2 MB, 5 MB goal, 0 MB stacks, 0 MB globals, 8 P
gc 134 @3248.427s 0%: 0.044+23+0.015 ms clock, 0.35+3.8/44/111+0.12 ms cpu, 3217->3220->1616 MB, 3238 MB goal, 1 MB stacks, 0 MB globals, 8 P
gc 135 @3261.740s 0%: 0.073+23+0.002 ms clock, 0.59+34/43/80+0.020 ms cpu, 3232->3234->1616 MB, 3235 MB goal, 1 MB stacks, 0 MB globals, 8 P
gc 136 @3275.084s 0%: 0.064+25+0.011 ms clock, 0.51+3.1/48/113+0.093 ms cpu, 3218->3221->1618 MB, 3234 MB goal, 1 MB stacks, 0 MB globals, 8 P
gc 137 @3288.028s 0%: 0.088+22+0.074 ms clock, 0.71+7.6/41/108+0.59 ms cpu, 3229->3230->1616 MB, 3237 MB goal, 1 MB stacks, 0 MB globals, 8 P
gc 138 @3300.398s 0%: 0.074+25+0.018 ms clock, 0.59+17/47/96+0.15 ms cpu, 3224->3228->1618 MB, 3233 MB goal, 1 MB stacks, 0 MB globals, 8 P
GC forced
gc 60 @3362.926s 0%: 0.023+0.52+0.002 ms clock, 0.18+0/1.0/2.6+0.017 ms cpu, 2->2->2 MB, 5 MB goal, 0 MB stacks, 0 MB globals, 8 P
GC forced
gc 139 @3420.766s 0%: 0.10+51+0.002 ms clock, 0.82+0/99/3.1+0.023 ms cpu, 2021->2021->1614 MB, 3238 MB goal, 0 MB stacks, 0 MB globals, 8 P
GC forced
gc 61 @3482.946s 0%: 0.024+0.56+0.002 ms clock, 0.19+0/1.0/2.0+0.022 ms cpu, 2->2->2 MB, 5 MB goal, 0 MB stacks, 0 MB globals, 8 P
GC forced
gc 140 @3585.489s 0%: 0.068+50+0.002 ms clock, 0.54+0/52/52+0.023 ms cpu, 1615->1615->1614 MB, 3230 MB goal, 0 MB stacks, 0 MB globals, 8 P
GC forced
gc 62 @3602.966s 0%: 0.022+0.57+0.002 ms clock, 0.17+0/1.0/2.0+0.016 ms cpu, 2->2->2 MB, 5 MB goal, 0 MB stacks, 0 MB globals, 8 P
gc 141 @3631.134s 0%: 0.081+24+0.002 ms clock, 0.65+2.0/47/114+0.017 ms cpu, 3214->3216->1616 MB, 3229 MB goal, 1 MB stacks, 0 MB globals, 8 P
GC forced
gc 63 @3722.987s 0%: 0.024+0.54+0.003 ms clock, 0.19+0/1.0/2.6+0.024 ms cpu, 2->2->2 MB, 5 MB goal, 0 MB stacks, 0 MB globals, 8 P
GC forced
gc 142 @3752.328s 0%: 0.043+47+0.003 ms clock, 0.34+0/93/2.9+0.029 ms cpu, 1687->1687->1614 MB, 3234 MB goal, 0 MB stacks, 0 MB globals, 8 P
GC forced
gc 64 @3843.007s 0%: 0.024+0.52+0.002 ms clock, 0.19+0/0.98/2.6+0.018 ms cpu, 2->2->2 MB, 5 MB goal, 0 MB stacks, 0 MB globals, 8 P
GC forced
gc 143 @3891.740s 0%: 0.074+47+0.003 ms clock, 0.59+0/90/2.5+0.027 ms cpu, 1614->1614->1614 MB, 3230 MB goal, 0 MB stacks, 0 MB globals, 8 P
GC forced
gc 65 @3963.027s 0%: 0.024+0.54+0.002 ms clock, 0.19+0/0.98/2.6+0.018 ms cpu, 2->2->2 MB, 5 MB goal, 0 MB stacks, 0 MB globals, 8 P
GC forced
gc 144 @4021.573s 0%: 0.053+90+0.003 ms clock, 0.42+0/91/2.0+0.025 ms cpu, 1614->1614->1614 MB, 3229 MB goal, 0 MB stacks, 0 MB globals, 8 P
gc 145 @4076.048s 0%: 0.030+25+0.002 ms clock, 0.24+92/47/19+0.020 ms cpu, 3225->3229->1618 MB, 3229 MB goal, 1 MB stacks, 0 MB globals, 8 P
GC forced
gc 66 @4083.047s 0%: 0.032+0.66+0.003 ms clock, 0.25+0/1.2/1.8+0.026 ms cpu, 2->2->2 MB, 5 MB goal, 0 MB stacks, 0 MB globals, 8 P
gc 146 @4088.807s 0%: 0.047+24+0.066 ms clock, 0.37+6.3/46/106+0.53 ms cpu, 3207->3209->1617 MB, 3237 MB goal, 1 MB stacks, 0 MB globals, 8 P
gc 147 @4098.026s 0%: 0.099+26+0.002 ms clock, 0.79+7.8/50/104+0.021 ms cpu, 2749->2754->1619 MB, 3235 MB goal, 1 MB stacks, 0 MB globals, 8 P
gc 148 @4110.903s 0%: 0.13+27+0.012 ms clock, 1.0+7.7/52/106+0.10 ms cpu, 3211->3216->1619 MB, 3240 MB goal, 1 MB stacks, 0 MB globals, 8 P
gc 149 @4123.610s 0%: 0.12+25+0.002 ms clock, 1.0+53/49/61+0.022 ms cpu, 3236->3239->1617 MB, 3240 MB goal, 1 MB stacks, 0 MB globals, 8 P
gc 150 @4136.436s 0%: 0.080+22+0.002 ms clock, 0.64+10/43/105+0.018 ms cpu, 3215->3216->1616 MB, 3236 MB goal, 1 MB stacks, 0 MB globals, 8 P
gc 151 @4146.397s 0%: 0.11+24+0.002 ms clock, 0.93+10/46/102+0.023 ms cpu, 2748->2751->1617 MB, 3233 MB goal, 1 MB stacks, 0 MB globals, 8 P
gc 152 @4159.059s 0%: 0.12+24+0.002 ms clock, 1.0+3.9/46/110+0.017 ms cpu, 3215->3217->1616 MB, 3236 MB goal, 1 MB stacks, 0 MB globals, 8 P
gc 153 @4171.817s 0%: 0.054+23+0.027 ms clock, 0.43+87/43/31+0.21 ms cpu, 3234->3235->1615 MB, 3234 MB goal, 1 MB stacks, 0 MB globals, 8 P
gc 154 @4185.127s 0%: 0.097+25+0.057 ms clock, 0.78+10/49/100+0.45 ms cpu, 3217->3221->1619 MB, 3232 MB goal, 1 MB stacks, 0 MB globals, 8 P
gc 155 @4197.595s 0%: 0.057+27+0.061 ms clock, 0.46+15/52/93+0.49 ms cpu, 3228->3233->1619 MB, 3240 MB goal, 1 MB stacks, 0 MB globals, 8 P
GC forced
gc 67 @4203.068s 0%: 0.025+0.58+0.002 ms clock, 0.20+0/1.0/2.5+0.018 ms cpu, 2->2->2 MB, 5 MB goal, 0 MB stacks, 0 MB globals, 8 P
gc 156 @4210.669s 0%: 0.11+27+0.002 ms clock, 0.95+13/48/104+0.018 ms cpu, 3225->3229->1619 MB, 3240 MB goal, 1 MB stacks, 0 MB globals, 8 P
gc 157 @4224.055s 0%: 0.094+25+0.010 ms clock, 0.75+8.3/49/99+0.087 ms cpu, 3227->3231->1618 MB, 3239 MB goal, 1 MB stacks, 0 MB globals, 8 P
GC forced
gc 68 @4323.088s 0%: 0.023+0.50+0.003 ms clock, 0.18+0/0.97/2.6+0.024 ms cpu, 2->2->2 MB, 5 MB goal, 0 MB stacks, 0 MB globals, 8 P
GC forced
gc 158 @4394.333s 0%: 0.087+50+0.003 ms clock, 0.69+0/47/52+0.029 ms cpu, 3059->3059->1614 MB, 3238 MB goal, 0 MB stacks, 0 MB globals, 8 P
GC forced
gc 69 @4443.108s 0%: 0.023+0.55+0.003 ms clock, 0.19+0/1.0/2.6+0.027 ms cpu, 2->2->2 MB, 5 MB goal, 0 MB stacks, 0 MB globals, 8 P
GC forced
gc 159 @4514.519s 0%: 0.084+48+0.002 ms clock, 0.67+0/95/2.7+0.022 ms cpu, 1614->1614->1614 MB, 3230 MB goal, 0 MB stacks, 0 MB globals, 8 P
GC forced
gc 70 @4563.129s 0%: 0.022+0.53+0.002 ms clock, 0.18+0/1.0/2.6+0.020 ms cpu, 2->2->2 MB, 5 MB goal, 0 MB stacks, 0 MB globals, 8 P
gc 160 @4577.936s 0%: 0.094+23+0.012 ms clock, 0.75+2.3/44/111+0.097 ms cpu, 3217->3218->1616 MB, 3229 MB goal, 1 MB stacks, 0 MB globals, 8 P
GC forced
gc 71 @4683.149s 0%: 0.023+0.50+0.002 ms clock, 0.19+0/0.97/2.6+0.023 ms cpu, 2->2->2 MB, 5 MB goal, 0 MB stacks, 0 MB globals, 8 P
GC forced
gc 161 @4724.121s 0%: 0.054+56+0.002 ms clock, 0.43+0/62/57+0.023 ms cpu, 1660->1660->1614 MB, 3233 MB goal, 0 MB stacks, 0 MB globals, 8 P
GC forced
gc 72 @4803.169s 0%: 0.022+0.53+0.002 ms clock, 0.17+0/0.97/2.6+0.019 ms cpu, 2->2->2 MB, 5 MB goal, 0 MB stacks, 0 MB globals, 8 P
GC forced
gc 162 @4858.081s 0%: 0.056+48+0.002 ms clock, 0.45+0/42/49+0.022 ms cpu, 1614->1614->1614 MB, 3230 MB goal, 0 MB stacks, 0 MB globals, 8 P
GC forced
gc 73 @4923.189s 0%: 0.024+0.54+0.003 ms clock, 0.19+0/0.98/2.7+0.024 ms cpu, 2->2->2 MB, 5 MB goal, 0 MB stacks, 0 MB globals, 8 P
GC forced
gc 163 @4978.251s 0%: 0.044+80+0.003 ms clock, 0.35+0/80/1.8+0.028 ms cpu, 1614->1614->1614 MB, 3229 MB goal, 0 MB stacks, 0 MB globals, 8 P
GC forced
gc 74 @5043.210s 0%: 0.025+0.59+0.002 ms clock, 0.20+0/1.1/1.9+0.019 ms cpu, 2->2->2 MB, 5 MB goal, 0 MB stacks, 0 MB globals, 8 P
