gc 1 @0.002s 4%: 0.071+0.72+0.011 ms clock, 0.57+0.35/0.28/0+0.088 ms cpu, 4->4->0 MB, 4 MB goal, 0 MB stacks, 0 MB globals, 8 P
gc 2 @0.005s 5%: 0.043+0.39+0.018 ms clock, 0.34+0.24/0.49/0.009+0.14 ms cpu, 4->4->0 MB, 4 MB goal, 0 MB stacks, 0 MB globals, 8 P
gc 3 @0.007s 6%: 0.054+0.35+0.022 ms clock, 0.43+0.59/0.33/0+0.17 ms cpu, 4->4->0 MB, 4 MB goal, 0 MB stacks, 0 MB globals, 8 P
gc 4 @0.008s 7%: 0.032+0.29+0.015 ms clock, 0.25+0.49/0.27/0+0.12 ms cpu, 4->4->0 MB, 4 MB goal, 0 MB stacks, 0 MB globals, 8 P
gc 5 @0.010s 7%: 0.032+0.19+0.007 ms clock, 0.25+0.42/0.28/0.014+0.059 ms cpu, 4->4->0 MB, 4 MB goal, 0 MB stacks, 0 MB globals, 8 P
gc 6 @0.012s 7%: 0.040+0.34+0.019 ms clock, 0.32+0.68/0.49/0+0.15 ms cpu, 4->4->0 MB, 4 MB goal, 0 MB stacks, 0 MB globals, 8 P
gc 7 @0.014s 8%: 0.035+0.34+0.011 ms clock, 0.28+0.77/0.50/0.14+0.088 ms cpu, 4->4->0 MB, 4 MB goal, 0 MB stacks, 0 MB globals, 8 P
gc 8 @0.015s 8%: 0.037+0.39+0.021 ms clock, 0.30+0.68/0.59/0+0.17 ms cpu, 4->4->1 MB, 4 MB goal, 0 MB stacks, 0 MB globals, 8 P
gc 9 @0.017s 8%: 0.031+0.48+0.012 ms clock, 0.25+0.70/0.70/0.19+0.097 ms cpu, 4->4->1 MB, 4 MB goal, 0 MB stacks, 0 MB globals, 8 P
gc 10 @0.020s 8%: 0.030+0.42+0.013 ms clock, 0.24+0.26/0.68/0.82+0.11 ms cpu, 4->4->1 MB, 4 MB goal, 0 MB stacks, 0 MB globals, 8 P
gc 11 @0.021s 9%: 0.033+0.51+0.004 ms clock, 0.26+0.88/0.86/0.28+0.035 ms cpu, 4->4->1 MB, 4 MB goal, 0 MB stacks, 0 MB globals, 8 P
gc 12 @0.024s 8%: 0.022+0.43+0.010 ms clock, 0.17+0.27/0.72/1.0+0.083 ms cpu, 4->4->1 MB, 4 MB goal, 0 MB stacks, 0 MB globals, 8 P
gc 13 @0.026s 8%: 0.027+0.45+0.054 ms clock, 0.22+0.47/0.72/0.92+0.43 ms cpu, 4->4->1 MB, 4 MB goal, 0 MB stacks, 0 MB globals, 8 P
gc 14 @0.027s 9%: 0.032+0.40+0.009 ms clock, 0.26+1.5/0.64/0+0.079 ms cpu, 4->4->1 MB, 4 MB goal, 0 MB stacks, 0 MB globals, 8 P
gc 15 @0.029s 10%: 0.037+0.55+0.023 ms clock, 0.29+1.7/0.80/0+0.19 ms cpu, 4->4->1 MB, 4 MB goal, 0 MB stacks, 0 MB globals, 8 P
gc 16 @0.030s 10%: 0.037+0.68+0.034 ms clock, 0.30+0.98/1.0/0.40+0.27 ms cpu, 4->4->1 MB, 4 MB goal, 0 MB stacks, 0 MB globals, 8 P
gc 17 @0.032s 11%: 0.037+0.63+0.031 ms clock, 0.29+1.6/1.0/0+0.24 ms cpu, 4->4->2 MB, 4 MB goal, 0 MB stacks, 0 MB globals, 8 P
gc 18 @0.035s 11%: 0.013+0.51+0.011 ms clock, 0.10+0.046/0.90/2.1+0.093 ms cpu, 4->4->1 MB, 4 MB goal, 0 MB stacks, 0 MB globals, 8 P
gc 19 @0.040s 10%: 0.044+1.2+0.024 ms clock, 0.35+1.0/1.7/0.024+0.19 ms cpu, 4->4->2 MB, 4 MB goal, 0 MB stacks, 0 MB globals, 8 P
gc 20 @0.043s 10%: 0.037+0.70+0.002 ms clock, 0.30+0.20/1.2/1.5+0.016 ms cpu, 4->5->2 MB, 5 MB goal, 0 MB stacks, 0 MB globals, 8 P
gc 21 @0.044s 10%: 0.038+0.67+0.022 ms clock, 0.30+0.13/1.1/1.8+0.18 ms cpu, 5->6->3 MB, 6 MB goal, 0 MB stacks, 0 MB globals, 8 P
gc 22 @0.049s 10%: 0.016+0.91+0.012 ms clock, 0.13+0.10/1.5/0.86+0.10 ms cpu, 5->6->2 MB, 6 MB goal, 0 MB stacks, 0 MB globals, 8 P
gc 23 @0.051s 10%: 0.14+1.1+0.055 ms clock, 1.1+1.1/1.7/0.80+0.44 ms cpu, 4->6->3 MB, 5 MB goal, 0 MB stacks, 0 MB globals, 8 P
gc 24 @0.054s 10%: 0.037+0.77+0.012 ms clock, 0.30+0.55/1.2/1.2+0.096 ms cpu, 6->8->3 MB, 7 MB goal, 0 MB stacks, 0 MB globals, 8 P
gc 25 @0.055s 10%: 0.012+0.59+0.010 ms clock, 0.096+0.19/1.0/1.9+0.080 ms cpu, 6->7->2 MB, 8 MB goal, 0 MB stacks, 0 MB globals, 8 P
gc 26 @0.057s 11%: 0.092+1.1+0.011 ms clock, 0.73+1.7/1.9/0+0.094 ms cpu, 4->5->3 MB, 5 MB goal, 0 MB stacks, 0 MB globals, 8 P
gc 27 @0.059s 11%: 0.13+0.93+0.003 ms clock, 1.0+1.0/1.5/0.66+0.025 ms cpu, 5->6->3 MB, 6 MB goal, 0 MB stacks, 0 MB globals, 8 P
gc 28 @0.061s 11%: 0.070+0.66+0.002 ms clock, 0.56+0.085/1.0/2.0+0.017 ms cpu, 6->6->2 MB, 7 MB goal, 0 MB stacks, 0 MB globals, 8 P
gc 29 @0.066s 11%: 0.012+0.55+0.002 ms clock, 0.097+0.035/0.99/1.9+0.017 ms cpu, 4->5->2 MB, 5 MB goal, 0 MB stacks, 0 MB globals, 8 P
# benchmark
gc 1 @0.005s 3%: 0.008+0.85+0.011 ms clock, 0.067+0.17/1.3/1.2+0.095 ms cpu, 4->4->3 MB, 4 MB goal, 0 MB stacks, 0 MB globals, 8 P
gc 2 @0.023s 1%: 0.016+1.0+0.010 ms clock, 0.13+0.13/1.6/3.8+0.085 ms cpu, 6->6->4 MB, 6 MB goal, 0 MB stacks, 0 MB globals, 8 P
gc 3 @0.032s 2%: 0.013+1.2+0.009 ms clock, 0.11+0.13/2.2/4.4+0.077 ms cpu, 10->10->7 MB, 10 MB goal, 0 MB stacks, 0 MB globals, 8 P
note: module requires Go 1.24
# benchmark
gc 1 @0.001s 8%: 0.008+0.87+0.012 ms clock, 0.070+0.24/0.90/0.35+0.10 ms cpu, 4->7->5 MB, 4 MB goal, 0 MB stacks, 0 MB globals, 8 P
gc 2 @0.005s 4%: 0.007+0.88+0.001 ms clock, 0.060+0.041/0.82/1.1+0.015 ms cpu, 11->12->10 MB, 12 MB goal, 0 MB stacks, 0 MB globals, 8 P
gc 3 @0.034s 1%: 0.019+0.96+0.010 ms clock, 0.15+0/1.2/1.5+0.085 ms cpu, 18->19->12 MB, 21 MB goal, 0 MB stacks, 0 MB globals, 8 P
gc 4 @0.092s 1%: 0.021+0.90+0.95 ms clock, 0.16+0.096/1.4/1.4+7.6 ms cpu, 21->23->16 MB, 24 MB goal, 0 MB stacks, 0 MB globals, 8 P
gc 1 @0.998s 0%: 0.020+0.36+0.054 ms clock, 0.16+0.33/0.52/0.17+0.43 ms cpu, 4->4->1 MB, 4 MB goal, 0 MB stacks, 0 MB globals, 8 P
gc 2 @1.045s 0%: 0.024+0.24+0.009 ms clock, 0.19+0.11/0.34/0.70+0.075 ms cpu, 4->4->1 MB, 4 MB goal, 0 MB stacks, 0 MB globals, 8 P
gc 3 @1.082s 0%: 0.017+0.32+0.030 ms clock, 0.14+0.23/0.32/0.81+0.24 ms cpu, 4->4->1 MB, 4 MB goal, 0 MB stacks, 0 MB globals, 8 P
gc 4 @1.131s 0%: 0.019+0.30+0.003 ms clock, 0.15+0.27/0.34/0.65+0.030 ms cpu, 4->4->1 MB, 4 MB goal, 0 MB stacks, 0 MB globals, 8 P
gc 5 @1.163s 0%: 0.076+0.22+0.002 ms clock, 0.61+0.10/0.35/0.76+0.020 ms cpu, 4->4->2 MB, 4 MB goal, 0 MB stacks, 0 MB globals, 8 P
gc 6 @1.200s 0%: 0.044+0.25+0.002 ms clock, 0.35+0.11/0.34/0.73+0.021 ms cpu, 4->4->2 MB, 4 MB goal, 0 MB stacks, 0 MB globals, 8 P
gc 7 @1.259s 0%: 0.088+0.25+0.011 ms clock, 0.70+0.35/0.39/0.46+0.090 ms cpu, 5->5->2 MB, 5 MB goal, 0 MB stacks, 0 MB globals, 8 P
gc 8 @1.293s 0%: 0.076+0.21+0.012 ms clock, 0.61+0.17/0.30/0.65+0.10 ms cpu, 5->5->2 MB, 5 MB goal, 0 MB stacks, 0 MB globals, 8 P
gc 9 @1.326s 0%: 0.026+0.31+0.002 ms clock, 0.21+0.28/0.43/0.43+0.020 ms cpu, 5->5->3 MB, 6 MB goal, 0 MB stacks, 0 MB globals, 8 P
gc 10 @1.411s 0%: 0.018+0.24+0.002 ms clock, 0.15+0.10/0.28/0.67+0.017 ms cpu, 6->6->3 MB, 6 MB goal, 0 MB stacks, 0 MB globals, 8 P
gc 11 @1.460s 0%: 0.077+0.26+0.001 ms clock, 0.61+0.18/0.46/0.63+0.015 ms cpu, 6->6->3 MB, 7 MB goal, 0 MB stacks, 0 MB globals, 8 P
gc 12 @1.535s 0%: 0.080+0.26+0.002 ms clock, 0.64+0.18/0.33/0.75+0.018 ms cpu, 7->7->4 MB, 8 MB goal, 0 MB stacks, 0 MB globals, 8 P
gc 13 @1.605s 0%: 0.048+0.32+0.002 ms clock, 0.38+0.42/0.37/0.36+0.019 ms cpu, 7->8->4 MB, 9 MB goal, 0 MB stacks, 0 MB globals, 8 P
gc 14 @1.690s 0%: 0.023+0.28+0.001 ms clock, 0.18+0.11/0.33/0.87+0.015 ms cpu, 8->8->5 MB, 10 MB goal, 0 MB stacks, 0 MB globals, 8 P
gc 15 @1.764s 0%: 0.021+0.38+0.001 ms clock, 0.17+0.13/0.55/0.82+0.015 ms cpu, 9->9->5 MB, 10 MB goal, 0 MB stacks, 0 MB globals, 8 P
gc 16 @1.876s 0%: 0.028+0.35+0.057 ms clock, 0.22+0.58/0.51/0.29+0.46 ms cpu, 10->11->6 MB, 12 MB goal, 0 MB stacks, 0 MB globals, 8 P
gc 17 @2.044s 0%: 0.022+0.32+0.001 ms clock, 0.17+0.17/0.31/0.89+0.015 ms cpu, 12->12->7 MB, 13 MB goal, 0 MB stacks, 0 MB globals, 8 P
gc 18 @2.213s 0%: 0.031+0.45+0.001 ms clock, 0.24+0.38/0.43/0.45+0.015 ms cpu, 14->14->8 MB, 14 MB goal, 0 MB stacks, 0 MB globals, 8 P
gc 19 @2.422s 0%: 0.023+0.34+0.001 ms clock, 0.18+0.10/0.30/0.97+0.014 ms cpu, 16->16->9 MB, 17 MB goal, 0 MB stacks, 0 MB globals, 8 P
gc 20 @2.573s 0%: 0.023+0.45+0.001 ms clock, 0.18+0.11/0.55/0.83+0.015 ms cpu, 16->16->10 MB, 19 MB goal, 0 MB stacks, 0 MB globals, 8 P
gc 21 @2.840s 0%: 0.022+0.40+0.002 ms clock, 0.17+0.083/0.34/1.0+0.017 ms cpu, 20->20->11 MB, 21 MB goal, 0 MB stacks, 0 MB globals, 8 P
gc 22 @3.050s 0%: 0.021+0.42+0.002 ms clock, 0.17+0.091/0.55/0.76+0.016 ms cpu, 20->20->12 MB, 24 MB goal, 0 MB stacks, 0 MB globals, 8 P
gc 23 @3.380s 0%: 0.060+0.52+0.001 ms clock, 0.48+0.41/0.63/0.52+0.014 ms cpu, 26->26->14 MB, 26 MB goal, 0 MB stacks, 0 MB globals, 8 P
gc 24 @3.742s 0%: 0.023+0.52+0.001 ms clock, 0.19+0.10/0.31/1.1+0.015 ms cpu, 29->29->17 MB, 30 MB goal, 0 MB stacks, 0 MB globals, 8 P
gc 25 @4.035s 0%: 0.025+0.74+0.002 ms clock, 0.20+0.10/0.92/0.76+0.017 ms cpu, 29->29->19 MB, 34 MB goal, 0 MB stacks, 0 MB globals, 8 P
gc 26 @4.513s 0%: 0.043+0.65+0.001 ms clock, 0.34+0.48/0.95/0.53+0.014 ms cpu, 38->38->21 MB, 39 MB goal, 0 MB stacks, 0 MB globals, 8 P
gc 27 @5.142s 0%: 0.082+0.75+0.002 ms clock, 0.65+0.29/0.77/0.81+0.016 ms cpu, 44->44->25 MB, 44 MB goal, 0 MB stacks, 0 MB globals, 8 P
gc 28 @5.815s 0%: 0.027+0.93+0.005 ms clock, 0.21+0.10/1.1/1.0+0.041 ms cpu, 51->51->29 MB, 51 MB goal, 0 MB stacks, 0 MB globals, 8 P
gc 29 @6.637s 0%: 0.030+1.1+0.001 ms clock, 0.24+0.11/0.85/1.2+0.015 ms cpu, 59->59->34 MB, 59 MB goal, 0 MB stacks, 0 MB globals, 8 P
gc 30 @7.550s 0%: 0.089+1.2+0.002 ms clock, 0.71+0.15/0.44/1.8+0.017 ms cpu, 68->68->39 MB, 68 MB goal, 0 MB stacks, 0 MB globals, 8 P
gc 31 @8.599s 0%: 0.031+1.2+0.002 ms clock, 0.24+0.19/1.8/1.3+0.019 ms cpu, 79->79->45 MB, 80 MB goal, 0 MB stacks, 0 MB globals, 8 P
gc 32 @9.869s 0%: 0.055+1.4+0.013 ms clock, 0.44+0.21/2.1/1.1+0.10 ms cpu, 92->92->53 MB, 92 MB goal, 0 MB stacks, 0 MB globals, 8 P
gc 33 @11.349s 0%: 0.025+1.8+0.002 ms clock, 0.20+0.20/2.0/1.2+0.017 ms cpu, 106->106->61 MB, 106 MB goal, 0 MB stacks, 0 MB globals, 8 P
gc 34 @12.975s 0%: 0.090+1.9+0.002 ms clock, 0.72+0.13/2.2/2.5+0.016 ms cpu, 123->123->73 MB, 123 MB goal, 0 MB stacks, 0 MB globals, 8 P
gc 35 @15.017s 0%: 0.091+2.1+0.002 ms clock, 0.73+0.11/3.2/2.3+0.017 ms cpu, 146->147->83 MB, 147 MB goal, 0 MB stacks, 0 MB globals, 8 P
gc 36 @17.364s 0%: 0.054+2.1+0.002 ms clock, 0.43+0.16/3.5/2.2+0.017 ms cpu, 168->168->97 MB, 168 MB goal, 0 MB stacks, 0 MB globals, 8 P
gc 37 @20.100s 0%: 0.044+2.7+0.002 ms clock, 0.35+0.14/3.6/3.0+0.016 ms cpu, 195->195->113 MB, 195 MB goal, 0 MB stacks, 0 MB globals, 8 P
gc 38 @23.225s 0%: 0.039+3.3+0.001 ms clock, 0.31+0.10/2.2/5.1+0.015 ms cpu, 226->226->131 MB, 227 MB goal, 0 MB stacks, 0 MB globals, 8 P
gc 39 @26.735s 0%: 0.039+2.5+0.002 ms clock, 0.31+0.15/3.9/7.4+0.016 ms cpu, 264->264->154 MB, 264 MB goal, 0 MB stacks, 0 MB globals, 8 P
gc 40 @30.967s 0%: 0.036+3.7+0.003 ms clock, 0.29+0.081/6.0/5.0+0.025 ms cpu, 309->309->179 MB, 310 MB goal, 0 MB stacks, 0 MB globals, 8 P
gc 41 @35.917s 0%: 0.040+4.0+0.002 ms clock, 0.32+0.22/2.8/9.6+0.017 ms cpu, 359->360->209 MB, 360 MB goal, 0 MB stacks, 0 MB globals, 8 P
gc 42 @41.557s 0%: 0.061+4.4+0.002 ms clock, 0.48+0.15/5.8/10+0.017 ms cpu, 418->418->244 MB, 420 MB goal, 0 MB stacks, 0 MB globals, 8 P
gc 43 @47.818s 0%: 0.068+4.7+0.002 ms clock, 0.54+0.44/7.3/16+0.021 ms cpu, 488->488->291 MB, 488 MB goal, 0 MB stacks, 0 MB globals, 8 P
gc 44 @55.604s 0%: 0.041+6.1+0.002 ms clock, 0.33+0.16/9.6/13+0.020 ms cpu, 581->582->334 MB, 583 MB goal, 0 MB stacks, 0 MB globals, 8 P
gc 45 @64.502s 0%: 0.045+5.4+0.002 ms clock, 0.36+1.1/8.4/19+0.019 ms cpu, 667->668->389 MB, 669 MB goal, 0 MB stacks, 0 MB globals, 8 P
gc 46 @74.865s 0%: 0.042+6.6+0.002 ms clock, 0.33+0.085/11/21+0.019 ms cpu, 777->777->452 MB, 778 MB goal, 0 MB stacks, 0 MB globals, 8 P
gc 47 @86.703s 0%: 0.094+7.9+0.002 ms clock, 0.75+3.8/11/24+0.017 ms cpu, 905->905->528 MB, 906 MB goal, 0 MB stacks, 0 MB globals, 8 P
gc 48 @99.822s 0%: 0.040+8.1+0.002 ms clock, 0.32+1.6/14/35+0.019 ms cpu, 1055->1055->619 MB, 1057 MB goal, 0 MB stacks, 0 MB globals, 8 P
gc 49 @115.616s 0%: 0.045+9.8+0.002 ms clock, 0.36+0.14/16/41+0.021 ms cpu, 1238->1239->722 MB, 1240 MB goal, 0 MB stacks, 0 MB globals, 8 P
GC forced
gc 30 @120.233s 0%: 0.023+0.57+0.002 ms clock, 0.18+0/1.0/2.3+0.017 ms cpu, 3->3->2 MB, 5 MB goal, 0 MB stacks, 0 MB globals, 8 P
gc 50 @133.563s 0%: 0.048+10+0.002 ms clock, 0.38+1.2/18/50+0.022 ms cpu, 1442->1442->841 MB, 1445 MB goal, 0 MB stacks, 0 MB globals, 8 P
gc 51 @154.041s 0%: 0.066+13+0.002 ms clock, 0.53+5.6/23/49+0.016 ms cpu, 1681->1682->981 MB, 1683 MB goal, 0 MB stacks, 0 MB globals, 8 P
gc 52 @176.870s 0%: 0.055+16+0.002 ms clock, 0.44+0.073/30/83+0.018 ms cpu, 1960->1961->1172 MB, 1964 MB goal, 0 MB stacks, 0 MB globals, 8 P
gc 53 @204.891s 0%: 0.046+18+0.002 ms clock, 0.36+8.4/32/81+0.018 ms cpu, 2344->2345->1347 MB, 2345 MB goal, 0 MB stacks, 0 MB globals, 8 P
gc 54 @236.167s 0%: 0.057+21+0.002 ms clock, 0.45+3.6/39/97+0.022 ms cpu, 2689->2690->1569 MB, 2695 MB goal, 0 MB stacks, 0 MB globals, 8 P
GC forced
gc 31 @241.235s 0%: 0.024+0.58+0.002 ms clock, 0.19+0/1.1/2.0+0.022 ms cpu, 2->2->2 MB, 5 MB goal, 0 MB stacks, 0 MB globals, 8 P
gc 55 @258.687s 0%: 0.047+22+0.002 ms clock, 0.38+11/41/98+0.018 ms cpu, 3135->3136->1618 MB, 3140 MB goal, 0 MB stacks, 0 MB globals, 8 P
gc 56 @279.850s 0%: 0.055+23+0.002 ms clock, 0.44+2.0/45/114+0.020 ms cpu, 3233->3235->1619 MB, 3238 MB goal, 0 MB stacks, 0 MB globals, 8 P
gc 57 @301.355s 0%: 0.076+24+0.002 ms clock, 0.61+0.063/44/103+0.021 ms cpu, 3233->3234->1620 MB, 3240 MB goal, 0 MB stacks, 0 MB globals, 8 P
gc 58 @323.114s 0%: 0.073+23+0.061 ms clock, 0.58+106/44/0.36+0.49 ms cpu, 3239->3241->1622 MB, 3240 MB goal, 0 MB stacks, 0 MB globals, 8 P
gc 59 @344.635s 0%: 0.082+22+0.002 ms clock, 0.65+0.061/41/117+0.017 ms cpu, 3215->3217->1619 MB, 3245 MB goal, 0 MB stacks, 0 MB globals, 8 P
gc 60 @359.825s 0%: 0.093+23+0.002 ms clock, 0.74+0.34/41/113+0.019 ms cpu, 2754->2756->1621 MB, 3240 MB goal, 0 MB stacks, 0 MB globals, 8 P
GC forced
gc 32 @361.236s 0%: 0.028+0.63+0.002 ms clock, 0.22+0/1.1/3.0+0.019 ms cpu, 2->2->2 MB, 5 MB goal, 0 MB stacks, 0 MB globals, 8 P
gc 61 @381.493s 0%: 0.053+22+0.037 ms clock, 0.43+1.5/42/109+0.29 ms cpu, 3220->3222->1620 MB, 3243 MB goal, 0 MB stacks, 0 MB globals, 8 P
gc 62 @396.851s 0%: 0.075+22+0.002 ms clock, 0.60+2.4/41/109+0.020 ms cpu, 2755->2757->1620 MB, 3242 MB goal, 0 MB stacks, 0 MB globals, 8 P
gc 63 @418.524s 0%: 0.040+22+0.002 ms clock, 0.32+0.089/44/110+0.018 ms cpu, 3225->3227->1621 MB, 3242 MB goal, 0 MB stacks, 0 MB globals, 8 P
gc 64 @440.751s 0%: 0.073+21+0.049 ms clock, 0.58+111/39/2.6+0.39 ms cpu, 3242->3243->1621 MB, 3243 MB goal, 0 MB stacks, 0 MB globals, 8 P
gc 65 @462.012s 0%: 0.10+23+0.002 ms clock, 0.80+8.6/42/102+0.020 ms cpu, 3224->3227->1623 MB, 3243 MB goal, 0 MB stacks, 0 MB globals, 8 P
GC forced
gc 33 @481.237s 0%: 0.024+0.55+0.002 ms clock, 0.19+0/1.0/2.6+0.019 ms cpu, 2->2->2 MB, 5 MB goal, 0 MB stacks, 0 MB globals, 8 P
gc 66 @483.743s 0%: 0.080+21+0.002 ms clock, 0.64+31/39/82+0.022 ms cpu, 3247->3248->1621 MB, 3248 MB goal, 0 MB stacks, 0 MB globals, 8 P
gc 67 @505.466s 0%: 0.082+25+0.002 ms clock, 0.65+1.2/44/105+0.019 ms cpu, 3233->3235->1622 MB, 3243 MB goal, 0 MB stacks, 0 MB globals, 8 P
gc 68 @527.254s 0%: 0.10+22+0.002 ms clock, 0.80+110/42/6.3+0.021 ms cpu, 3242->3244->1622 MB, 3244 MB goal, 0 MB stacks, 0 MB globals, 8 P
gc 69 @548.457s 0%: 0.066+22+0.002 ms clock, 0.53+2.6/42/107+0.017 ms cpu, 3206->3208->1623 MB, 3246 MB goal, 0 MB stacks, 0 MB globals, 8 P
gc 70 @563.657s 0%: 0.041+24+0.002 ms clock, 0.32+5.9/45/110+0.018 ms cpu, 2760->2763->1625 MB, 3248 MB goal, 0 MB stacks, 0 MB globals, 8 P
gc 71 @585.277s 0%: 0.10+23+0.002 ms clock, 0.80+3.6/45/105+0.020 ms cpu, 3220->3223->1623 MB, 3251 MB goal, 0 MB stacks, 0 MB globals, 8 P
gc 72 @600.601s 0%: 0.11+22+0.063 ms clock, 0.91+6.8/41/106+0.50 ms cpu, 2760->2762->1624 MB, 3247 MB goal, 0 MB stacks, 0 MB globals, 8 P
GC forced
gc 34 @601.238s 0%: 0.023+0.52+0.002 ms clock, 0.18+0/0.99/2.7+0.019 ms cpu, 2->2->2 MB, 5 MB goal, 0 MB stacks, 0 MB globals, 8 P
gc 73 @624.730s 0%: 0.072+24+0.002 ms clock, 0.57+10/46/107+0.018 ms cpu, 3227->3229->1624 MB, 3249 MB goal, 0 MB stacks, 0 MB globals, 8 P
gc 74 @634.459s 0%: 0.073+24+0.078 ms clock, 0.58+6.5/44/108+0.62 ms cpu, 2762->2764->1624 MB, 3250 MB goal, 0 MB stacks, 0 MB globals, 8 P
gc 75 @648.464s 0%: 0.11+24+0.023 ms clock, 0.95+13/46/101+0.19 ms cpu, 3233->3235->1624 MB, 3249 MB goal, 0 MB stacks, 0 MB globals, 8 P
gc 76 @662.265s 0%: 0.10+24+0.018 ms clock, 0.80+107/47/4.9+0.14 ms cpu, 3247->3249->1625 MB, 3249 MB goal, 0 MB stacks, 0 MB globals, 8 P
gc 77 @676.230s 0%: 0.074+25+0.016 ms clock, 0.59+12/47/104+0.12 ms cpu, 3215->3218->1625 MB, 3251 MB goal, 0 MB stacks, 0 MB globals, 8 P
gc 78 @685.219s 0%: 0.12+24+0.003 ms clock, 1.0+5.2/47/112+0.024 ms cpu, 2764->2765->1624 MB, 3252 MB goal, 0 MB stacks, 0 MB globals, 8 P
gc 79 @698.904s 0%: 0.082+24+0.021 ms clock, 0.65+8.7/46/106+0.16 ms cpu, 3227->3229->1624 MB, 3249 MB goal, 0 MB stacks, 0 MB globals, 8 P
gc 80 @709.958s 0%: 0.084+24+0.002 ms clock, 0.67+11/46/101+0.018 ms cpu, 2762->2764->1625 MB, 3249 MB goal, 0 MB stacks, 0 MB globals, 8 P
GC forced
gc 35 @721.239s 0%: 0.036+0.55+0.002 ms clock, 0.28+0/1.0/2.7+0.017 ms cpu, 2->2->2 MB, 5 MB goal, 0 MB stacks, 0 MB globals, 8 P
GC forced
gc 81 @839.945s 0%: 0.087+46+0.003 ms clock, 0.70+0/90/3.3+0.027 ms cpu, 2788->2788->1622 MB, 3251 MB goal, 0 MB stacks, 0 MB globals, 8 P
GC forced
gc 36 @841.240s 0%: 0.022+0.52+0.002 ms clock, 0.17+0/1.0/2.6+0.019 ms cpu, 2->2->2 MB, 5 MB goal, 0 MB stacks, 0 MB globals, 8 P
GC forced
gc 82 @960.107s 0%: 0.056+55+0.003 ms clock, 0.45+0/50/56+0.027 ms cpu, 1622->1622->1622 MB, 3245 MB goal, 0 MB stacks, 0 MB globals, 8 P
GC forced
gc 37 @961.242s 0%: 0.034+0.58+0.002 ms clock, 0.27+0/1.0/2.8+0.023 ms cpu, 2->2->2 MB, 5 MB goal, 0 MB stacks, 0 MB globals, 8 P
GC forced
gc 38 @1081.246s 0%: 0.022+0.53+0.002 ms clock, 0.18+0/1.0/2.5+0.022 ms cpu, 2->2->2 MB, 5 MB goal, 0 MB stacks, 0 MB globals, 8 P
GC forced
gc 83 @1088.535s 0%: 0.090+36+0.003 ms clock, 0.72+0/67/55+0.027 ms cpu, 2762->2762->1622 MB, 3245 MB goal, 0 MB stacks, 0 MB globals, 8 P
GC forced
gc 39 @1201.262s 0%: 0.022+0.54+0.002 ms clock, 0.17+0/1.0/1.9+0.018 ms cpu, 2->2->2 MB, 5 MB goal, 0 MB stacks, 0 MB globals, 8 P
GC forced
gc 84 @1253.453s 0%: 0.049+48+0.003 ms clock, 0.39+0/47/49+0.025 ms cpu, 1623->1623->1622 MB, 3245 MB goal, 0 MB stacks, 0 MB globals, 8 P
GC forced
gc 40 @1321.282s 0%: 0.034+0.52+0.002 ms clock, 0.27+0/0.99/2.6+0.021 ms cpu, 2->2->2 MB, 5 MB goal, 0 MB stacks, 0 MB globals, 8 P
GC forced
gc 85 @1411.617s 0%: 0.051+31+0.003 ms clock, 0.41+0/59/46+0.024 ms cpu, 1622->1622->1622 MB, 3245 MB goal, 0 MB stacks, 0 MB globals, 8 P
GC forced
gc 41 @1441.302s 0%: 0.024+0.54+0.002 ms clock, 0.19+0/1.0/2.7+0.023 ms cpu, 2->2->2 MB, 5 MB goal, 0 MB stacks, 0 MB globals, 8 P
GC forced
gc 86 @1531.648s 0%: 0.11+25+0.002 ms clock, 0.88+7.0/48/107+0.020 ms cpu, 3109->3113->1626 MB, 3245 MB goal, 1 MB stacks, 0 MB globals, 8 P
gc 87 @1544.816s 0%: 0.069+24+0.002 ms clock, 0.55+3.0/47/113+0.021 ms cpu, 3235->3237->1624 MB, 3254 MB goal, 1 MB stacks, 0 MB globals, 8 P
gc 88 @1558.148s 0%: 0.088+22+0.006 ms clock, 0.70+117/43/0.80+0.054 ms cpu, 3249->3250->1623 MB, 3250 MB goal, 1 MB stacks, 0 MB globals, 8 P
GC forced
gc 42 @1561.323s 0%: 0.032+0.59+0.002 ms clock, 0.26+0/1.1/2.5+0.019 ms cpu, 2->2->2 MB, 5 MB goal, 0 MB stacks, 0 MB globals, 8 P
gc 89 @1571.477s 0%: 0.11+26+0.002 ms clock, 0.94+11/51/96+0.018 ms cpu, 3216->3221->1627 MB, 3248 MB goal, 1 MB stacks, 0 MB globals, 8 P
gc 90 @1580.935s 0%: 0.084+26+0.002 ms clock, 0.67+7.6/49/106+0.019 ms cpu, 2767->2771->1626 MB, 3256 MB goal, 1 MB stacks, 0 MB globals, 8 P
gc 91 @1594.050s 0%: 0.059+22+0.011 ms clock, 0.47+9.3/41/101+0.093 ms cpu, 3231->3232->1623 MB, 3255 MB goal, 1 MB stacks, 0 MB globals, 8 P
gc 92 @1604.018s 0%: 0.12+24+0.002 ms clock, 1.0+2.7/45/107+0.018 ms cpu, 2761->2763->1625 MB, 3248 MB goal, 1 MB stacks, 0 MB globals, 8 P
gc 93 @1617.521s 0%: 0.084+24+0.002 ms clock, 0.67+2.0/47/112+0.020 ms cpu, 3230->3232->1624 MB, 3251 MB goal, 1 MB stacks, 0 MB globals, 8 P
gc 94 @1626.616s 0%: 0.097+23+0.002 ms clock, 0.77+2.5/43/108+0.018 ms cpu, 2762->2764->1624 MB, 3250 MB goal, 1 MB stacks, 0 MB globals, 8 P
gc 95 @1639.848s 0%: 0.094+26+0.002 ms clock, 0.75+13/51/98+0.018 ms cpu, 3234->3239->1627 MB, 3250 MB goal, 1 MB stacks, 0 MB globals, 8 P
gc 96 @1654.055s 0%: 0.11+22+0.033 ms clock, 0.88+10/43/108+0.26 ms cpu, 3244->3246->1624 MB, 3255 MB goal, 1 MB stacks, 0 MB globals, 8 P
gc 97 @1667.402s 0%: 0.11+24+0.079 ms clock, 0.90+24/47/84+0.63 ms cpu, 3243->3247->1626 MB, 3249 MB goal, 1 MB stacks, 0 MB globals, 8 P
GC forced
gc 43 @1681.343s 0%: 0.036+0.64+0.002 ms clock, 0.28+0/1.2/1.9+0.019 ms cpu, 2->2->2 MB, 5 MB goal, 0 MB stacks, 0 MB globals, 8 P
gc 98 @1681.176s 0%: 0.086+26+0.002 ms clock, 0.68+6.0/50/108+0.021 ms cpu, 3236->3241->1627 MB, 3253 MB goal, 1 MB stacks, 0 MB globals, 8 P
gc 99 @1694.367s 0%: 0.063+23+0.002 ms clock, 0.50+2.0/45/110+0.016 ms cpu, 3245->3247->1624 MB, 3255 MB goal, 1 MB stacks, 0 MB globals, 8 P
GC forced
gc 44 @1801.363s 0%: 0.036+0.52+0.003 ms clock, 0.29+0/0.99/2.6+0.028 ms cpu, 2->2->2 MB, 5 MB goal, 0 MB stacks, 0 MB globals, 8 P
GC forced
gc 100 @1817.153s 0%: 0.13+41+0.003 ms clock, 1.0+3.7/72/49+0.028 ms cpu, 2275->2275->1622 MB, 3249 MB goal, 1 MB stacks, 0 MB globals, 8 P
GC forced
gc 45 @1921.383s 0%: 0.022+0.56+0.003 ms clock, 0.18+0/1.0/2.0+0.027 ms cpu, 2->2->2 MB, 5 MB goal, 0 MB stacks, 0 MB globals, 8 P
GC forced
gc 101 @1984.568s 0%: 0.071+48+0.003 ms clock, 0.56+0/95/2.8+0.026 ms cpu, 1622->1622->1622 MB, 3246 MB goal, 0 MB stacks, 0 MB globals, 8 P
GC forced
gc 46 @2041.404s 0%: 0.027+0.61+0.002 ms clock, 0.22+0/1.1/2.1+0.017 ms cpu, 2->2->2 MB, 5 MB goal, 0 MB stacks, 0 MB globals, 8 P
GC forced
gc 102 @2117.483s 0%: 0.062+47+0.002 ms clock, 0.50+0/64/59+0.023 ms cpu, 3232->3232->1622 MB, 3245 MB goal, 1 MB stacks, 0 MB globals, 8 P
GC forced
gc 47 @2161.424s 0%: 0.021+0.51+0.002 ms clock, 0.17+0/0.99/2.6+0.017 ms cpu, 2->2->2 MB, 5 MB goal, 0 MB stacks, 0 MB globals, 8 P
GC forced
gc 103 @2280.244s 0%: 0.047+87+0.003 ms clock, 0.37+0/88/1.9+0.029 ms cpu, 1622->1622->1622 MB, 3246 MB goal, 0 MB stacks, 0 MB globals, 8 P
GC forced
gc 48 @2281.444s 0%: 0.028+0.52+0.003 ms clock, 0.22+0/0.97/2.6+0.027 ms cpu, 2->2->2 MB, 5 MB goal, 0 MB stacks, 0 MB globals, 8 P
GC forced
gc 49 @2401.464s 0%: 0.022+0.51+0.002 ms clock, 0.17+0/0.99/2.7+0.019 ms cpu, 2->2->2 MB, 5 MB goal, 0 MB stacks, 0 MB globals, 8 P
GC forced
gc 104 @2402.153s 0%: 0.054+48+0.003 ms clock, 0.43+0/93/2.7+0.026 ms cpu, 1622->1622->1622 MB, 3245 MB goal, 0 MB stacks, 0 MB globals, 8 P
GC forced
gc 50 @2521.485s 0%: 0.023+0.58+0.002 ms clock, 0.18+0/1.0/2.8+0.019 ms cpu, 2->2->2 MB, 5 MB goal, 0 MB stacks, 0 MB globals, 8 P
GC forced
gc 105 @2522.265s 0%: 0.061+45+0.003 ms clock, 0.49+0/88/2.7+0.024 ms cpu, 1622->1622->1622 MB, 3245 MB goal, 0 MB stacks, 0 MB globals, 8 P
