[2025-09-23T10:26:57.359+0800][info][gc,init] CardTable entry size: 512
[2025-09-23T10:26:57.359+0800][info][gc     ] Using G1
[2025-09-23T10:26:57.612+0800][info][gc,init] Version: 21.0.8+9-Ubuntu-0ubuntu122.04.1 (release)
[2025-09-23T10:26:57.612+0800][info][gc,init] CPUs: 8 total, 8 available
[2025-09-23T10:26:57.612+0800][info][gc,init] Memory: 31169M
[2025-09-23T10:26:57.612+0800][info][gc,init] Large Page Support: Disabled
[2025-09-23T10:26:57.612+0800][info][gc,init] NUMA Support: Disabled
[2025-09-23T10:26:57.612+0800][info][gc,init] Compressed Oops: Enabled (Zero based)
[2025-09-23T10:26:57.612+0800][info][gc,init] Heap Region Size: 16M
[2025-09-23T10:26:57.612+0800][info][gc,init] Heap Min Capacity: 4G
[2025-09-23T10:26:57.612+0800][info][gc,init] Heap Initial Capacity: 4G
[2025-09-23T10:26:57.612+0800][info][gc,init] Heap Max Capacity: 24G
[2025-09-23T10:26:57.612+0800][info][gc,init] Pre-touch: Enabled
[2025-09-23T10:26:57.612+0800][info][gc,init] Parallel Workers: 8
[2025-09-23T10:26:57.612+0800][info][gc,init] Concurrent Workers: 2
[2025-09-23T10:26:57.612+0800][info][gc,init] Concurrent Refinement Workers: 8
[2025-09-23T10:26:57.612+0800][info][gc,init] Periodic GC: Disabled
[2025-09-23T10:26:57.618+0800][info][gc,metaspace] CDS archive(s) mapped at: [0x00007fb63b000000-0x00007fb63bca0000-0x00007fb63bca0000), size 13238272, SharedBaseAddress: 0x00007fb63b000000, ArchiveRelocationMode: 1.
[2025-09-23T10:26:57.618+0800][info][gc,metaspace] Compressed class space mapped at: 0x00007fb63c000000-0x00007fb67c000000, reserved size: 1073741824
[2025-09-23T10:26:57.618+0800][info][gc,metaspace] Narrow klass base: 0x00007fb63b000000, Narrow klass shift: 0, Narrow klass range: 0x100000000
[2025-09-23T10:26:58.354+0800][info][gc,start    ] GC(0) Pause Young (Concurrent Start) (CodeCache GC Threshold)
[2025-09-23T10:26:58.354+0800][info][gc,task     ] GC(0) Using 8 workers of 8 for evacuation
[2025-09-23T10:26:58.358+0800][info][gc,phases   ] GC(0)   Pre Evacuate Collection Set: 0.1ms
[2025-09-23T10:26:58.358+0800][info][gc,phases   ] GC(0)   Merge Heap Roots: 0.2ms
[2025-09-23T10:26:58.358+0800][info][gc,phases   ] GC(0)   Evacuate Collection Set: 3.1ms
[2025-09-23T10:26:58.358+0800][info][gc,phases   ] GC(0)   Post Evacuate Collection Set: 0.4ms
[2025-09-23T10:26:58.358+0800][info][gc,phases   ] GC(0)   Other: 0.1ms
[2025-09-23T10:26:58.358+0800][info][gc,heap     ] GC(0) Eden regions: 7->0(11)
[2025-09-23T10:26:58.358+0800][info][gc,heap     ] GC(0) Survivor regions: 0->1(2)
[2025-09-23T10:26:58.358+0800][info][gc,heap     ] GC(0) Old regions: 1->1
[2025-09-23T10:26:58.358+0800][info][gc,heap     ] GC(0) Humongous regions: 0->0
[2025-09-23T10:26:58.358+0800][info][gc,metaspace] GC(0) Metaspace: 18302K(18752K)->18302K(18752K) NonClass: 15798K(16064K)->15798K(16064K) Class: 2504K(2688K)->2504K(2688K)
[2025-09-23T10:26:58.358+0800][info][gc          ] GC(0) Pause Young (Concurrent Start) (CodeCache GC Threshold) 108M->9M(4112M) 3.946ms
[2025-09-23T10:26:58.358+0800][info][gc,cpu      ] GC(0) User=0.02s Sys=0.00s Real=0.01s
[2025-09-23T10:26:58.358+0800][info][gc          ] GC(1) Concurrent Mark Cycle
[2025-09-23T10:26:58.358+0800][info][gc,marking  ] GC(1) Concurrent Scan Root Regions
[2025-09-23T10:26:58.363+0800][info][gc,marking  ] GC(1) Concurrent Scan Root Regions 5.034ms
[2025-09-23T10:26:58.363+0800][info][gc,marking  ] GC(1) Concurrent Mark
[2025-09-23T10:26:58.363+0800][info][gc,marking  ] GC(1) Concurrent Mark From Roots
[2025-09-23T10:26:58.363+0800][info][gc,task     ] GC(1) Using 2 workers of 2 for marking
[2025-09-23T10:26:58.365+0800][info][gc,marking  ] GC(1) Concurrent Mark From Roots 1.924ms
[2025-09-23T10:26:58.365+0800][info][gc,marking  ] GC(1) Concurrent Preclean
[2025-09-23T10:26:58.365+0800][info][gc,marking  ] GC(1) Concurrent Preclean 0.006ms
[2025-09-23T10:26:58.365+0800][info][gc,start    ] GC(1) Pause Remark
[2025-09-23T10:26:58.366+0800][info][gc          ] GC(1) Pause Remark 15M->15M(4096M) 0.981ms
[2025-09-23T10:26:58.366+0800][info][gc,cpu      ] GC(1) User=0.01s Sys=0.00s Real=0.00s
[2025-09-23T10:26:58.366+0800][info][gc,marking  ] GC(1) Concurrent Mark 3.090ms
[2025-09-23T10:26:58.366+0800][info][gc,marking  ] GC(1) Concurrent Rebuild Remembered Sets and Scrub Regions
[2025-09-23T10:26:58.367+0800][info][gc,marking  ] GC(1) Concurrent Rebuild Remembered Sets and Scrub Regions 1.217ms
[2025-09-23T10:26:58.367+0800][info][gc,start    ] GC(1) Pause Cleanup
[2025-09-23T10:26:58.367+0800][info][gc          ] GC(1) Pause Cleanup 15M->15M(4096M) 0.059ms
[2025-09-23T10:26:58.367+0800][info][gc,cpu      ] GC(1) User=0.00s Sys=0.00s Real=0.00s
[2025-09-23T10:26:58.367+0800][info][gc,marking  ] GC(1) Concurrent Clear Claimed Marks
[2025-09-23T10:26:58.367+0800][info][gc,marking  ] GC(1) Concurrent Clear Claimed Marks 0.017ms
[2025-09-23T10:26:58.367+0800][info][gc,marking  ] GC(1) Concurrent Cleanup for Next Mark
[2025-09-23T10:26:58.371+0800][info][gc,marking  ] GC(1) Concurrent Cleanup for Next Mark 3.285ms
[2025-09-23T10:26:58.371+0800][info][gc          ] GC(1) Concurrent Mark Cycle 12.857ms
[2025-09-23T10:26:59.067+0800][info][gc,start    ] GC(2) Pause Young (Prepare Mixed) (Metadata GC Threshold)
[2025-09-23T10:26:59.067+0800][info][gc,task     ] GC(2) Using 8 workers of 8 for evacuation
[2025-09-23T10:26:59.083+0800][info][gc,phases   ] GC(2)   Pre Evacuate Collection Set: 0.1ms
[2025-09-23T10:26:59.083+0800][info][gc,phases   ] GC(2)   Merge Heap Roots: 0.1ms
[2025-09-23T10:26:59.083+0800][info][gc,phases   ] GC(2)   Evacuate Collection Set: 5.1ms
[2025-09-23T10:26:59.083+0800][info][gc,phases   ] GC(2)   Post Evacuate Collection Set: 10.5ms
[2025-09-23T10:26:59.083+0800][info][gc,phases   ] GC(2)   Other: 0.0ms
[2025-09-23T10:26:59.083+0800][info][gc,heap     ] GC(2) Eden regions: 5->0(11)
[2025-09-23T10:26:59.083+0800][info][gc,heap     ] GC(2) Survivor regions: 1->1(2)
[2025-09-23T10:26:59.083+0800][info][gc,heap     ] GC(2) Old regions: 1->1
[2025-09-23T10:26:59.083+0800][info][gc,heap     ] GC(2) Humongous regions: 0->0
[2025-09-23T10:26:59.083+0800][info][gc,metaspace] GC(2) Metaspace: 30790K(31296K)->30790K(31296K) NonClass: 26433K(26688K)->26433K(26688K) Class: 4356K(4608K)->4356K(4608K)
[2025-09-23T10:26:59.083+0800][info][gc          ] GC(2) Pause Young (Prepare Mixed) (Metadata GC Threshold) 76M->15M(4096M) 15.943ms
[2025-09-23T10:26:59.083+0800][info][gc,cpu      ] GC(2) User=0.03s Sys=0.01s Real=0.02s
[2025-09-23T10:26:59.094+0800][info][gc,start    ] GC(3) Pause Young (Mixed) (Metadata GC Threshold)
[2025-09-23T10:26:59.094+0800][info][gc,task     ] GC(3) Using 8 workers of 8 for evacuation
[2025-09-23T10:26:59.101+0800][info][gc,phases   ] GC(3)   Pre Evacuate Collection Set: 0.1ms
[2025-09-23T10:26:59.101+0800][info][gc,phases   ] GC(3)   Merge Heap Roots: 0.0ms
[2025-09-23T10:26:59.101+0800][info][gc,phases   ] GC(3)   Evacuate Collection Set: 5.6ms
[2025-09-23T10:26:59.101+0800][info][gc,phases   ] GC(3)   Post Evacuate Collection Set: 0.6ms
[2025-09-23T10:26:59.101+0800][info][gc,phases   ] GC(3)   Other: 0.0ms
[2025-09-23T10:26:59.101+0800][info][gc,heap     ] GC(3) Eden regions: 1->0(11)
[2025-09-23T10:26:59.101+0800][info][gc,heap     ] GC(3) Survivor regions: 1->1(2)
[2025-09-23T10:26:59.101+0800][info][gc,heap     ] GC(3) Old regions: 1->1
[2025-09-23T10:26:59.101+0800][info][gc,heap     ] GC(3) Humongous regions: 0->0
[2025-09-23T10:26:59.101+0800][info][gc,metaspace] GC(3) Metaspace: 31098K(31616K)->31098K(31616K) NonClass: 26704K(27008K)->26704K(27008K) Class: 4393K(4608K)->4393K(4608K)
[2025-09-23T10:26:59.101+0800][info][gc          ] GC(3) Pause Young (Mixed) (Metadata GC Threshold) 24M->15M(4096M) 6.490ms
[2025-09-23T10:26:59.101+0800][info][gc,cpu      ] GC(3) User=0.04s Sys=0.00s Real=0.01s
[2025-09-23T10:26:59.112+0800][info][gc,start    ] GC(4) Pause Young (Concurrent Start) (Metadata GC Threshold)
[2025-09-23T10:26:59.112+0800][info][gc,task     ] GC(4) Using 8 workers of 8 for evacuation
[2025-09-23T10:26:59.116+0800][info][gc,phases   ] GC(4)   Pre Evacuate Collection Set: 0.1ms
[2025-09-23T10:26:59.116+0800][info][gc,phases   ] GC(4)   Merge Heap Roots: 0.0ms
[2025-09-23T10:26:59.116+0800][info][gc,phases   ] GC(4)   Evacuate Collection Set: 4.2ms
[2025-09-23T10:26:59.116+0800][info][gc,phases   ] GC(4)   Post Evacuate Collection Set: 0.4ms
[2025-09-23T10:26:59.116+0800][info][gc,phases   ] GC(4)   Other: 0.0ms
[2025-09-23T10:26:59.116+0800][info][gc,heap     ] GC(4) Eden regions: 1->0(11)
[2025-09-23T10:26:59.116+0800][info][gc,heap     ] GC(4) Survivor regions: 1->1(2)
[2025-09-23T10:26:59.116+0800][info][gc,heap     ] GC(4) Old regions: 1->1
[2025-09-23T10:26:59.116+0800][info][gc,heap     ] GC(4) Humongous regions: 0->0
[2025-09-23T10:26:59.116+0800][info][gc,metaspace] GC(4) Metaspace: 31454K(31936K)->31454K(31936K) NonClass: 27012K(27264K)->27012K(27264K) Class: 4441K(4672K)->4441K(4672K)
[2025-09-23T10:26:59.116+0800][info][gc          ] GC(4) Pause Young (Concurrent Start) (Metadata GC Threshold) 20M->16M(4096M) 4.945ms
[2025-09-23T10:26:59.116+0800][info][gc,cpu      ] GC(4) User=0.03s Sys=0.00s Real=0.01s
[2025-09-23T10:26:59.116+0800][info][gc          ] GC(5) Concurrent Mark Cycle
[2025-09-23T10:26:59.117+0800][info][gc,marking  ] GC(5) Concurrent Scan Root Regions
[2025-09-23T10:26:59.124+0800][info][gc,marking  ] GC(5) Concurrent Scan Root Regions 7.027ms
[2025-09-23T10:26:59.124+0800][info][gc,marking  ] GC(5) Concurrent Mark
[2025-09-23T10:26:59.124+0800][info][gc,marking  ] GC(5) Concurrent Mark From Roots
[2025-09-23T10:26:59.124+0800][info][gc,task     ] GC(5) Using 2 workers of 2 for marking
[2025-09-23T10:26:59.125+0800][info][gc,marking  ] GC(5) Concurrent Mark From Roots 1.290ms
[2025-09-23T10:26:59.125+0800][info][gc,marking  ] GC(5) Concurrent Preclean
[2025-09-23T10:26:59.125+0800][info][gc,marking  ] GC(5) Concurrent Preclean 0.008ms
[2025-09-23T10:26:59.125+0800][info][gc,start    ] GC(5) Pause Remark
[2025-09-23T10:26:59.126+0800][info][gc          ] GC(5) Pause Remark 23M->23M(4096M) 1.154ms
[2025-09-23T10:26:59.126+0800][info][gc,cpu      ] GC(5) User=0.01s Sys=0.00s Real=0.00s
[2025-09-23T10:26:59.126+0800][info][gc,marking  ] GC(5) Concurrent Mark 2.615ms
[2025-09-23T10:26:59.126+0800][info][gc,marking  ] GC(5) Concurrent Rebuild Remembered Sets and Scrub Regions
[2025-09-23T10:26:59.127+0800][info][gc,marking  ] GC(5) Concurrent Rebuild Remembered Sets and Scrub Regions 0.446ms
[2025-09-23T10:26:59.127+0800][info][gc,start    ] GC(5) Pause Cleanup
[2025-09-23T10:26:59.127+0800][info][gc          ] GC(5) Pause Cleanup 23M->23M(4096M) 0.035ms
[2025-09-23T10:26:59.127+0800][info][gc,cpu      ] GC(5) User=0.00s Sys=0.00s Real=0.00s
[2025-09-23T10:26:59.127+0800][info][gc,marking  ] GC(5) Concurrent Clear Claimed Marks
[2025-09-23T10:26:59.127+0800][info][gc,marking  ] GC(5) Concurrent Clear Claimed Marks 0.021ms
[2025-09-23T10:26:59.127+0800][info][gc,marking  ] GC(5) Concurrent Cleanup for Next Mark
[2025-09-23T10:26:59.130+0800][info][gc,marking  ] GC(5) Concurrent Cleanup for Next Mark 2.987ms
[2025-09-23T10:26:59.130+0800][info][gc          ] GC(5) Concurrent Mark Cycle 13.332ms
[2025-09-23T10:26:59.648+0800][info][gc,start    ] GC(6) Pause Young (Normal) (G1 Evacuation Pause)
[2025-09-23T10:26:59.648+0800][info][gc,task     ] GC(6) Using 8 workers of 8 for evacuation
[2025-09-23T10:26:59.653+0800][info][gc,phases   ] GC(6)   Pre Evacuate Collection Set: 0.1ms
[2025-09-23T10:26:59.653+0800][info][gc,phases   ] GC(6)   Merge Heap Roots: 0.1ms
[2025-09-23T10:26:59.653+0800][info][gc,phases   ] GC(6)   Evacuate Collection Set: 4.6ms
[2025-09-23T10:26:59.653+0800][info][gc,phases   ] GC(6)   Post Evacuate Collection Set: 0.7ms
[2025-09-23T10:26:59.653+0800][info][gc,phases   ] GC(6)   Other: 0.0ms
[2025-09-23T10:26:59.653+0800][info][gc,heap     ] GC(6) Eden regions: 11->0(43)
[2025-09-23T10:26:59.653+0800][info][gc,heap     ] GC(6) Survivor regions: 1->1(2)
[2025-09-23T10:26:59.653+0800][info][gc,heap     ] GC(6) Old regions: 1->1
[2025-09-23T10:26:59.653+0800][info][gc,heap     ] GC(6) Humongous regions: 0->0
[2025-09-23T10:26:59.653+0800][info][gc,metaspace] GC(6) Metaspace: 31912K(32512K)->31912K(32512K) NonClass: 27376K(27712K)->27376K(27712K) Class: 4535K(4800K)->4535K(4800K)
[2025-09-23T10:26:59.653+0800][info][gc          ] GC(6) Pause Young (Normal) (G1 Evacuation Pause) 192M->15M(4096M) 5.599ms
[2025-09-23T10:26:59.653+0800][info][gc,cpu      ] GC(6) User=0.03s Sys=0.00s Real=0.00s
[2025-09-23T10:27:01.274+0800][info][gc,start    ] GC(7) Pause Young (Normal) (G1 Evacuation Pause)
[2025-09-23T10:27:01.274+0800][info][gc,task     ] GC(7) Using 8 workers of 8 for evacuation
[2025-09-23T10:27:01.279+0800][info][gc,phases   ] GC(7)   Pre Evacuate Collection Set: 0.1ms
[2025-09-23T10:27:01.279+0800][info][gc,phases   ] GC(7)   Merge Heap Roots: 0.1ms
[2025-09-23T10:27:01.279+0800][info][gc,phases   ] GC(7)   Evacuate Collection Set: 4.3ms
[2025-09-23T10:27:01.279+0800][info][gc,phases   ] GC(7)   Post Evacuate Collection Set: 0.7ms
[2025-09-23T10:27:01.279+0800][info][gc,phases   ] GC(7)   Other: 0.1ms
[2025-09-23T10:27:01.279+0800][info][gc,heap     ] GC(7) Eden regions: 43->0(152)
[2025-09-23T10:27:01.279+0800][info][gc,heap     ] GC(7) Survivor regions: 1->1(6)
[2025-09-23T10:27:01.279+0800][info][gc,heap     ] GC(7) Old regions: 1->1
[2025-09-23T10:27:01.279+0800][info][gc,heap     ] GC(7) Humongous regions: 0->0
[2025-09-23T10:27:01.279+0800][info][gc,metaspace] GC(7) Metaspace: 31913K(32512K)->31913K(32512K) NonClass: 27378K(27712K)->27378K(27712K) Class: 4535K(4800K)->4535K(4800K)
[2025-09-23T10:27:01.279+0800][info][gc          ] GC(7) Pause Young (Normal) (G1 Evacuation Pause) 703M->15M(4096M) 5.276ms
[2025-09-23T10:27:01.279+0800][info][gc,cpu      ] GC(7) User=0.03s Sys=0.00s Real=0.01s
[2025-09-23T10:27:07.187+0800][info][gc,start    ] GC(8) Pause Young (Normal) (G1 Evacuation Pause)
[2025-09-23T10:27:07.187+0800][info][gc,task     ] GC(8) Using 8 workers of 8 for evacuation
[2025-09-23T10:27:07.192+0800][info][gc,phases   ] GC(8)   Pre Evacuate Collection Set: 0.1ms
[2025-09-23T10:27:07.192+0800][info][gc,phases   ] GC(8)   Merge Heap Roots: 0.1ms
[2025-09-23T10:27:07.192+0800][info][gc,phases   ] GC(8)   Evacuate Collection Set: 4.4ms
[2025-09-23T10:27:07.192+0800][info][gc,phases   ] GC(8)   Post Evacuate Collection Set: 0.7ms
[2025-09-23T10:27:07.192+0800][info][gc,phases   ] GC(8)   Other: 0.1ms
[2025-09-23T10:27:07.192+0800][info][gc,heap     ] GC(8) Eden regions: 152->0(152)
[2025-09-23T10:27:07.192+0800][info][gc,heap     ] GC(8) Survivor regions: 1->1(20)
[2025-09-23T10:27:07.192+0800][info][gc,heap     ] GC(8) Old regions: 1->1
[2025-09-23T10:27:07.192+0800][info][gc,heap     ] GC(8) Humongous regions: 0->0
[2025-09-23T10:27:07.192+0800][info][gc,metaspace] GC(8) Metaspace: 31913K(32512K)->31913K(32512K) NonClass: 27378K(27712K)->27378K(27712K) Class: 4535K(4800K)->4535K(4800K)
[2025-09-23T10:27:07.192+0800][info][gc          ] GC(8) Pause Young (Normal) (G1 Evacuation Pause) 2447M->16M(4096M) 5.547ms
[2025-09-23T10:27:07.192+0800][info][gc,cpu      ] GC(8) User=0.03s Sys=0.00s Real=0.00s
[2025-09-23T10:27:13.157+0800][info][gc,start    ] GC(9) Pause Young (Normal) (G1 Evacuation Pause)
[2025-09-23T10:27:13.157+0800][info][gc,task     ] GC(9) Using 8 workers of 8 for evacuation
[2025-09-23T10:27:13.162+0800][info][gc,phases   ] GC(9)   Pre Evacuate Collection Set: 0.1ms
[2025-09-23T10:27:13.162+0800][info][gc,phases   ] GC(9)   Merge Heap Roots: 0.1ms
[2025-09-23T10:27:13.162+0800][info][gc,phases   ] GC(9)   Evacuate Collection Set: 3.8ms
[2025-09-23T10:27:13.162+0800][info][gc,phases   ] GC(9)   Post Evacuate Collection Set: 0.7ms
[2025-09-23T10:27:13.162+0800][info][gc,phases   ] GC(9)   Other: 0.0ms
[2025-09-23T10:27:13.162+0800][info][gc,heap     ] GC(9) Eden regions: 152->0(152)
[2025-09-23T10:27:13.162+0800][info][gc,heap     ] GC(9) Survivor regions: 1->1(20)
[2025-09-23T10:27:13.162+0800][info][gc,heap     ] GC(9) Old regions: 1->1
[2025-09-23T10:27:13.162+0800][info][gc,heap     ] GC(9) Humongous regions: 0->0
[2025-09-23T10:27:13.162+0800][info][gc,metaspace] GC(9) Metaspace: 31913K(32512K)->31913K(32512K) NonClass: 27378K(27712K)->27378K(27712K) Class: 4535K(4800K)->4535K(4800K)
[2025-09-23T10:27:13.162+0800][info][gc          ] GC(9) Pause Young (Normal) (G1 Evacuation Pause) 2448M->16M(4096M) 4.823ms
[2025-09-23T10:27:13.162+0800][info][gc,cpu      ] GC(9) User=0.03s Sys=0.00s Real=0.00s
[2025-09-23T10:27:19.181+0800][info][gc,start    ] GC(10) Pause Young (Normal) (G1 Evacuation Pause)
[2025-09-23T10:27:19.181+0800][info][gc,task     ] GC(10) Using 8 workers of 8 for evacuation
[2025-09-23T10:27:19.187+0800][info][gc,phases   ] GC(10)   Pre Evacuate Collection Set: 0.1ms
[2025-09-23T10:27:19.187+0800][info][gc,phases   ] GC(10)   Merge Heap Roots: 0.1ms
[2025-09-23T10:27:19.187+0800][info][gc,phases   ] GC(10)   Evacuate Collection Set: 4.6ms
[2025-09-23T10:27:19.187+0800][info][gc,phases   ] GC(10)   Post Evacuate Collection Set: 0.8ms
[2025-09-23T10:27:19.187+0800][info][gc,phases   ] GC(10)   Other: 0.0ms
[2025-09-23T10:27:19.187+0800][info][gc,heap     ] GC(10) Eden regions: 152->0(152)
[2025-09-23T10:27:19.187+0800][info][gc,heap     ] GC(10) Survivor regions: 1->1(20)
[2025-09-23T10:27:19.187+0800][info][gc,heap     ] GC(10) Old regions: 1->1
[2025-09-23T10:27:19.187+0800][info][gc,heap     ] GC(10) Humongous regions: 0->0
[2025-09-23T10:27:19.187+0800][info][gc,metaspace] GC(10) Metaspace: 31913K(32512K)->31913K(32512K) NonClass: 27378K(27712K)->27378K(27712K) Class: 4535K(4800K)->4535K(4800K)
[2025-09-23T10:27:19.187+0800][info][gc          ] GC(10) Pause Young (Normal) (G1 Evacuation Pause) 2448M->15M(4096M) 5.637ms
[2025-09-23T10:27:19.187+0800][info][gc,cpu      ] GC(10) User=0.04s Sys=0.00s Real=0.01s
[2025-09-23T10:27:25.251+0800][info][gc,start    ] GC(11) Pause Young (Normal) (G1 Evacuation Pause)
[2025-09-23T10:27:25.251+0800][info][gc,task     ] GC(11) Using 8 workers of 8 for evacuation
[2025-09-23T10:27:25.256+0800][info][gc,phases   ] GC(11)   Pre Evacuate Collection Set: 0.1ms
[2025-09-23T10:27:25.256+0800][info][gc,phases   ] GC(11)   Merge Heap Roots: 0.1ms
[2025-09-23T10:27:25.256+0800][info][gc,phases   ] GC(11)   Evacuate Collection Set: 4.3ms
[2025-09-23T10:27:25.256+0800][info][gc,phases   ] GC(11)   Post Evacuate Collection Set: 0.7ms
[2025-09-23T10:27:25.256+0800][info][gc,phases   ] GC(11)   Other: 0.0ms
[2025-09-23T10:27:25.256+0800][info][gc,heap     ] GC(11) Eden regions: 152->0(152)
[2025-09-23T10:27:25.256+0800][info][gc,heap     ] GC(11) Survivor regions: 1->1(20)
[2025-09-23T10:27:25.256+0800][info][gc,heap     ] GC(11) Old regions: 1->1
[2025-09-23T10:27:25.256+0800][info][gc,heap     ] GC(11) Humongous regions: 0->0
[2025-09-23T10:27:25.256+0800][info][gc,metaspace] GC(11) Metaspace: 31914K(32512K)->31914K(32512K) NonClass: 27378K(27712K)->27378K(27712K) Class: 4535K(4800K)->4535K(4800K)
[2025-09-23T10:27:25.256+0800][info][gc          ] GC(11) Pause Young (Normal) (G1 Evacuation Pause) 2447M->15M(4096M) 5.336ms
[2025-09-23T10:27:25.256+0800][info][gc,cpu      ] GC(11) User=0.03s Sys=0.00s Real=0.01s
[2025-09-23T10:27:31.420+0800][info][gc,start    ] GC(12) Pause Young (Normal) (G1 Evacuation Pause)
[2025-09-23T10:27:31.420+0800][info][gc,task     ] GC(12) Using 8 workers of 8 for evacuation
[2025-09-23T10:27:31.425+0800][info][gc,phases   ] GC(12)   Pre Evacuate Collection Set: 0.1ms
[2025-09-23T10:27:31.425+0800][info][gc,phases   ] GC(12)   Merge Heap Roots: 0.1ms
[2025-09-23T10:27:31.425+0800][info][gc,phases   ] GC(12)   Evacuate Collection Set: 4.5ms
[2025-09-23T10:27:31.425+0800][info][gc,phases   ] GC(12)   Post Evacuate Collection Set: 0.8ms
[2025-09-23T10:27:31.425+0800][info][gc,phases   ] GC(12)   Other: 0.0ms
[2025-09-23T10:27:31.425+0800][info][gc,heap     ] GC(12) Eden regions: 152->0(152)
[2025-09-23T10:27:31.425+0800][info][gc,heap     ] GC(12) Survivor regions: 1->1(20)
[2025-09-23T10:27:31.425+0800][info][gc,heap     ] GC(12) Old regions: 1->1
[2025-09-23T10:27:31.425+0800][info][gc,heap     ] GC(12) Humongous regions: 0->0
[2025-09-23T10:27:31.425+0800][info][gc,metaspace] GC(12) Metaspace: 31914K(32512K)->31914K(32512K) NonClass: 27378K(27712K)->27378K(27712K) Class: 4535K(4800K)->4535K(4800K)
[2025-09-23T10:27:31.425+0800][info][gc          ] GC(12) Pause Young (Normal) (G1 Evacuation Pause) 2447M->16M(4096M) 5.625ms
[2025-09-23T10:27:31.425+0800][info][gc,cpu      ] GC(12) User=0.03s Sys=0.00s Real=0.01s
[2025-09-23T10:27:37.498+0800][info][gc,start    ] GC(13) Pause Young (Normal) (G1 Evacuation Pause)
[2025-09-23T10:27:37.498+0800][info][gc,task     ] GC(13) Using 8 workers of 8 for evacuation
[2025-09-23T10:27:37.503+0800][info][gc,phases   ] GC(13)   Pre Evacuate Collection Set: 0.1ms
[2025-09-23T10:27:37.503+0800][info][gc,phases   ] GC(13)   Merge Heap Roots: 0.1ms
[2025-09-23T10:27:37.503+0800][info][gc,phases   ] GC(13)   Evacuate Collection Set: 4.3ms
[2025-09-23T10:27:37.503+0800][info][gc,phases   ] GC(13)   Post Evacuate Collection Set: 0.8ms
[2025-09-23T10:27:37.503+0800][info][gc,phases   ] GC(13)   Other: 0.0ms
[2025-09-23T10:27:37.503+0800][info][gc,heap     ] GC(13) Eden regions: 152->0(152)
[2025-09-23T10:27:37.504+0800][info][gc,heap     ] GC(13) Survivor regions: 1->1(20)
[2025-09-23T10:27:37.504+0800][info][gc,heap     ] GC(13) Old regions: 1->1
[2025-09-23T10:27:37.504+0800][info][gc,heap     ] GC(13) Humongous regions: 0->0
[2025-09-23T10:27:37.504+0800][info][gc,metaspace] GC(13) Metaspace: 31914K(32512K)->31914K(32512K) NonClass: 27378K(27712K)->27378K(27712K) Class: 4535K(4800K)->4535K(4800K)
[2025-09-23T10:27:37.504+0800][info][gc          ] GC(13) Pause Young (Normal) (G1 Evacuation Pause) 2448M->15M(4096M) 5.421ms
[2025-09-23T10:27:37.504+0800][info][gc,cpu      ] GC(13) User=0.03s Sys=0.00s Real=0.01s
[2025-09-23T10:27:43.400+0800][info][gc,start    ] GC(14) Pause Young (Normal) (G1 Evacuation Pause)
[2025-09-23T10:27:43.401+0800][info][gc,task     ] GC(14) Using 8 workers of 8 for evacuation
[2025-09-23T10:27:43.406+0800][info][gc,phases   ] GC(14)   Pre Evacuate Collection Set: 0.1ms
[2025-09-23T10:27:43.406+0800][info][gc,phases   ] GC(14)   Merge Heap Roots: 0.1ms
[2025-09-23T10:27:43.406+0800][info][gc,phases   ] GC(14)   Evacuate Collection Set: 4.3ms
[2025-09-23T10:27:43.406+0800][info][gc,phases   ] GC(14)   Post Evacuate Collection Set: 0.8ms
[2025-09-23T10:27:43.406+0800][info][gc,phases   ] GC(14)   Other: 0.0ms
[2025-09-23T10:27:43.406+0800][info][gc,heap     ] GC(14) Eden regions: 152->0(152)
[2025-09-23T10:27:43.406+0800][info][gc,heap     ] GC(14) Survivor regions: 1->1(20)
[2025-09-23T10:27:43.406+0800][info][gc,heap     ] GC(14) Old regions: 1->1
[2025-09-23T10:27:43.406+0800][info][gc,heap     ] GC(14) Humongous regions: 0->0
[2025-09-23T10:27:43.406+0800][info][gc,metaspace] GC(14) Metaspace: 31914K(32512K)->31914K(32512K) NonClass: 27378K(27712K)->27378K(27712K) Class: 4535K(4800K)->4535K(4800K)
[2025-09-23T10:27:43.406+0800][info][gc          ] GC(14) Pause Young (Normal) (G1 Evacuation Pause) 2447M->15M(4096M) 5.313ms
[2025-09-23T10:27:43.406+0800][info][gc,cpu      ] GC(14) User=0.04s Sys=0.01s Real=0.01s
[2025-09-23T10:27:49.700+0800][info][gc,start    ] GC(15) Pause Young (Normal) (G1 Evacuation Pause)
[2025-09-23T10:27:49.700+0800][info][gc,task     ] GC(15) Using 8 workers of 8 for evacuation
[2025-09-23T10:27:49.706+0800][info][gc,phases   ] GC(15)   Pre Evacuate Collection Set: 0.1ms
[2025-09-23T10:27:49.706+0800][info][gc,phases   ] GC(15)   Merge Heap Roots: 0.1ms
[2025-09-23T10:27:49.706+0800][info][gc,phases   ] GC(15)   Evacuate Collection Set: 4.5ms
[2025-09-23T10:27:49.706+0800][info][gc,phases   ] GC(15)   Post Evacuate Collection Set: 0.7ms
[2025-09-23T10:27:49.706+0800][info][gc,phases   ] GC(15)   Other: 0.0ms
[2025-09-23T10:27:49.706+0800][info][gc,heap     ] GC(15) Eden regions: 152->0(152)
[2025-09-23T10:27:49.706+0800][info][gc,heap     ] GC(15) Survivor regions: 1->1(20)
[2025-09-23T10:27:49.706+0800][info][gc,heap     ] GC(15) Old regions: 1->1
[2025-09-23T10:27:49.706+0800][info][gc,heap     ] GC(15) Humongous regions: 0->0
[2025-09-23T10:27:49.706+0800][info][gc,metaspace] GC(15) Metaspace: 31914K(32512K)->31914K(32512K) NonClass: 27378K(27712K)->27378K(27712K) Class: 4535K(4800K)->4535K(4800K)
[2025-09-23T10:27:49.706+0800][info][gc          ] GC(15) Pause Young (Normal) (G1 Evacuation Pause) 2447M->15M(4096M) 5.533ms
[2025-09-23T10:27:49.706+0800][info][gc,cpu      ] GC(15) User=0.03s Sys=0.00s Real=0.01s
[2025-09-23T10:27:55.552+0800][info][gc,start    ] GC(16) Pause Young (Normal) (G1 Evacuation Pause)
[2025-09-23T10:27:55.552+0800][info][gc,task     ] GC(16) Using 8 workers of 8 for evacuation
[2025-09-23T10:27:55.558+0800][info][gc,phases   ] GC(16)   Pre Evacuate Collection Set: 0.1ms
[2025-09-23T10:27:55.558+0800][info][gc,phases   ] GC(16)   Merge Heap Roots: 0.1ms
[2025-09-23T10:27:55.558+0800][info][gc,phases   ] GC(16)   Evacuate Collection Set: 4.3ms
[2025-09-23T10:27:55.558+0800][info][gc,phases   ] GC(16)   Post Evacuate Collection Set: 0.7ms
[2025-09-23T10:27:55.558+0800][info][gc,phases   ] GC(16)   Other: 0.0ms
[2025-09-23T10:27:55.558+0800][info][gc,heap     ] GC(16) Eden regions: 152->0(152)
[2025-09-23T10:27:55.558+0800][info][gc,heap     ] GC(16) Survivor regions: 1->1(20)
[2025-09-23T10:27:55.558+0800][info][gc,heap     ] GC(16) Old regions: 1->1
[2025-09-23T10:27:55.558+0800][info][gc,heap     ] GC(16) Humongous regions: 0->0
[2025-09-23T10:27:55.558+0800][info][gc,metaspace] GC(16) Metaspace: 31914K(32512K)->31914K(32512K) NonClass: 27378K(27712K)->27378K(27712K) Class: 4535K(4800K)->4535K(4800K)
[2025-09-23T10:27:55.558+0800][info][gc          ] GC(16) Pause Young (Normal) (G1 Evacuation Pause) 2447M->15M(4096M) 5.494ms
[2025-09-23T10:27:55.558+0800][info][gc,cpu      ] GC(16) User=0.03s Sys=0.00s Real=0.01s
[2025-09-23T10:28:01.688+0800][info][gc,start    ] GC(17) Pause Young (Normal) (G1 Evacuation Pause)
[2025-09-23T10:28:01.688+0800][info][gc,task     ] GC(17) Using 8 workers of 8 for evacuation
[2025-09-23T10:28:01.693+0800][info][gc,phases   ] GC(17)   Pre Evacuate Collection Set: 0.1ms
[2025-09-23T10:28:01.693+0800][info][gc,phases   ] GC(17)   Merge Heap Roots: 0.1ms
[2025-09-23T10:28:01.693+0800][info][gc,phases   ] GC(17)   Evacuate Collection Set: 4.2ms
[2025-09-23T10:28:01.693+0800][info][gc,phases   ] GC(17)   Post Evacuate Collection Set: 0.7ms
[2025-09-23T10:28:01.693+0800][info][gc,phases   ] GC(17)   Other: 0.0ms
[2025-09-23T10:28:01.693+0800][info][gc,heap     ] GC(17) Eden regions: 152->0(152)
[2025-09-23T10:28:01.693+0800][info][gc,heap     ] GC(17) Survivor regions: 1->1(20)
[2025-09-23T10:28:01.693+0800][info][gc,heap     ] GC(17) Old regions: 1->1
[2025-09-23T10:28:01.693+0800][info][gc,heap     ] GC(17) Humongous regions: 0->0
[2025-09-23T10:28:01.693+0800][info][gc,metaspace] GC(17) Metaspace: 31915K(32512K)->31915K(32512K) NonClass: 27379K(27712K)->27379K(27712K) Class: 4535K(4800K)->4535K(4800K)
[2025-09-23T10:28:01.693+0800][info][gc          ] GC(17) Pause Young (Normal) (G1 Evacuation Pause) 2447M->16M(4096M) 5.197ms
[2025-09-23T10:28:01.693+0800][info][gc,cpu      ] GC(17) User=0.03s Sys=0.01s Real=0.00s
[2025-09-23T10:28:08.050+0800][info][gc,start    ] GC(18) Pause Young (Normal) (G1 Evacuation Pause)
[2025-09-23T10:28:08.050+0800][info][gc,task     ] GC(18) Using 8 workers of 8 for evacuation
[2025-09-23T10:28:08.053+0800][info][gc,phases   ] GC(18)   Pre Evacuate Collection Set: 0.1ms
[2025-09-23T10:28:08.053+0800][info][gc,phases   ] GC(18)   Merge Heap Roots: 0.1ms
[2025-09-23T10:28:08.053+0800][info][gc,phases   ] GC(18)   Evacuate Collection Set: 2.0ms
[2025-09-23T10:28:08.053+0800][info][gc,phases   ] GC(18)   Post Evacuate Collection Set: 0.5ms
[2025-09-23T10:28:08.053+0800][info][gc,phases   ] GC(18)   Other: 0.0ms
[2025-09-23T10:28:08.053+0800][info][gc,heap     ] GC(18) Eden regions: 152->0(152)
[2025-09-23T10:28:08.053+0800][info][gc,heap     ] GC(18) Survivor regions: 1->1(20)
[2025-09-23T10:28:08.053+0800][info][gc,heap     ] GC(18) Old regions: 1->1
[2025-09-23T10:28:08.053+0800][info][gc,heap     ] GC(18) Humongous regions: 0->0
[2025-09-23T10:28:08.053+0800][info][gc,metaspace] GC(18) Metaspace: 31915K(32512K)->31915K(32512K) NonClass: 27379K(27712K)->27379K(27712K) Class: 4535K(4800K)->4535K(4800K)
[2025-09-23T10:28:08.053+0800][info][gc          ] GC(18) Pause Young (Normal) (G1 Evacuation Pause) 2448M->16M(4096M) 2.767ms
[2025-09-23T10:28:08.053+0800][info][gc,cpu      ] GC(18) User=0.02s Sys=0.00s Real=0.00s
[2025-09-23T10:28:14.670+0800][info][gc,start    ] GC(19) Pause Young (Normal) (G1 Evacuation Pause)
[2025-09-23T10:28:14.670+0800][info][gc,task     ] GC(19) Using 8 workers of 8 for evacuation
[2025-09-23T10:28:14.671+0800][info][gc,phases   ] GC(19)   Pre Evacuate Collection Set: 0.1ms
[2025-09-23T10:28:14.671+0800][info][gc,phases   ] GC(19)   Merge Heap Roots: 0.1ms
[2025-09-23T10:28:14.671+0800][info][gc,phases   ] GC(19)   Evacuate Collection Set: 0.5ms
[2025-09-23T10:28:14.671+0800][info][gc,phases   ] GC(19)   Post Evacuate Collection Set: 0.4ms
[2025-09-23T10:28:14.671+0800][info][gc,phases   ] GC(19)   Other: 0.0ms
[2025-09-23T10:28:14.671+0800][info][gc,heap     ] GC(19) Eden regions: 152->0(152)
[2025-09-23T10:28:14.671+0800][info][gc,heap     ] GC(19) Survivor regions: 1->1(20)
[2025-09-23T10:28:14.671+0800][info][gc,heap     ] GC(19) Old regions: 1->1
[2025-09-23T10:28:14.671+0800][info][gc,heap     ] GC(19) Humongous regions: 0->0
[2025-09-23T10:28:14.671+0800][info][gc,metaspace] GC(19) Metaspace: 31915K(32512K)->31915K(32512K) NonClass: 27379K(27712K)->27379K(27712K) Class: 4535K(4800K)->4535K(4800K)
[2025-09-23T10:28:14.671+0800][info][gc          ] GC(19) Pause Young (Normal) (G1 Evacuation Pause) 2448M->16M(4096M) 1.159ms
[2025-09-23T10:28:14.671+0800][info][gc,cpu      ] GC(19) User=0.01s Sys=0.00s Real=0.00s
[2025-09-23T10:28:20.363+0800][info][gc,start    ] GC(20) Pause Young (Normal) (G1 Evacuation Pause)
[2025-09-23T10:28:20.363+0800][info][gc,task     ] GC(20) Using 8 workers of 8 for evacuation
[2025-09-23T10:28:20.364+0800][info][gc,phases   ] GC(20)   Pre Evacuate Collection Set: 0.1ms
[2025-09-23T10:28:20.364+0800][info][gc,phases   ] GC(20)   Merge Heap Roots: 0.1ms
[2025-09-23T10:28:20.364+0800][info][gc,phases   ] GC(20)   Evacuate Collection Set: 0.4ms
[2025-09-23T10:28:20.364+0800][info][gc,phases   ] GC(20)   Post Evacuate Collection Set: 0.4ms
[2025-09-23T10:28:20.364+0800][info][gc,phases   ] GC(20)   Other: 0.0ms
[2025-09-23T10:28:20.364+0800][info][gc,heap     ] GC(20) Eden regions: 152->0(152)
[2025-09-23T10:28:20.364+0800][info][gc,heap     ] GC(20) Survivor regions: 1->1(20)
[2025-09-23T10:28:20.364+0800][info][gc,heap     ] GC(20) Old regions: 1->1
[2025-09-23T10:28:20.364+0800][info][gc,heap     ] GC(20) Humongous regions: 0->0
[2025-09-23T10:28:20.364+0800][info][gc,metaspace] GC(20) Metaspace: 31915K(32512K)->31915K(32512K) NonClass: 27379K(27712K)->27379K(27712K) Class: 4535K(4800K)->4535K(4800K)
[2025-09-23T10:28:20.364+0800][info][gc          ] GC(20) Pause Young (Normal) (G1 Evacuation Pause) 2448M->16M(4096M) 1.047ms
[2025-09-23T10:28:20.364+0800][info][gc,cpu      ] GC(20) User=0.01s Sys=0.00s Real=0.00s
[2025-09-23T10:28:27.001+0800][info][gc,start    ] GC(21) Pause Young (Normal) (G1 Evacuation Pause)
[2025-09-23T10:28:27.001+0800][info][gc,task     ] GC(21) Using 8 workers of 8 for evacuation
[2025-09-23T10:28:27.002+0800][info][gc,phases   ] GC(21)   Pre Evacuate Collection Set: 0.1ms
[2025-09-23T10:28:27.002+0800][info][gc,phases   ] GC(21)   Merge Heap Roots: 0.1ms
[2025-09-23T10:28:27.002+0800][info][gc,phases   ] GC(21)   Evacuate Collection Set: 0.4ms
[2025-09-23T10:28:27.002+0800][info][gc,phases   ] GC(21)   Post Evacuate Collection Set: 0.3ms
[2025-09-23T10:28:27.002+0800][info][gc,phases   ] GC(21)   Other: 0.0ms
[2025-09-23T10:28:27.002+0800][info][gc,heap     ] GC(21) Eden regions: 152->0(152)
[2025-09-23T10:28:27.002+0800][info][gc,heap     ] GC(21) Survivor regions: 1->1(20)
[2025-09-23T10:28:27.002+0800][info][gc,heap     ] GC(21) Old regions: 1->2
[2025-09-23T10:28:27.002+0800][info][gc,heap     ] GC(21) Humongous regions: 0->0
[2025-09-23T10:28:27.002+0800][info][gc,metaspace] GC(21) Metaspace: 31915K(32512K)->31915K(32512K) NonClass: 27379K(27712K)->27379K(27712K) Class: 4535K(4800K)->4535K(4800K)
[2025-09-23T10:28:27.002+0800][info][gc          ] GC(21) Pause Young (Normal) (G1 Evacuation Pause) 2448M->16M(4096M) 0.998ms
[2025-09-23T10:28:27.002+0800][info][gc,cpu      ] GC(21) User=0.00s Sys=0.00s Real=0.00s
[2025-09-23T10:28:32.853+0800][info][gc,start    ] GC(22) Pause Young (Normal) (G1 Evacuation Pause)
[2025-09-23T10:28:32.853+0800][info][gc,task     ] GC(22) Using 8 workers of 8 for evacuation
[2025-09-23T10:28:32.854+0800][info][gc,phases   ] GC(22)   Pre Evacuate Collection Set: 0.1ms
[2025-09-23T10:28:32.854+0800][info][gc,phases   ] GC(22)   Merge Heap Roots: 0.1ms
[2025-09-23T10:28:32.854+0800][info][gc,phases   ] GC(22)   Evacuate Collection Set: 0.2ms
[2025-09-23T10:28:32.854+0800][info][gc,phases   ] GC(22)   Post Evacuate Collection Set: 0.3ms
[2025-09-23T10:28:32.854+0800][info][gc,phases   ] GC(22)   Other: 0.3ms
[2025-09-23T10:28:32.854+0800][info][gc,heap     ] GC(22) Eden regions: 152->0(152)
[2025-09-23T10:28:32.855+0800][info][gc,heap     ] GC(22) Survivor regions: 1->1(20)
[2025-09-23T10:28:32.855+0800][info][gc,heap     ] GC(22) Old regions: 2->2
[2025-09-23T10:28:32.855+0800][info][gc,heap     ] GC(22) Humongous regions: 0->0
[2025-09-23T10:28:32.855+0800][info][gc,metaspace] GC(22) Metaspace: 31915K(32512K)->31915K(32512K) NonClass: 27379K(27712K)->27379K(27712K) Class: 4535K(4800K)->4535K(4800K)
[2025-09-23T10:28:32.855+0800][info][gc          ] GC(22) Pause Young (Normal) (G1 Evacuation Pause) 2448M->16M(4096M) 1.100ms
[2025-09-23T10:28:32.855+0800][info][gc,cpu      ] GC(22) User=0.00s Sys=0.00s Real=0.00s
[2025-09-23T10:28:39.246+0800][info][gc,start    ] GC(23) Pause Young (Normal) (G1 Evacuation Pause)
[2025-09-23T10:28:39.246+0800][info][gc,task     ] GC(23) Using 8 workers of 8 for evacuation
[2025-09-23T10:28:39.247+0800][info][gc,phases   ] GC(23)   Pre Evacuate Collection Set: 0.1ms
[2025-09-23T10:28:39.247+0800][info][gc,phases   ] GC(23)   Merge Heap Roots: 0.1ms
[2025-09-23T10:28:39.247+0800][info][gc,phases   ] GC(23)   Evacuate Collection Set: 0.2ms
[2025-09-23T10:28:39.247+0800][info][gc,phases   ] GC(23)   Post Evacuate Collection Set: 0.3ms
[2025-09-23T10:28:39.247+0800][info][gc,phases   ] GC(23)   Other: 0.0ms
[2025-09-23T10:28:39.247+0800][info][gc,heap     ] GC(23) Eden regions: 152->0(152)
[2025-09-23T10:28:39.247+0800][info][gc,heap     ] GC(23) Survivor regions: 1->1(20)
[2025-09-23T10:28:39.247+0800][info][gc,heap     ] GC(23) Old regions: 2->2
[2025-09-23T10:28:39.247+0800][info][gc,heap     ] GC(23) Humongous regions: 0->0
[2025-09-23T10:28:39.247+0800][info][gc,metaspace] GC(23) Metaspace: 31915K(32512K)->31915K(32512K) NonClass: 27379K(27712K)->27379K(27712K) Class: 4535K(4800K)->4535K(4800K)
[2025-09-23T10:28:39.247+0800][info][gc          ] GC(23) Pause Young (Normal) (G1 Evacuation Pause) 2448M->16M(4096M) 0.793ms
[2025-09-23T10:28:39.247+0800][info][gc,cpu      ] GC(23) User=0.00s Sys=0.00s Real=0.00s
[2025-09-23T10:28:44.945+0800][info][gc,start    ] GC(24) Pause Young (Normal) (G1 Evacuation Pause)
[2025-09-23T10:28:44.945+0800][info][gc,task     ] GC(24) Using 8 workers of 8 for evacuation
[2025-09-23T10:28:44.946+0800][info][gc,phases   ] GC(24)   Pre Evacuate Collection Set: 0.1ms
[2025-09-23T10:28:44.946+0800][info][gc,phases   ] GC(24)   Merge Heap Roots: 0.1ms
[2025-09-23T10:28:44.946+0800][info][gc,phases   ] GC(24)   Evacuate Collection Set: 0.2ms
[2025-09-23T10:28:44.946+0800][info][gc,phases   ] GC(24)   Post Evacuate Collection Set: 0.3ms
[2025-09-23T10:28:44.946+0800][info][gc,phases   ] GC(24)   Other: 0.0ms
[2025-09-23T10:28:44.946+0800][info][gc,heap     ] GC(24) Eden regions: 152->0(152)
[2025-09-23T10:28:44.946+0800][info][gc,heap     ] GC(24) Survivor regions: 1->1(20)
[2025-09-23T10:28:44.946+0800][info][gc,heap     ] GC(24) Old regions: 2->2
[2025-09-23T10:28:44.946+0800][info][gc,heap     ] GC(24) Humongous regions: 0->0
[2025-09-23T10:28:44.946+0800][info][gc,metaspace] GC(24) Metaspace: 31915K(32512K)->31915K(32512K) NonClass: 27379K(27712K)->27379K(27712K) Class: 4535K(4800K)->4535K(4800K)
[2025-09-23T10:28:44.946+0800][info][gc          ] GC(24) Pause Young (Normal) (G1 Evacuation Pause) 2448M->16M(4096M) 0.769ms
[2025-09-23T10:28:44.946+0800][info][gc,cpu      ] GC(24) User=0.01s Sys=0.00s Real=0.00s
[2025-09-23T10:28:51.892+0800][info][gc,start    ] GC(25) Pause Young (Normal) (G1 Evacuation Pause)
[2025-09-23T10:28:51.892+0800][info][gc,task     ] GC(25) Using 8 workers of 8 for evacuation
[2025-09-23T10:28:51.892+0800][info][gc,phases   ] GC(25)   Pre Evacuate Collection Set: 0.1ms
[2025-09-23T10:28:51.892+0800][info][gc,phases   ] GC(25)   Merge Heap Roots: 0.1ms
[2025-09-23T10:28:51.892+0800][info][gc,phases   ] GC(25)   Evacuate Collection Set: 0.2ms
[2025-09-23T10:28:51.892+0800][info][gc,phases   ] GC(25)   Post Evacuate Collection Set: 0.3ms
[2025-09-23T10:28:51.892+0800][info][gc,phases   ] GC(25)   Other: 0.0ms
[2025-09-23T10:28:51.892+0800][info][gc,heap     ] GC(25) Eden regions: 152->0(152)
[2025-09-23T10:28:51.892+0800][info][gc,heap     ] GC(25) Survivor regions: 1->1(20)
[2025-09-23T10:28:51.892+0800][info][gc,heap     ] GC(25) Old regions: 2->2
[2025-09-23T10:28:51.892+0800][info][gc,heap     ] GC(25) Humongous regions: 0->0
[2025-09-23T10:28:51.893+0800][info][gc,metaspace] GC(25) Metaspace: 31915K(32512K)->31915K(32512K) NonClass: 27379K(27712K)->27379K(27712K) Class: 4535K(4800K)->4535K(4800K)
[2025-09-23T10:28:51.893+0800][info][gc          ] GC(25) Pause Young (Normal) (G1 Evacuation Pause) 2448M->16M(4096M) 0.734ms
[2025-09-23T10:28:51.893+0800][info][gc,cpu      ] GC(25) User=0.00s Sys=0.00s Real=0.00s
[2025-09-23T10:28:58.253+0800][info][gc,start    ] GC(26) Pause Young (Normal) (G1 Evacuation Pause)
[2025-09-23T10:28:58.253+0800][info][gc,task     ] GC(26) Using 8 workers of 8 for evacuation
[2025-09-23T10:28:58.253+0800][info][gc,phases   ] GC(26)   Pre Evacuate Collection Set: 0.1ms
[2025-09-23T10:28:58.254+0800][info][gc,phases   ] GC(26)   Merge Heap Roots: 0.1ms
[2025-09-23T10:28:58.254+0800][info][gc,phases   ] GC(26)   Evacuate Collection Set: 0.2ms
[2025-09-23T10:28:58.254+0800][info][gc,phases   ] GC(26)   Post Evacuate Collection Set: 0.3ms
[2025-09-23T10:28:58.254+0800][info][gc,phases   ] GC(26)   Other: 0.0ms
[2025-09-23T10:28:58.254+0800][info][gc,heap     ] GC(26) Eden regions: 152->0(152)
[2025-09-23T10:28:58.254+0800][info][gc,heap     ] GC(26) Survivor regions: 1->1(20)
[2025-09-23T10:28:58.254+0800][info][gc,heap     ] GC(26) Old regions: 2->2
[2025-09-23T10:28:58.254+0800][info][gc,heap     ] GC(26) Humongous regions: 0->0
[2025-09-23T10:28:58.254+0800][info][gc,metaspace] GC(26) Metaspace: 31915K(32512K)->31915K(32512K) NonClass: 27379K(27712K)->27379K(27712K) Class: 4535K(4800K)->4535K(4800K)
[2025-09-23T10:28:58.254+0800][info][gc          ] GC(26) Pause Young (Normal) (G1 Evacuation Pause) 2448M->16M(4096M) 0.758ms
[2025-09-23T10:28:58.254+0800][info][gc,cpu      ] GC(26) User=0.00s Sys=0.00s Real=0.00s
[2025-09-23T10:29:04.313+0800][info][gc,start    ] GC(27) Pause Young (Normal) (G1 Evacuation Pause)
[2025-09-23T10:29:04.313+0800][info][gc,task     ] GC(27) Using 8 workers of 8 for evacuation
[2025-09-23T10:29:04.314+0800][info][gc,phases   ] GC(27)   Pre Evacuate Collection Set: 0.1ms
[2025-09-23T10:29:04.314+0800][info][gc,phases   ] GC(27)   Merge Heap Roots: 0.1ms
[2025-09-23T10:29:04.314+0800][info][gc,phases   ] GC(27)   Evacuate Collection Set: 0.2ms
[2025-09-23T10:29:04.314+0800][info][gc,phases   ] GC(27)   Post Evacuate Collection Set: 0.3ms
[2025-09-23T10:29:04.314+0800][info][gc,phases   ] GC(27)   Other: 0.0ms
[2025-09-23T10:29:04.314+0800][info][gc,heap     ] GC(27) Eden regions: 152->0(152)
[2025-09-23T10:29:04.314+0800][info][gc,heap     ] GC(27) Survivor regions: 1->1(20)
[2025-09-23T10:29:04.314+0800][info][gc,heap     ] GC(27) Old regions: 2->2
[2025-09-23T10:29:04.314+0800][info][gc,heap     ] GC(27) Humongous regions: 0->0
[2025-09-23T10:29:04.314+0800][info][gc,metaspace] GC(27) Metaspace: 31915K(32512K)->31915K(32512K) NonClass: 27379K(27712K)->27379K(27712K) Class: 4535K(4800K)->4535K(4800K)
[2025-09-23T10:29:04.314+0800][info][gc          ] GC(27) Pause Young (Normal) (G1 Evacuation Pause) 2448M->16M(4096M) 0.782ms
[2025-09-23T10:29:04.314+0800][info][gc,cpu      ] GC(27) User=0.00s Sys=0.00s Real=0.00s
[2025-09-23T10:29:10.534+0800][info][gc,start    ] GC(28) Pause Young (Normal) (G1 Evacuation Pause)
[2025-09-23T10:29:10.534+0800][info][gc,task     ] GC(28) Using 8 workers of 8 for evacuation
[2025-09-23T10:29:10.535+0800][info][gc,phases   ] GC(28)   Pre Evacuate Collection Set: 0.1ms
[2025-09-23T10:29:10.535+0800][info][gc,phases   ] GC(28)   Merge Heap Roots: 0.1ms
[2025-09-23T10:29:10.535+0800][info][gc,phases   ] GC(28)   Evacuate Collection Set: 0.2ms
[2025-09-23T10:29:10.535+0800][info][gc,phases   ] GC(28)   Post Evacuate Collection Set: 0.3ms
[2025-09-23T10:29:10.535+0800][info][gc,phases   ] GC(28)   Other: 0.0ms
[2025-09-23T10:29:10.535+0800][info][gc,heap     ] GC(28) Eden regions: 152->0(152)
[2025-09-23T10:29:10.535+0800][info][gc,heap     ] GC(28) Survivor regions: 1->1(20)
[2025-09-23T10:29:10.535+0800][info][gc,heap     ] GC(28) Old regions: 2->2
[2025-09-23T10:29:10.535+0800][info][gc,heap     ] GC(28) Humongous regions: 0->0
[2025-09-23T10:29:10.535+0800][info][gc,metaspace] GC(28) Metaspace: 31915K(32512K)->31915K(32512K) NonClass: 27379K(27712K)->27379K(27712K) Class: 4535K(4800K)->4535K(4800K)
[2025-09-23T10:29:10.535+0800][info][gc          ] GC(28) Pause Young (Normal) (G1 Evacuation Pause) 2448M->16M(4096M) 0.800ms
[2025-09-23T10:29:10.535+0800][info][gc,cpu      ] GC(28) User=0.01s Sys=0.00s Real=0.00s
[2025-09-23T10:29:16.885+0800][info][gc,start    ] GC(29) Pause Young (Normal) (G1 Evacuation Pause)
[2025-09-23T10:29:16.885+0800][info][gc,task     ] GC(29) Using 8 workers of 8 for evacuation
[2025-09-23T10:29:16.886+0800][info][gc,phases   ] GC(29)   Pre Evacuate Collection Set: 0.1ms
[2025-09-23T10:29:16.886+0800][info][gc,phases   ] GC(29)   Merge Heap Roots: 0.1ms
[2025-09-23T10:29:16.886+0800][info][gc,phases   ] GC(29)   Evacuate Collection Set: 0.2ms
[2025-09-23T10:29:16.886+0800][info][gc,phases   ] GC(29)   Post Evacuate Collection Set: 0.3ms
[2025-09-23T10:29:16.886+0800][info][gc,phases   ] GC(29)   Other: 0.0ms
[2025-09-23T10:29:16.886+0800][info][gc,heap     ] GC(29) Eden regions: 152->0(152)
[2025-09-23T10:29:16.886+0800][info][gc,heap     ] GC(29) Survivor regions: 1->1(20)
[2025-09-23T10:29:16.886+0800][info][gc,heap     ] GC(29) Old regions: 2->2
[2025-09-23T10:29:16.886+0800][info][gc,heap     ] GC(29) Humongous regions: 0->0
[2025-09-23T10:29:16.886+0800][info][gc,metaspace] GC(29) Metaspace: 31915K(32512K)->31915K(32512K) NonClass: 27379K(27712K)->27379K(27712K) Class: 4535K(4800K)->4535K(4800K)
[2025-09-23T10:29:16.886+0800][info][gc          ] GC(29) Pause Young (Normal) (G1 Evacuation Pause) 2448M->16M(4096M) 0.793ms
[2025-09-23T10:29:16.886+0800][info][gc,cpu      ] GC(29) User=0.00s Sys=0.00s Real=0.00s
[2025-09-23T10:29:23.382+0800][info][gc,start    ] GC(30) Pause Young (Normal) (G1 Evacuation Pause)
[2025-09-23T10:29:23.382+0800][info][gc,task     ] GC(30) Using 8 workers of 8 for evacuation
[2025-09-23T10:29:23.383+0800][info][gc,phases   ] GC(30)   Pre Evacuate Collection Set: 0.1ms
[2025-09-23T10:29:23.383+0800][info][gc,phases   ] GC(30)   Merge Heap Roots: 0.1ms
[2025-09-23T10:29:23.383+0800][info][gc,phases   ] GC(30)   Evacuate Collection Set: 0.2ms
[2025-09-23T10:29:23.383+0800][info][gc,phases   ] GC(30)   Post Evacuate Collection Set: 0.3ms
[2025-09-23T10:29:23.383+0800][info][gc,phases   ] GC(30)   Other: 0.0ms
[2025-09-23T10:29:23.383+0800][info][gc,heap     ] GC(30) Eden regions: 152->0(152)
[2025-09-23T10:29:23.383+0800][info][gc,heap     ] GC(30) Survivor regions: 1->1(20)
[2025-09-23T10:29:23.383+0800][info][gc,heap     ] GC(30) Old regions: 2->2
[2025-09-23T10:29:23.383+0800][info][gc,heap     ] GC(30) Humongous regions: 0->0
[2025-09-23T10:29:23.383+0800][info][gc,metaspace] GC(30) Metaspace: 31915K(32512K)->31915K(32512K) NonClass: 27379K(27712K)->27379K(27712K) Class: 4535K(4800K)->4535K(4800K)
[2025-09-23T10:29:23.383+0800][info][gc          ] GC(30) Pause Young (Normal) (G1 Evacuation Pause) 2448M->16M(4096M) 0.800ms
[2025-09-23T10:29:23.383+0800][info][gc,cpu      ] GC(30) User=0.00s Sys=0.00s Real=0.00s
[2025-09-23T10:29:29.611+0800][info][gc,start    ] GC(31) Pause Young (Normal) (G1 Evacuation Pause)
[2025-09-23T10:29:29.611+0800][info][gc,task     ] GC(31) Using 8 workers of 8 for evacuation
[2025-09-23T10:29:29.611+0800][info][gc,phases   ] GC(31)   Pre Evacuate Collection Set: 0.1ms
[2025-09-23T10:29:29.611+0800][info][gc,phases   ] GC(31)   Merge Heap Roots: 0.1ms
[2025-09-23T10:29:29.611+0800][info][gc,phases   ] GC(31)   Evacuate Collection Set: 0.1ms
[2025-09-23T10:29:29.611+0800][info][gc,phases   ] GC(31)   Post Evacuate Collection Set: 0.3ms
[2025-09-23T10:29:29.611+0800][info][gc,phases   ] GC(31)   Other: 0.0ms
[2025-09-23T10:29:29.611+0800][info][gc,heap     ] GC(31) Eden regions: 152->0(152)
[2025-09-23T10:29:29.611+0800][info][gc,heap     ] GC(31) Survivor regions: 1->1(20)
[2025-09-23T10:29:29.611+0800][info][gc,heap     ] GC(31) Old regions: 2->2
[2025-09-23T10:29:29.611+0800][info][gc,heap     ] GC(31) Humongous regions: 0->0
[2025-09-23T10:29:29.611+0800][info][gc,metaspace] GC(31) Metaspace: 31915K(32512K)->31915K(32512K) NonClass: 27379K(27712K)->27379K(27712K) Class: 4535K(4800K)->4535K(4800K)
[2025-09-23T10:29:29.611+0800][info][gc          ] GC(31) Pause Young (Normal) (G1 Evacuation Pause) 2448M->16M(4096M) 0.775ms
[2025-09-23T10:29:29.611+0800][info][gc,cpu      ] GC(31) User=0.00s Sys=0.00s Real=0.00s
[2025-09-23T10:29:35.174+0800][info][gc,start    ] GC(32) Pause Young (Normal) (G1 Evacuation Pause)
[2025-09-23T10:29:35.174+0800][info][gc,task     ] GC(32) Using 8 workers of 8 for evacuation
[2025-09-23T10:29:35.175+0800][info][gc,phases   ] GC(32)   Pre Evacuate Collection Set: 0.1ms
[2025-09-23T10:29:35.175+0800][info][gc,phases   ] GC(32)   Merge Heap Roots: 0.1ms
[2025-09-23T10:29:35.175+0800][info][gc,phases   ] GC(32)   Evacuate Collection Set: 0.1ms
[2025-09-23T10:29:35.175+0800][info][gc,phases   ] GC(32)   Post Evacuate Collection Set: 0.3ms
[2025-09-23T10:29:35.175+0800][info][gc,phases   ] GC(32)   Other: 0.0ms
[2025-09-23T10:29:35.175+0800][info][gc,heap     ] GC(32) Eden regions: 152->0(152)
[2025-09-23T10:29:35.175+0800][info][gc,heap     ] GC(32) Survivor regions: 1->1(20)
[2025-09-23T10:29:35.175+0800][info][gc,heap     ] GC(32) Old regions: 2->2
[2025-09-23T10:29:35.175+0800][info][gc,heap     ] GC(32) Humongous regions: 0->0
[2025-09-23T10:29:35.175+0800][info][gc,metaspace] GC(32) Metaspace: 31915K(32512K)->31915K(32512K) NonClass: 27379K(27712K)->27379K(27712K) Class: 4535K(4800K)->4535K(4800K)
[2025-09-23T10:29:35.175+0800][info][gc          ] GC(32) Pause Young (Normal) (G1 Evacuation Pause) 2448M->16M(4096M) 0.730ms
[2025-09-23T10:29:35.175+0800][info][gc,cpu      ] GC(32) User=0.00s Sys=0.00s Real=0.01s
[2025-09-23T10:29:41.333+0800][info][gc,start    ] GC(33) Pause Young (Normal) (G1 Evacuation Pause)
[2025-09-23T10:29:41.333+0800][info][gc,task     ] GC(33) Using 8 workers of 8 for evacuation
[2025-09-23T10:29:41.333+0800][info][gc,phases   ] GC(33)   Pre Evacuate Collection Set: 0.1ms
[2025-09-23T10:29:41.333+0800][info][gc,phases   ] GC(33)   Merge Heap Roots: 0.1ms
[2025-09-23T10:29:41.333+0800][info][gc,phases   ] GC(33)   Evacuate Collection Set: 0.2ms
[2025-09-23T10:29:41.333+0800][info][gc,phases   ] GC(33)   Post Evacuate Collection Set: 0.3ms
[2025-09-23T10:29:41.333+0800][info][gc,phases   ] GC(33)   Other: 0.0ms
[2025-09-23T10:29:41.333+0800][info][gc,heap     ] GC(33) Eden regions: 152->0(152)
[2025-09-23T10:29:41.333+0800][info][gc,heap     ] GC(33) Survivor regions: 1->1(20)
[2025-09-23T10:29:41.333+0800][info][gc,heap     ] GC(33) Old regions: 2->2
[2025-09-23T10:29:41.333+0800][info][gc,heap     ] GC(33) Humongous regions: 0->0
[2025-09-23T10:29:41.333+0800][info][gc,metaspace] GC(33) Metaspace: 31915K(32512K)->31915K(32512K) NonClass: 27379K(27712K)->27379K(27712K) Class: 4535K(4800K)->4535K(4800K)
[2025-09-23T10:29:41.333+0800][info][gc          ] GC(33) Pause Young (Normal) (G1 Evacuation Pause) 2448M->16M(4096M) 0.761ms
[2025-09-23T10:29:41.333+0800][info][gc,cpu      ] GC(33) User=0.00s Sys=0.00s Real=0.00s
[2025-09-23T10:35:44.494+0800][info][gc,start    ] GC(34) Pause Young (Normal) (G1 Evacuation Pause)
[2025-09-23T10:35:44.494+0800][info][gc,task     ] GC(34) Using 8 workers of 8 for evacuation
[2025-09-23T10:35:44.494+0800][info][gc,phases   ] GC(34)   Pre Evacuate Collection Set: 0.1ms
[2025-09-23T10:35:44.494+0800][info][gc,phases   ] GC(34)   Merge Heap Roots: 0.1ms
[2025-09-23T10:35:44.494+0800][info][gc,phases   ] GC(34)   Evacuate Collection Set: 0.3ms
[2025-09-23T10:35:44.494+0800][info][gc,phases   ] GC(34)   Post Evacuate Collection Set: 0.3ms
[2025-09-23T10:35:44.494+0800][info][gc,phases   ] GC(34)   Other: 0.1ms
[2025-09-23T10:35:44.494+0800][info][gc,heap     ] GC(34) Eden regions: 152->0(152)
[2025-09-23T10:35:44.494+0800][info][gc,heap     ] GC(34) Survivor regions: 1->1(20)
[2025-09-23T10:35:44.494+0800][info][gc,heap     ] GC(34) Old regions: 2->2
[2025-09-23T10:35:44.494+0800][info][gc,heap     ] GC(34) Humongous regions: 0->0
[2025-09-23T10:35:44.494+0800][info][gc,metaspace] GC(34) Metaspace: 31916K(32512K)->31916K(32512K) NonClass: 27380K(27712K)->27380K(27712K) Class: 4536K(4800K)->4536K(4800K)
[2025-09-23T10:35:44.494+0800][info][gc          ] GC(34) Pause Young (Normal) (G1 Evacuation Pause) 2448M->16M(4096M) 0.890ms
[2025-09-23T10:35:44.494+0800][info][gc,cpu      ] GC(34) User=0.00s Sys=0.00s Real=0.00s
[2025-09-23T10:35:51.369+0800][info][gc,start    ] GC(35) Pause Young (Normal) (G1 Evacuation Pause)
[2025-09-23T10:35:51.369+0800][info][gc,task     ] GC(35) Using 8 workers of 8 for evacuation
[2025-09-23T10:35:51.370+0800][info][gc,phases   ] GC(35)   Pre Evacuate Collection Set: 0.1ms
[2025-09-23T10:35:51.370+0800][info][gc,phases   ] GC(35)   Merge Heap Roots: 0.1ms
[2025-09-23T10:35:51.370+0800][info][gc,phases   ] GC(35)   Evacuate Collection Set: 0.3ms
[2025-09-23T10:35:51.370+0800][info][gc,phases   ] GC(35)   Post Evacuate Collection Set: 0.3ms
[2025-09-23T10:35:51.370+0800][info][gc,phases   ] GC(35)   Other: 0.0ms
[2025-09-23T10:35:51.370+0800][info][gc,heap     ] GC(35) Eden regions: 152->0(152)
[2025-09-23T10:35:51.370+0800][info][gc,heap     ] GC(35) Survivor regions: 1->1(20)
[2025-09-23T10:35:51.370+0800][info][gc,heap     ] GC(35) Old regions: 2->2
[2025-09-23T10:35:51.370+0800][info][gc,heap     ] GC(35) Humongous regions: 0->0
[2025-09-23T10:35:51.370+0800][info][gc,metaspace] GC(35) Metaspace: 31916K(32512K)->31916K(32512K) NonClass: 27380K(27712K)->27380K(27712K) Class: 4536K(4800K)->4536K(4800K)
[2025-09-23T10:35:51.370+0800][info][gc          ] GC(35) Pause Young (Normal) (G1 Evacuation Pause) 2448M->16M(4096M) 0.874ms
[2025-09-23T10:35:51.370+0800][info][gc,cpu      ] GC(35) User=0.01s Sys=0.00s Real=0.00s
[2025-09-23T10:42:59.560+0800][info][gc,start    ] GC(36) Pause Young (Normal) (G1 Evacuation Pause)
[2025-09-23T10:42:59.560+0800][info][gc,task     ] GC(36) Using 8 workers of 8 for evacuation
[2025-09-23T10:42:59.561+0800][info][gc,phases   ] GC(36)   Pre Evacuate Collection Set: 0.1ms
[2025-09-23T10:42:59.561+0800][info][gc,phases   ] GC(36)   Merge Heap Roots: 0.1ms
[2025-09-23T10:42:59.561+0800][info][gc,phases   ] GC(36)   Evacuate Collection Set: 0.3ms
[2025-09-23T10:42:59.561+0800][info][gc,phases   ] GC(36)   Post Evacuate Collection Set: 0.3ms
[2025-09-23T10:42:59.561+0800][info][gc,phases   ] GC(36)   Other: 0.0ms
[2025-09-23T10:42:59.561+0800][info][gc,heap     ] GC(36) Eden regions: 152->0(152)
[2025-09-23T10:42:59.561+0800][info][gc,heap     ] GC(36) Survivor regions: 1->1(20)
[2025-09-23T10:42:59.561+0800][info][gc,heap     ] GC(36) Old regions: 2->2
[2025-09-23T10:42:59.561+0800][info][gc,heap     ] GC(36) Humongous regions: 0->0
[2025-09-23T10:42:59.561+0800][info][gc,metaspace] GC(36) Metaspace: 31916K(32512K)->31916K(32512K) NonClass: 27380K(27712K)->27380K(27712K) Class: 4536K(4800K)->4536K(4800K)
[2025-09-23T10:42:59.561+0800][info][gc          ] GC(36) Pause Young (Normal) (G1 Evacuation Pause) 2448M->16M(4096M) 0.910ms
[2025-09-23T10:42:59.561+0800][info][gc,cpu      ] GC(36) User=0.00s Sys=0.00s Real=0.00s
[2025-09-23T10:43:05.535+0800][info][gc,start    ] GC(37) Pause Young (Normal) (G1 Evacuation Pause)
[2025-09-23T10:43:05.535+0800][info][gc,task     ] GC(37) Using 8 workers of 8 for evacuation
[2025-09-23T10:43:05.536+0800][info][gc,phases   ] GC(37)   Pre Evacuate Collection Set: 0.1ms
[2025-09-23T10:43:05.536+0800][info][gc,phases   ] GC(37)   Merge Heap Roots: 0.1ms
[2025-09-23T10:43:05.536+0800][info][gc,phases   ] GC(37)   Evacuate Collection Set: 0.2ms
[2025-09-23T10:43:05.536+0800][info][gc,phases   ] GC(37)   Post Evacuate Collection Set: 0.3ms
[2025-09-23T10:43:05.536+0800][info][gc,phases   ] GC(37)   Other: 0.0ms
[2025-09-23T10:43:05.536+0800][info][gc,heap     ] GC(37) Eden regions: 152->0(152)
[2025-09-23T10:43:05.536+0800][info][gc,heap     ] GC(37) Survivor regions: 1->1(20)
[2025-09-23T10:43:05.536+0800][info][gc,heap     ] GC(37) Old regions: 2->2
[2025-09-23T10:43:05.536+0800][info][gc,heap     ] GC(37) Humongous regions: 0->0
[2025-09-23T10:43:05.536+0800][info][gc,metaspace] GC(37) Metaspace: 31916K(32512K)->31916K(32512K) NonClass: 27380K(27712K)->27380K(27712K) Class: 4536K(4800K)->4536K(4800K)
[2025-09-23T10:43:05.536+0800][info][gc          ] GC(37) Pause Young (Normal) (G1 Evacuation Pause) 2448M->16M(4096M) 0.838ms
[2025-09-23T10:43:05.536+0800][info][gc,cpu      ] GC(37) User=0.00s Sys=0.00s Real=0.00s
[2025-09-23T10:43:11.625+0800][info][gc,start    ] GC(38) Pause Young (Normal) (G1 Evacuation Pause)
[2025-09-23T10:43:11.625+0800][info][gc,task     ] GC(38) Using 8 workers of 8 for evacuation
[2025-09-23T10:43:11.626+0800][info][gc,phases   ] GC(38)   Pre Evacuate Collection Set: 0.1ms
[2025-09-23T10:43:11.626+0800][info][gc,phases   ] GC(38)   Merge Heap Roots: 0.1ms
[2025-09-23T10:43:11.626+0800][info][gc,phases   ] GC(38)   Evacuate Collection Set: 0.2ms
[2025-09-23T10:43:11.626+0800][info][gc,phases   ] GC(38)   Post Evacuate Collection Set: 0.3ms
[2025-09-23T10:43:11.626+0800][info][gc,phases   ] GC(38)   Other: 0.0ms
[2025-09-23T10:43:11.626+0800][info][gc,heap     ] GC(38) Eden regions: 152->0(152)
[2025-09-23T10:43:11.626+0800][info][gc,heap     ] GC(38) Survivor regions: 1->1(20)
[2025-09-23T10:43:11.626+0800][info][gc,heap     ] GC(38) Old regions: 2->2
[2025-09-23T10:43:11.626+0800][info][gc,heap     ] GC(38) Humongous regions: 0->0
[2025-09-23T10:43:11.626+0800][info][gc,metaspace] GC(38) Metaspace: 31916K(32512K)->31916K(32512K) NonClass: 27380K(27712K)->27380K(27712K) Class: 4536K(4800K)->4536K(4800K)
[2025-09-23T10:43:11.626+0800][info][gc          ] GC(38) Pause Young (Normal) (G1 Evacuation Pause) 2448M->16M(4096M) 0.849ms
[2025-09-23T10:43:11.626+0800][info][gc,cpu      ] GC(38) User=0.01s Sys=0.00s Real=0.00s
[2025-09-23T10:43:17.676+0800][info][gc,start    ] GC(39) Pause Young (Normal) (G1 Evacuation Pause)
[2025-09-23T10:43:17.676+0800][info][gc,task     ] GC(39) Using 8 workers of 8 for evacuation
[2025-09-23T10:43:17.677+0800][info][gc,phases   ] GC(39)   Pre Evacuate Collection Set: 0.1ms
[2025-09-23T10:43:17.677+0800][info][gc,phases   ] GC(39)   Merge Heap Roots: 0.1ms
[2025-09-23T10:43:17.677+0800][info][gc,phases   ] GC(39)   Evacuate Collection Set: 0.2ms
[2025-09-23T10:43:17.677+0800][info][gc,phases   ] GC(39)   Post Evacuate Collection Set: 0.3ms
[2025-09-23T10:43:17.677+0800][info][gc,phases   ] GC(39)   Other: 0.0ms
[2025-09-23T10:43:17.677+0800][info][gc,heap     ] GC(39) Eden regions: 152->0(152)
[2025-09-23T10:43:17.677+0800][info][gc,heap     ] GC(39) Survivor regions: 1->1(20)
[2025-09-23T10:43:17.677+0800][info][gc,heap     ] GC(39) Old regions: 2->2
[2025-09-23T10:43:17.677+0800][info][gc,heap     ] GC(39) Humongous regions: 0->0
[2025-09-23T10:43:17.677+0800][info][gc,metaspace] GC(39) Metaspace: 31916K(32512K)->31916K(32512K) NonClass: 27380K(27712K)->27380K(27712K) Class: 4536K(4800K)->4536K(4800K)
[2025-09-23T10:43:17.677+0800][info][gc          ] GC(39) Pause Young (Normal) (G1 Evacuation Pause) 2448M->16M(4096M) 0.850ms
[2025-09-23T10:43:17.677+0800][info][gc,cpu      ] GC(39) User=0.00s Sys=0.00s Real=0.00s
[2025-09-23T10:43:23.853+0800][info][gc,start    ] GC(40) Pause Young (Normal) (G1 Evacuation Pause)
[2025-09-23T10:43:23.853+0800][info][gc,task     ] GC(40) Using 8 workers of 8 for evacuation
[2025-09-23T10:43:23.854+0800][info][gc,phases   ] GC(40)   Pre Evacuate Collection Set: 0.1ms
[2025-09-23T10:43:23.854+0800][info][gc,phases   ] GC(40)   Merge Heap Roots: 0.1ms
[2025-09-23T10:43:23.854+0800][info][gc,phases   ] GC(40)   Evacuate Collection Set: 0.4ms
[2025-09-23T10:43:23.854+0800][info][gc,phases   ] GC(40)   Post Evacuate Collection Set: 0.3ms
[2025-09-23T10:43:23.854+0800][info][gc,phases   ] GC(40)   Other: 0.0ms
[2025-09-23T10:43:23.854+0800][info][gc,heap     ] GC(40) Eden regions: 152->0(152)
[2025-09-23T10:43:23.854+0800][info][gc,heap     ] GC(40) Survivor regions: 1->1(20)
[2025-09-23T10:43:23.854+0800][info][gc,heap     ] GC(40) Old regions: 2->2
[2025-09-23T10:43:23.854+0800][info][gc,heap     ] GC(40) Humongous regions: 0->0
[2025-09-23T10:43:23.854+0800][info][gc,metaspace] GC(40) Metaspace: 31916K(32512K)->31916K(32512K) NonClass: 27380K(27712K)->27380K(27712K) Class: 4536K(4800K)->4536K(4800K)
[2025-09-23T10:43:23.854+0800][info][gc          ] GC(40) Pause Young (Normal) (G1 Evacuation Pause) 2448M->16M(4096M) 0.987ms
[2025-09-23T10:43:23.854+0800][info][gc,cpu      ] GC(40) User=0.01s Sys=0.00s Real=0.00s
[2025-09-23T10:43:30.209+0800][info][gc,start    ] GC(41) Pause Young (Normal) (G1 Evacuation Pause)
[2025-09-23T10:43:30.209+0800][info][gc,task     ] GC(41) Using 8 workers of 8 for evacuation
[2025-09-23T10:43:30.210+0800][info][gc,phases   ] GC(41)   Pre Evacuate Collection Set: 0.1ms
[2025-09-23T10:43:30.210+0800][info][gc,phases   ] GC(41)   Merge Heap Roots: 0.1ms
[2025-09-23T10:43:30.210+0800][info][gc,phases   ] GC(41)   Evacuate Collection Set: 0.3ms
[2025-09-23T10:43:30.210+0800][info][gc,phases   ] GC(41)   Post Evacuate Collection Set: 0.3ms
[2025-09-23T10:43:30.210+0800][info][gc,phases   ] GC(41)   Other: 0.0ms
[2025-09-23T10:43:30.210+0800][info][gc,heap     ] GC(41) Eden regions: 152->0(152)
[2025-09-23T10:43:30.210+0800][info][gc,heap     ] GC(41) Survivor regions: 1->1(20)
[2025-09-23T10:43:30.210+0800][info][gc,heap     ] GC(41) Old regions: 2->2
[2025-09-23T10:43:30.210+0800][info][gc,heap     ] GC(41) Humongous regions: 0->0
[2025-09-23T10:43:30.210+0800][info][gc,metaspace] GC(41) Metaspace: 31916K(32512K)->31916K(32512K) NonClass: 27380K(27712K)->27380K(27712K) Class: 4536K(4800K)->4536K(4800K)
[2025-09-23T10:43:30.210+0800][info][gc          ] GC(41) Pause Young (Normal) (G1 Evacuation Pause) 2448M->16M(4096M) 0.861ms
[2025-09-23T10:43:30.210+0800][info][gc,cpu      ] GC(41) User=0.01s Sys=0.00s Real=0.00s
[2025-09-23T10:43:36.055+0800][info][gc,start    ] GC(42) Pause Young (Normal) (G1 Evacuation Pause)
[2025-09-23T10:43:36.056+0800][info][gc,task     ] GC(42) Using 8 workers of 8 for evacuation
[2025-09-23T10:43:36.056+0800][info][gc,phases   ] GC(42)   Pre Evacuate Collection Set: 0.1ms
[2025-09-23T10:43:36.056+0800][info][gc,phases   ] GC(42)   Merge Heap Roots: 0.1ms
[2025-09-23T10:43:36.056+0800][info][gc,phases   ] GC(42)   Evacuate Collection Set: 0.2ms
[2025-09-23T10:43:36.056+0800][info][gc,phases   ] GC(42)   Post Evacuate Collection Set: 0.3ms
[2025-09-23T10:43:36.056+0800][info][gc,phases   ] GC(42)   Other: 0.0ms
[2025-09-23T10:43:36.056+0800][info][gc,heap     ] GC(42) Eden regions: 152->0(152)
[2025-09-23T10:43:36.056+0800][info][gc,heap     ] GC(42) Survivor regions: 1->1(20)
[2025-09-23T10:43:36.056+0800][info][gc,heap     ] GC(42) Old regions: 2->2
[2025-09-23T10:43:36.056+0800][info][gc,heap     ] GC(42) Humongous regions: 0->0
[2025-09-23T10:43:36.056+0800][info][gc,metaspace] GC(42) Metaspace: 31916K(32512K)->31916K(32512K) NonClass: 27380K(27712K)->27380K(27712K) Class: 4536K(4800K)->4536K(4800K)
[2025-09-23T10:43:36.056+0800][info][gc          ] GC(42) Pause Young (Normal) (G1 Evacuation Pause) 2448M->16M(4096M) 0.831ms
[2025-09-23T10:43:36.056+0800][info][gc,cpu      ] GC(42) User=0.00s Sys=0.00s Real=0.00s
[2025-09-23T10:43:42.290+0800][info][gc,start    ] GC(43) Pause Young (Normal) (G1 Evacuation Pause)
[2025-09-23T10:43:42.290+0800][info][gc,task     ] GC(43) Using 8 workers of 8 for evacuation
[2025-09-23T10:43:42.291+0800][info][gc,phases   ] GC(43)   Pre Evacuate Collection Set: 0.1ms
[2025-09-23T10:43:42.291+0800][info][gc,phases   ] GC(43)   Merge Heap Roots: 0.1ms
[2025-09-23T10:43:42.291+0800][info][gc,phases   ] GC(43)   Evacuate Collection Set: 0.3ms
[2025-09-23T10:43:42.291+0800][info][gc,phases   ] GC(43)   Post Evacuate Collection Set: 0.3ms
[2025-09-23T10:43:42.291+0800][info][gc,phases   ] GC(43)   Other: 0.0ms
[2025-09-23T10:43:42.291+0800][info][gc,heap     ] GC(43) Eden regions: 152->0(152)
[2025-09-23T10:43:42.291+0800][info][gc,heap     ] GC(43) Survivor regions: 1->1(20)
[2025-09-23T10:43:42.291+0800][info][gc,heap     ] GC(43) Old regions: 2->2
[2025-09-23T10:43:42.291+0800][info][gc,heap     ] GC(43) Humongous regions: 0->0
[2025-09-23T10:43:42.291+0800][info][gc,metaspace] GC(43) Metaspace: 31916K(32512K)->31916K(32512K) NonClass: 27380K(27712K)->27380K(27712K) Class: 4536K(4800K)->4536K(4800K)
[2025-09-23T10:43:42.291+0800][info][gc          ] GC(43) Pause Young (Normal) (G1 Evacuation Pause) 2448M->16M(4096M) 0.899ms
[2025-09-23T10:43:42.291+0800][info][gc,cpu      ] GC(43) User=0.01s Sys=0.00s Real=0.00s
[2025-09-23T10:43:48.550+0800][info][gc,start    ] GC(44) Pause Young (Normal) (G1 Evacuation Pause)
[2025-09-23T10:43:48.550+0800][info][gc,task     ] GC(44) Using 8 workers of 8 for evacuation
[2025-09-23T10:43:48.551+0800][info][gc,phases   ] GC(44)   Pre Evacuate Collection Set: 0.1ms
[2025-09-23T10:43:48.551+0800][info][gc,phases   ] GC(44)   Merge Heap Roots: 0.1ms
[2025-09-23T10:43:48.551+0800][info][gc,phases   ] GC(44)   Evacuate Collection Set: 0.2ms
[2025-09-23T10:43:48.551+0800][info][gc,phases   ] GC(44)   Post Evacuate Collection Set: 0.3ms
[2025-09-23T10:43:48.551+0800][info][gc,phases   ] GC(44)   Other: 0.0ms
[2025-09-23T10:43:48.551+0800][info][gc,heap     ] GC(44) Eden regions: 152->0(152)
[2025-09-23T10:43:48.551+0800][info][gc,heap     ] GC(44) Survivor regions: 1->1(20)
[2025-09-23T10:43:48.551+0800][info][gc,heap     ] GC(44) Old regions: 2->2
[2025-09-23T10:43:48.551+0800][info][gc,heap     ] GC(44) Humongous regions: 0->0
[2025-09-23T10:43:48.551+0800][info][gc,metaspace] GC(44) Metaspace: 31916K(32512K)->31916K(32512K) NonClass: 27380K(27712K)->27380K(27712K) Class: 4536K(4800K)->4536K(4800K)
[2025-09-23T10:43:48.551+0800][info][gc          ] GC(44) Pause Young (Normal) (G1 Evacuation Pause) 2448M->16M(4096M) 0.856ms
[2025-09-23T10:43:48.551+0800][info][gc,cpu      ] GC(44) User=0.00s Sys=0.00s Real=0.00s
[2025-09-23T10:43:54.643+0800][info][gc,start    ] GC(45) Pause Young (Normal) (G1 Evacuation Pause)
[2025-09-23T10:43:54.643+0800][info][gc,task     ] GC(45) Using 8 workers of 8 for evacuation
[2025-09-23T10:43:54.643+0800][info][gc,phases   ] GC(45)   Pre Evacuate Collection Set: 0.1ms
[2025-09-23T10:43:54.643+0800][info][gc,phases   ] GC(45)   Merge Heap Roots: 0.1ms
[2025-09-23T10:43:54.643+0800][info][gc,phases   ] GC(45)   Evacuate Collection Set: 0.2ms
[2025-09-23T10:43:54.644+0800][info][gc,phases   ] GC(45)   Post Evacuate Collection Set: 0.3ms
[2025-09-23T10:43:54.644+0800][info][gc,phases   ] GC(45)   Other: 0.0ms
[2025-09-23T10:43:54.644+0800][info][gc,heap     ] GC(45) Eden regions: 152->0(152)
[2025-09-23T10:43:54.644+0800][info][gc,heap     ] GC(45) Survivor regions: 1->1(20)
[2025-09-23T10:43:54.644+0800][info][gc,heap     ] GC(45) Old regions: 2->2
[2025-09-23T10:43:54.644+0800][info][gc,heap     ] GC(45) Humongous regions: 0->0
[2025-09-23T10:43:54.644+0800][info][gc,metaspace] GC(45) Metaspace: 31916K(32512K)->31916K(32512K) NonClass: 27380K(27712K)->27380K(27712K) Class: 4536K(4800K)->4536K(4800K)
[2025-09-23T10:43:54.644+0800][info][gc          ] GC(45) Pause Young (Normal) (G1 Evacuation Pause) 2448M->16M(4096M) 0.840ms
[2025-09-23T10:43:54.644+0800][info][gc,cpu      ] GC(45) User=0.00s Sys=0.01s Real=0.01s
[2025-09-23T10:44:00.908+0800][info][gc,start    ] GC(46) Pause Young (Normal) (G1 Evacuation Pause)
[2025-09-23T10:44:00.908+0800][info][gc,task     ] GC(46) Using 8 workers of 8 for evacuation
[2025-09-23T10:44:00.909+0800][info][gc,phases   ] GC(46)   Pre Evacuate Collection Set: 0.1ms
[2025-09-23T10:44:00.909+0800][info][gc,phases   ] GC(46)   Merge Heap Roots: 0.1ms
[2025-09-23T10:44:00.909+0800][info][gc,phases   ] GC(46)   Evacuate Collection Set: 0.2ms
[2025-09-23T10:44:00.909+0800][info][gc,phases   ] GC(46)   Post Evacuate Collection Set: 0.3ms
[2025-09-23T10:44:00.909+0800][info][gc,phases   ] GC(46)   Other: 0.1ms
[2025-09-23T10:44:00.909+0800][info][gc,heap     ] GC(46) Eden regions: 152->0(152)
[2025-09-23T10:44:00.909+0800][info][gc,heap     ] GC(46) Survivor regions: 1->1(20)
[2025-09-23T10:44:00.909+0800][info][gc,heap     ] GC(46) Old regions: 2->2
[2025-09-23T10:44:00.909+0800][info][gc,heap     ] GC(46) Humongous regions: 0->0
[2025-09-23T10:44:00.909+0800][info][gc,metaspace] GC(46) Metaspace: 31916K(32512K)->31916K(32512K) NonClass: 27380K(27712K)->27380K(27712K) Class: 4536K(4800K)->4536K(4800K)
[2025-09-23T10:44:00.909+0800][info][gc          ] GC(46) Pause Young (Normal) (G1 Evacuation Pause) 2448M->16M(4096M) 0.871ms
[2025-09-23T10:44:00.909+0800][info][gc,cpu      ] GC(46) User=0.00s Sys=0.00s Real=0.00s
[2025-09-23T10:44:07.463+0800][info][gc,start    ] GC(47) Pause Young (Normal) (G1 Evacuation Pause)
[2025-09-23T10:44:07.463+0800][info][gc,task     ] GC(47) Using 8 workers of 8 for evacuation
[2025-09-23T10:44:07.464+0800][info][gc,phases   ] GC(47)   Pre Evacuate Collection Set: 0.1ms
[2025-09-23T10:44:07.464+0800][info][gc,phases   ] GC(47)   Merge Heap Roots: 0.1ms
[2025-09-23T10:44:07.464+0800][info][gc,phases   ] GC(47)   Evacuate Collection Set: 0.3ms
[2025-09-23T10:44:07.464+0800][info][gc,phases   ] GC(47)   Post Evacuate Collection Set: 0.3ms
[2025-09-23T10:44:07.464+0800][info][gc,phases   ] GC(47)   Other: 0.0ms
[2025-09-23T10:44:07.464+0800][info][gc,heap     ] GC(47) Eden regions: 152->0(152)
[2025-09-23T10:44:07.464+0800][info][gc,heap     ] GC(47) Survivor regions: 1->1(20)
[2025-09-23T10:44:07.464+0800][info][gc,heap     ] GC(47) Old regions: 2->2
[2025-09-23T10:44:07.464+0800][info][gc,heap     ] GC(47) Humongous regions: 0->0
[2025-09-23T10:44:07.464+0800][info][gc,metaspace] GC(47) Metaspace: 31916K(32512K)->31916K(32512K) NonClass: 27380K(27712K)->27380K(27712K) Class: 4536K(4800K)->4536K(4800K)
[2025-09-23T10:44:07.464+0800][info][gc          ] GC(47) Pause Young (Normal) (G1 Evacuation Pause) 2448M->16M(4096M) 0.872ms
[2025-09-23T10:44:07.464+0800][info][gc,cpu      ] GC(47) User=0.01s Sys=0.01s Real=0.00s
[2025-09-23T10:44:13.884+0800][info][gc,start    ] GC(48) Pause Young (Normal) (G1 Evacuation Pause)
[2025-09-23T10:44:13.884+0800][info][gc,task     ] GC(48) Using 8 workers of 8 for evacuation
[2025-09-23T10:44:13.885+0800][info][gc,phases   ] GC(48)   Pre Evacuate Collection Set: 0.1ms
[2025-09-23T10:44:13.885+0800][info][gc,phases   ] GC(48)   Merge Heap Roots: 0.1ms
[2025-09-23T10:44:13.885+0800][info][gc,phases   ] GC(48)   Evacuate Collection Set: 0.2ms
[2025-09-23T10:44:13.885+0800][info][gc,phases   ] GC(48)   Post Evacuate Collection Set: 0.3ms
[2025-09-23T10:44:13.885+0800][info][gc,phases   ] GC(48)   Other: 0.0ms
[2025-09-23T10:44:13.885+0800][info][gc,heap     ] GC(48) Eden regions: 152->0(152)
[2025-09-23T10:44:13.885+0800][info][gc,heap     ] GC(48) Survivor regions: 1->1(20)
[2025-09-23T10:44:13.885+0800][info][gc,heap     ] GC(48) Old regions: 2->2
[2025-09-23T10:44:13.885+0800][info][gc,heap     ] GC(48) Humongous regions: 0->0
[2025-09-23T10:44:13.885+0800][info][gc,metaspace] GC(48) Metaspace: 31916K(32512K)->31916K(32512K) NonClass: 27380K(27712K)->27380K(27712K) Class: 4536K(4800K)->4536K(4800K)
[2025-09-23T10:44:13.885+0800][info][gc          ] GC(48) Pause Young (Normal) (G1 Evacuation Pause) 2448M->16M(4096M) 0.855ms
[2025-09-23T10:44:13.885+0800][info][gc,cpu      ] GC(48) User=0.01s Sys=0.00s Real=0.00s
[2025-09-23T10:44:19.907+0800][info][gc,start    ] GC(49) Pause Young (Normal) (G1 Evacuation Pause)
[2025-09-23T10:44:19.907+0800][info][gc,task     ] GC(49) Using 8 workers of 8 for evacuation
[2025-09-23T10:44:19.908+0800][info][gc,phases   ] GC(49)   Pre Evacuate Collection Set: 0.1ms
[2025-09-23T10:44:19.908+0800][info][gc,phases   ] GC(49)   Merge Heap Roots: 0.1ms
[2025-09-23T10:44:19.908+0800][info][gc,phases   ] GC(49)   Evacuate Collection Set: 0.2ms
[2025-09-23T10:44:19.908+0800][info][gc,phases   ] GC(49)   Post Evacuate Collection Set: 0.3ms
[2025-09-23T10:44:19.908+0800][info][gc,phases   ] GC(49)   Other: 0.0ms
[2025-09-23T10:44:19.908+0800][info][gc,heap     ] GC(49) Eden regions: 152->0(152)
[2025-09-23T10:44:19.908+0800][info][gc,heap     ] GC(49) Survivor regions: 1->1(20)
[2025-09-23T10:44:19.908+0800][info][gc,heap     ] GC(49) Old regions: 2->2
[2025-09-23T10:44:19.908+0800][info][gc,heap     ] GC(49) Humongous regions: 0->0
[2025-09-23T10:44:19.908+0800][info][gc,metaspace] GC(49) Metaspace: 31916K(32512K)->31916K(32512K) NonClass: 27380K(27712K)->27380K(27712K) Class: 4536K(4800K)->4536K(4800K)
[2025-09-23T10:44:19.908+0800][info][gc          ] GC(49) Pause Young (Normal) (G1 Evacuation Pause) 2448M->16M(4096M) 0.825ms
[2025-09-23T10:44:19.908+0800][info][gc,cpu      ] GC(49) User=0.00s Sys=0.00s Real=0.00s
[2025-09-23T10:44:25.641+0800][info][gc,start    ] GC(50) Pause Young (Normal) (G1 Evacuation Pause)
[2025-09-23T10:44:25.641+0800][info][gc,task     ] GC(50) Using 8 workers of 8 for evacuation
[2025-09-23T10:44:25.642+0800][info][gc,phases   ] GC(50)   Pre Evacuate Collection Set: 0.1ms
[2025-09-23T10:44:25.642+0800][info][gc,phases   ] GC(50)   Merge Heap Roots: 0.1ms
[2025-09-23T10:44:25.642+0800][info][gc,phases   ] GC(50)   Evacuate Collection Set: 0.2ms
[2025-09-23T10:44:25.642+0800][info][gc,phases   ] GC(50)   Post Evacuate Collection Set: 0.3ms
[2025-09-23T10:44:25.642+0800][info][gc,phases   ] GC(50)   Other: 0.0ms
[2025-09-23T10:44:25.642+0800][info][gc,heap     ] GC(50) Eden regions: 152->0(152)
[2025-09-23T10:44:25.642+0800][info][gc,heap     ] GC(50) Survivor regions: 1->1(20)
[2025-09-23T10:44:25.642+0800][info][gc,heap     ] GC(50) Old regions: 2->2
[2025-09-23T10:44:25.642+0800][info][gc,heap     ] GC(50) Humongous regions: 0->0
[2025-09-23T10:44:25.642+0800][info][gc,metaspace] GC(50) Metaspace: 31916K(32512K)->31916K(32512K) NonClass: 27380K(27712K)->27380K(27712K) Class: 4536K(4800K)->4536K(4800K)
[2025-09-23T10:44:25.642+0800][info][gc          ] GC(50) Pause Young (Normal) (G1 Evacuation Pause) 2448M->16M(4096M) 0.821ms
[2025-09-23T10:44:25.642+0800][info][gc,cpu      ] GC(50) User=0.00s Sys=0.00s Real=0.00s
[2025-09-23T10:44:32.379+0800][info][gc,start    ] GC(51) Pause Young (Normal) (G1 Evacuation Pause)
[2025-09-23T10:44:32.379+0800][info][gc,task     ] GC(51) Using 8 workers of 8 for evacuation
[2025-09-23T10:44:32.379+0800][info][gc,phases   ] GC(51)   Pre Evacuate Collection Set: 0.1ms
[2025-09-23T10:44:32.379+0800][info][gc,phases   ] GC(51)   Merge Heap Roots: 0.1ms
[2025-09-23T10:44:32.379+0800][info][gc,phases   ] GC(51)   Evacuate Collection Set: 0.2ms
[2025-09-23T10:44:32.379+0800][info][gc,phases   ] GC(51)   Post Evacuate Collection Set: 0.3ms
[2025-09-23T10:44:32.379+0800][info][gc,phases   ] GC(51)   Other: 0.0ms
[2025-09-23T10:44:32.379+0800][info][gc,heap     ] GC(51) Eden regions: 152->0(152)
[2025-09-23T10:44:32.379+0800][info][gc,heap     ] GC(51) Survivor regions: 1->1(20)
[2025-09-23T10:44:32.379+0800][info][gc,heap     ] GC(51) Old regions: 2->2
[2025-09-23T10:44:32.379+0800][info][gc,heap     ] GC(51) Humongous regions: 0->0
[2025-09-23T10:44:32.379+0800][info][gc,metaspace] GC(51) Metaspace: 31916K(32512K)->31916K(32512K) NonClass: 27380K(27712K)->27380K(27712K) Class: 4536K(4800K)->4536K(4800K)
[2025-09-23T10:44:32.380+0800][info][gc          ] GC(51) Pause Young (Normal) (G1 Evacuation Pause) 2448M->16M(4096M) 0.813ms
[2025-09-23T10:44:32.380+0800][info][gc,cpu      ] GC(51) User=0.00s Sys=0.00s Real=0.00s
[2025-09-23T10:44:38.112+0800][info][gc,start    ] GC(52) Pause Young (Normal) (G1 Evacuation Pause)
[2025-09-23T10:44:38.112+0800][info][gc,task     ] GC(52) Using 8 workers of 8 for evacuation
[2025-09-23T10:44:38.112+0800][info][gc,phases   ] GC(52)   Pre Evacuate Collection Set: 0.1ms
[2025-09-23T10:44:38.112+0800][info][gc,phases   ] GC(52)   Merge Heap Roots: 0.1ms
[2025-09-23T10:44:38.112+0800][info][gc,phases   ] GC(52)   Evacuate Collection Set: 0.2ms
[2025-09-23T10:44:38.112+0800][info][gc,phases   ] GC(52)   Post Evacuate Collection Set: 0.3ms
[2025-09-23T10:44:38.112+0800][info][gc,phases   ] GC(52)   Other: 0.0ms
[2025-09-23T10:44:38.113+0800][info][gc,heap     ] GC(52) Eden regions: 152->0(152)
[2025-09-23T10:44:38.113+0800][info][gc,heap     ] GC(52) Survivor regions: 1->1(20)
[2025-09-23T10:44:38.113+0800][info][gc,heap     ] GC(52) Old regions: 2->2
[2025-09-23T10:44:38.113+0800][info][gc,heap     ] GC(52) Humongous regions: 0->0
[2025-09-23T10:44:38.113+0800][info][gc,metaspace] GC(52) Metaspace: 31916K(32512K)->31916K(32512K) NonClass: 27380K(27712K)->27380K(27712K) Class: 4536K(4800K)->4536K(4800K)
[2025-09-23T10:44:38.113+0800][info][gc          ] GC(52) Pause Young (Normal) (G1 Evacuation Pause) 2448M->16M(4096M) 0.823ms
[2025-09-23T10:44:38.113+0800][info][gc,cpu      ] GC(52) User=0.00s Sys=0.00s Real=0.00s
[2025-09-23T10:44:45.018+0800][info][gc,start    ] GC(53) Pause Young (Normal) (G1 Evacuation Pause)
[2025-09-23T10:44:45.018+0800][info][gc,task     ] GC(53) Using 8 workers of 8 for evacuation
[2025-09-23T10:44:45.019+0800][info][gc,phases   ] GC(53)   Pre Evacuate Collection Set: 0.1ms
[2025-09-23T10:44:45.019+0800][info][gc,phases   ] GC(53)   Merge Heap Roots: 0.1ms
[2025-09-23T10:44:45.019+0800][info][gc,phases   ] GC(53)   Evacuate Collection Set: 0.2ms
[2025-09-23T10:44:45.019+0800][info][gc,phases   ] GC(53)   Post Evacuate Collection Set: 0.3ms
[2025-09-23T10:44:45.019+0800][info][gc,phases   ] GC(53)   Other: 0.0ms
[2025-09-23T10:44:45.019+0800][info][gc,heap     ] GC(53) Eden regions: 152->0(152)
[2025-09-23T10:44:45.019+0800][info][gc,heap     ] GC(53) Survivor regions: 1->1(20)
[2025-09-23T10:44:45.019+0800][info][gc,heap     ] GC(53) Old regions: 2->2
[2025-09-23T10:44:45.019+0800][info][gc,heap     ] GC(53) Humongous regions: 0->0
[2025-09-23T10:44:45.019+0800][info][gc,metaspace] GC(53) Metaspace: 31916K(32512K)->31916K(32512K) NonClass: 27380K(27712K)->27380K(27712K) Class: 4536K(4800K)->4536K(4800K)
[2025-09-23T10:44:45.019+0800][info][gc          ] GC(53) Pause Young (Normal) (G1 Evacuation Pause) 2448M->16M(4096M) 0.768ms
[2025-09-23T10:44:45.019+0800][info][gc,cpu      ] GC(53) User=0.00s Sys=0.00s Real=0.00s
[2025-09-23T10:44:51.366+0800][info][gc,start    ] GC(54) Pause Young (Normal) (G1 Evacuation Pause)
[2025-09-23T10:44:51.366+0800][info][gc,task     ] GC(54) Using 8 workers of 8 for evacuation
[2025-09-23T10:44:51.367+0800][info][gc,phases   ] GC(54)   Pre Evacuate Collection Set: 0.1ms
[2025-09-23T10:44:51.367+0800][info][gc,phases   ] GC(54)   Merge Heap Roots: 0.1ms
[2025-09-23T10:44:51.367+0800][info][gc,phases   ] GC(54)   Evacuate Collection Set: 0.2ms
[2025-09-23T10:44:51.367+0800][info][gc,phases   ] GC(54)   Post Evacuate Collection Set: 0.3ms
[2025-09-23T10:44:51.367+0800][info][gc,phases   ] GC(54)   Other: 0.0ms
[2025-09-23T10:44:51.367+0800][info][gc,heap     ] GC(54) Eden regions: 152->0(152)
[2025-09-23T10:44:51.367+0800][info][gc,heap     ] GC(54) Survivor regions: 1->1(20)
[2025-09-23T10:44:51.367+0800][info][gc,heap     ] GC(54) Old regions: 2->2
[2025-09-23T10:44:51.367+0800][info][gc,heap     ] GC(54) Humongous regions: 0->0
[2025-09-23T10:44:51.367+0800][info][gc,metaspace] GC(54) Metaspace: 31916K(32512K)->31916K(32512K) NonClass: 27380K(27712K)->27380K(27712K) Class: 4536K(4800K)->4536K(4800K)
[2025-09-23T10:44:51.367+0800][info][gc          ] GC(54) Pause Young (Normal) (G1 Evacuation Pause) 2448M->16M(4096M) 0.781ms
[2025-09-23T10:44:51.367+0800][info][gc,cpu      ] GC(54) User=0.00s Sys=0.00s Real=0.00s
[2025-09-23T10:44:57.564+0800][info][gc,start    ] GC(55) Pause Young (Normal) (G1 Evacuation Pause)
[2025-09-23T10:44:57.564+0800][info][gc,task     ] GC(55) Using 8 workers of 8 for evacuation
[2025-09-23T10:44:57.565+0800][info][gc,phases   ] GC(55)   Pre Evacuate Collection Set: 0.1ms
[2025-09-23T10:44:57.565+0800][info][gc,phases   ] GC(55)   Merge Heap Roots: 0.1ms
[2025-09-23T10:44:57.565+0800][info][gc,phases   ] GC(55)   Evacuate Collection Set: 0.2ms
[2025-09-23T10:44:57.565+0800][info][gc,phases   ] GC(55)   Post Evacuate Collection Set: 0.3ms
[2025-09-23T10:44:57.565+0800][info][gc,phases   ] GC(55)   Other: 0.0ms
[2025-09-23T10:44:57.565+0800][info][gc,heap     ] GC(55) Eden regions: 152->0(152)
[2025-09-23T10:44:57.565+0800][info][gc,heap     ] GC(55) Survivor regions: 1->1(20)
[2025-09-23T10:44:57.565+0800][info][gc,heap     ] GC(55) Old regions: 2->2
[2025-09-23T10:44:57.565+0800][info][gc,heap     ] GC(55) Humongous regions: 0->0
[2025-09-23T10:44:57.565+0800][info][gc,metaspace] GC(55) Metaspace: 31916K(32512K)->31916K(32512K) NonClass: 27380K(27712K)->27380K(27712K) Class: 4536K(4800K)->4536K(4800K)
[2025-09-23T10:44:57.565+0800][info][gc          ] GC(55) Pause Young (Normal) (G1 Evacuation Pause) 2448M->16M(4096M) 0.784ms
[2025-09-23T10:44:57.565+0800][info][gc,cpu      ] GC(55) User=0.00s Sys=0.00s Real=0.00s
[2025-09-23T10:45:03.610+0800][info][gc,start    ] GC(56) Pause Young (Normal) (G1 Evacuation Pause)
[2025-09-23T10:45:03.610+0800][info][gc,task     ] GC(56) Using 8 workers of 8 for evacuation
[2025-09-23T10:45:03.611+0800][info][gc,phases   ] GC(56)   Pre Evacuate Collection Set: 0.1ms
[2025-09-23T10:45:03.611+0800][info][gc,phases   ] GC(56)   Merge Heap Roots: 0.1ms
[2025-09-23T10:45:03.611+0800][info][gc,phases   ] GC(56)   Evacuate Collection Set: 0.2ms
[2025-09-23T10:45:03.611+0800][info][gc,phases   ] GC(56)   Post Evacuate Collection Set: 0.3ms
[2025-09-23T10:45:03.611+0800][info][gc,phases   ] GC(56)   Other: 0.0ms
[2025-09-23T10:45:03.611+0800][info][gc,heap     ] GC(56) Eden regions: 152->0(152)
[2025-09-23T10:45:03.611+0800][info][gc,heap     ] GC(56) Survivor regions: 1->1(20)
[2025-09-23T10:45:03.611+0800][info][gc,heap     ] GC(56) Old regions: 2->2
[2025-09-23T10:45:03.611+0800][info][gc,heap     ] GC(56) Humongous regions: 0->0
[2025-09-23T10:45:03.611+0800][info][gc,metaspace] GC(56) Metaspace: 31916K(32512K)->31916K(32512K) NonClass: 27380K(27712K)->27380K(27712K) Class: 4536K(4800K)->4536K(4800K)
[2025-09-23T10:45:03.611+0800][info][gc          ] GC(56) Pause Young (Normal) (G1 Evacuation Pause) 2448M->16M(4096M) 0.781ms
[2025-09-23T10:45:03.611+0800][info][gc,cpu      ] GC(56) User=0.00s Sys=0.01s Real=0.00s
[2025-09-23T10:45:10.033+0800][info][gc,start    ] GC(57) Pause Young (Normal) (G1 Evacuation Pause)
[2025-09-23T10:45:10.033+0800][info][gc,task     ] GC(57) Using 8 workers of 8 for evacuation
[2025-09-23T10:45:10.034+0800][info][gc,phases   ] GC(57)   Pre Evacuate Collection Set: 0.1ms
[2025-09-23T10:45:10.034+0800][info][gc,phases   ] GC(57)   Merge Heap Roots: 0.1ms
[2025-09-23T10:45:10.034+0800][info][gc,phases   ] GC(57)   Evacuate Collection Set: 0.2ms
[2025-09-23T10:45:10.034+0800][info][gc,phases   ] GC(57)   Post Evacuate Collection Set: 0.3ms
[2025-09-23T10:45:10.034+0800][info][gc,phases   ] GC(57)   Other: 0.0ms
[2025-09-23T10:45:10.034+0800][info][gc,heap     ] GC(57) Eden regions: 152->0(152)
[2025-09-23T10:45:10.034+0800][info][gc,heap     ] GC(57) Survivor regions: 1->1(20)
[2025-09-23T10:45:10.034+0800][info][gc,heap     ] GC(57) Old regions: 2->2
[2025-09-23T10:45:10.034+0800][info][gc,heap     ] GC(57) Humongous regions: 0->0
[2025-09-23T10:45:10.034+0800][info][gc,metaspace] GC(57) Metaspace: 31916K(32512K)->31916K(32512K) NonClass: 27380K(27712K)->27380K(27712K) Class: 4536K(4800K)->4536K(4800K)
[2025-09-23T10:45:10.034+0800][info][gc          ] GC(57) Pause Young (Normal) (G1 Evacuation Pause) 2448M->16M(4096M) 0.802ms
[2025-09-23T10:45:10.034+0800][info][gc,cpu      ] GC(57) User=0.00s Sys=0.00s Real=0.00s
[2025-09-23T10:45:16.485+0800][info][gc,start    ] GC(58) Pause Young (Normal) (G1 Evacuation Pause)
[2025-09-23T10:45:16.485+0800][info][gc,task     ] GC(58) Using 8 workers of 8 for evacuation
[2025-09-23T10:45:16.486+0800][info][gc,phases   ] GC(58)   Pre Evacuate Collection Set: 0.1ms
[2025-09-23T10:45:16.486+0800][info][gc,phases   ] GC(58)   Merge Heap Roots: 0.1ms
[2025-09-23T10:45:16.486+0800][info][gc,phases   ] GC(58)   Evacuate Collection Set: 0.2ms
[2025-09-23T10:45:16.486+0800][info][gc,phases   ] GC(58)   Post Evacuate Collection Set: 0.3ms
[2025-09-23T10:45:16.486+0800][info][gc,phases   ] GC(58)   Other: 0.0ms
[2025-09-23T10:45:16.486+0800][info][gc,heap     ] GC(58) Eden regions: 152->0(152)
[2025-09-23T10:45:16.486+0800][info][gc,heap     ] GC(58) Survivor regions: 1->1(20)
[2025-09-23T10:45:16.486+0800][info][gc,heap     ] GC(58) Old regions: 2->2
[2025-09-23T10:45:16.486+0800][info][gc,heap     ] GC(58) Humongous regions: 0->0
[2025-09-23T10:45:16.486+0800][info][gc,metaspace] GC(58) Metaspace: 31916K(32512K)->31916K(32512K) NonClass: 27380K(27712K)->27380K(27712K) Class: 4536K(4800K)->4536K(4800K)
[2025-09-23T10:45:16.486+0800][info][gc          ] GC(58) Pause Young (Normal) (G1 Evacuation Pause) 2448M->16M(4096M) 0.776ms
[2025-09-23T10:45:16.486+0800][info][gc,cpu      ] GC(58) User=0.01s Sys=0.00s Real=0.00s
[2025-09-23T10:45:23.106+0800][info][gc,start    ] GC(59) Pause Young (Normal) (G1 Evacuation Pause)
[2025-09-23T10:45:23.106+0800][info][gc,task     ] GC(59) Using 8 workers of 8 for evacuation
[2025-09-23T10:45:23.106+0800][info][gc,phases   ] GC(59)   Pre Evacuate Collection Set: 0.1ms
[2025-09-23T10:45:23.107+0800][info][gc,phases   ] GC(59)   Merge Heap Roots: 0.1ms
[2025-09-23T10:45:23.107+0800][info][gc,phases   ] GC(59)   Evacuate Collection Set: 0.2ms
[2025-09-23T10:45:23.107+0800][info][gc,phases   ] GC(59)   Post Evacuate Collection Set: 0.3ms
[2025-09-23T10:45:23.107+0800][info][gc,phases   ] GC(59)   Other: 0.0ms
[2025-09-23T10:45:23.107+0800][info][gc,heap     ] GC(59) Eden regions: 152->0(152)
[2025-09-23T10:45:23.107+0800][info][gc,heap     ] GC(59) Survivor regions: 1->1(20)
[2025-09-23T10:45:23.107+0800][info][gc,heap     ] GC(59) Old regions: 2->2
[2025-09-23T10:45:23.107+0800][info][gc,heap     ] GC(59) Humongous regions: 0->0
[2025-09-23T10:45:23.107+0800][info][gc,metaspace] GC(59) Metaspace: 31916K(32512K)->31916K(32512K) NonClass: 27380K(27712K)->27380K(27712K) Class: 4536K(4800K)->4536K(4800K)
[2025-09-23T10:45:23.107+0800][info][gc          ] GC(59) Pause Young (Normal) (G1 Evacuation Pause) 2448M->16M(4096M) 0.792ms
[2025-09-23T10:45:23.107+0800][info][gc,cpu      ] GC(59) User=0.01s Sys=0.00s Real=0.00s
[2025-09-23T10:45:29.563+0800][info][gc,start    ] GC(60) Pause Young (Normal) (G1 Evacuation Pause)
[2025-09-23T10:45:29.563+0800][info][gc,task     ] GC(60) Using 8 workers of 8 for evacuation
[2025-09-23T10:45:29.564+0800][info][gc,phases   ] GC(60)   Pre Evacuate Collection Set: 0.1ms
[2025-09-23T10:45:29.564+0800][info][gc,phases   ] GC(60)   Merge Heap Roots: 0.1ms
[2025-09-23T10:45:29.564+0800][info][gc,phases   ] GC(60)   Evacuate Collection Set: 0.2ms
[2025-09-23T10:45:29.564+0800][info][gc,phases   ] GC(60)   Post Evacuate Collection Set: 0.3ms
[2025-09-23T10:45:29.564+0800][info][gc,phases   ] GC(60)   Other: 0.0ms
[2025-09-23T10:45:29.564+0800][info][gc,heap     ] GC(60) Eden regions: 152->0(152)
[2025-09-23T10:45:29.564+0800][info][gc,heap     ] GC(60) Survivor regions: 1->1(20)
[2025-09-23T10:45:29.564+0800][info][gc,heap     ] GC(60) Old regions: 2->2
[2025-09-23T10:45:29.564+0800][info][gc,heap     ] GC(60) Humongous regions: 0->0
[2025-09-23T10:45:29.564+0800][info][gc,metaspace] GC(60) Metaspace: 31916K(32512K)->31916K(32512K) NonClass: 27380K(27712K)->27380K(27712K) Class: 4536K(4800K)->4536K(4800K)
[2025-09-23T10:45:29.564+0800][info][gc          ] GC(60) Pause Young (Normal) (G1 Evacuation Pause) 2448M->16M(4096M) 0.715ms
[2025-09-23T10:45:29.564+0800][info][gc,cpu      ] GC(60) User=0.00s Sys=0.00s Real=0.00s
[2025-09-23T10:45:35.345+0800][info][gc,start    ] GC(61) Pause Young (Normal) (G1 Evacuation Pause)
[2025-09-23T10:45:35.345+0800][info][gc,task     ] GC(61) Using 8 workers of 8 for evacuation
[2025-09-23T10:45:35.345+0800][info][gc,phases   ] GC(61)   Pre Evacuate Collection Set: 0.1ms
[2025-09-23T10:45:35.345+0800][info][gc,phases   ] GC(61)   Merge Heap Roots: 0.1ms
[2025-09-23T10:45:35.345+0800][info][gc,phases   ] GC(61)   Evacuate Collection Set: 0.2ms
[2025-09-23T10:45:35.345+0800][info][gc,phases   ] GC(61)   Post Evacuate Collection Set: 0.3ms
[2025-09-23T10:45:35.345+0800][info][gc,phases   ] GC(61)   Other: 0.0ms
[2025-09-23T10:45:35.345+0800][info][gc,heap     ] GC(61) Eden regions: 152->0(152)
[2025-09-23T10:45:35.345+0800][info][gc,heap     ] GC(61) Survivor regions: 1->1(20)
[2025-09-23T10:45:35.345+0800][info][gc,heap     ] GC(61) Old regions: 2->2
[2025-09-23T10:45:35.345+0800][info][gc,heap     ] GC(61) Humongous regions: 0->0
[2025-09-23T10:45:35.345+0800][info][gc,metaspace] GC(61) Metaspace: 31916K(32512K)->31916K(32512K) NonClass: 27380K(27712K)->27380K(27712K) Class: 4536K(4800K)->4536K(4800K)
[2025-09-23T10:45:35.345+0800][info][gc          ] GC(61) Pause Young (Normal) (G1 Evacuation Pause) 2448M->16M(4096M) 0.775ms
[2025-09-23T10:45:35.345+0800][info][gc,cpu      ] GC(61) User=0.01s Sys=0.00s Real=0.00s
[2025-09-23T10:51:16.455+0800][info][gc,start    ] GC(62) Pause Young (Normal) (G1 Evacuation Pause)
[2025-09-23T10:51:16.455+0800][info][gc,task     ] GC(62) Using 8 workers of 8 for evacuation
[2025-09-23T10:51:16.456+0800][info][gc,phases   ] GC(62)   Pre Evacuate Collection Set: 0.1ms
[2025-09-23T10:51:16.456+0800][info][gc,phases   ] GC(62)   Merge Heap Roots: 0.1ms
[2025-09-23T10:51:16.456+0800][info][gc,phases   ] GC(62)   Evacuate Collection Set: 0.2ms
[2025-09-23T10:51:16.456+0800][info][gc,phases   ] GC(62)   Post Evacuate Collection Set: 0.3ms
[2025-09-23T10:51:16.456+0800][info][gc,phases   ] GC(62)   Other: 0.0ms
[2025-09-23T10:51:16.456+0800][info][gc,heap     ] GC(62) Eden regions: 152->0(152)
[2025-09-23T10:51:16.456+0800][info][gc,heap     ] GC(62) Survivor regions: 1->1(20)
[2025-09-23T10:51:16.456+0800][info][gc,heap     ] GC(62) Old regions: 2->2
[2025-09-23T10:51:16.456+0800][info][gc,heap     ] GC(62) Humongous regions: 0->0
[2025-09-23T10:51:16.456+0800][info][gc,metaspace] GC(62) Metaspace: 31916K(32512K)->31916K(32512K) NonClass: 27380K(27712K)->27380K(27712K) Class: 4536K(4800K)->4536K(4800K)
[2025-09-23T10:51:16.456+0800][info][gc          ] GC(62) Pause Young (Normal) (G1 Evacuation Pause) 2448M->16M(4096M) 0.823ms
[2025-09-23T10:51:16.456+0800][info][gc,cpu      ] GC(62) User=0.00s Sys=0.00s Real=0.00s
[2025-09-23T10:55:45.863+0800][info][gc,heap,exit] Heap
[2025-09-23T10:55:45.863+0800][info][gc,heap,exit]  garbage-first heap   total 4194304K, used 1633573K [0x0000000200000000, 0x0000000800000000)
[2025-09-23T10:55:45.863+0800][info][gc,heap,exit]   region size 16384K, 100 young (1638400K), 1 survivors (16384K)
[2025-09-23T10:55:45.863+0800][info][gc,heap,exit]  Metaspace       used 32004K, committed 32640K, reserved 1114112K
[2025-09-23T10:55:45.863+0800][info][gc,heap,exit]   class space    used 4564K, committed 4864K, reserved 1048576K
