[2025-09-23T10:24:04.807+0800][info][gc,init] CardTable entry size: 512
[2025-09-23T10:24:04.808+0800][info][gc     ] Using G1
[2025-09-23T10:24:05.058+0800][info][gc,init] Version: 21.0.8+9-Ubuntu-0ubuntu122.04.1 (release)
[2025-09-23T10:24:05.058+0800][info][gc,init] CPUs: 8 total, 8 available
[2025-09-23T10:24:05.058+0800][info][gc,init] Memory: 31169M
[2025-09-23T10:24:05.058+0800][info][gc,init] Large Page Support: Disabled
[2025-09-23T10:24:05.058+0800][info][gc,init] NUMA Support: Disabled
[2025-09-23T10:24:05.058+0800][info][gc,init] Compressed Oops: Enabled (Zero based)
[2025-09-23T10:24:05.058+0800][info][gc,init] Heap Region Size: 16M
[2025-09-23T10:24:05.058+0800][info][gc,init] Heap Min Capacity: 4G
[2025-09-23T10:24:05.058+0800][info][gc,init] Heap Initial Capacity: 4G
[2025-09-23T10:24:05.058+0800][info][gc,init] Heap Max Capacity: 24G
[2025-09-23T10:24:05.058+0800][info][gc,init] Pre-touch: Enabled
[2025-09-23T10:24:05.058+0800][info][gc,init] Parallel Workers: 8
[2025-09-23T10:24:05.058+0800][info][gc,init] Concurrent Workers: 2
[2025-09-23T10:24:05.058+0800][info][gc,init] Concurrent Refinement Workers: 8
[2025-09-23T10:24:05.058+0800][info][gc,init] Periodic GC: Disabled
[2025-09-23T10:24:05.064+0800][info][gc,metaspace] CDS archive(s) mapped at: [0x00007f702b000000-0x00007f702bca0000-0x00007f702bca0000), size 13238272, SharedBaseAddress: 0x00007f702b000000, ArchiveRelocationMode: 1.
[2025-09-23T10:24:05.064+0800][info][gc,metaspace] Compressed class space mapped at: 0x00007f702c000000-0x00007f706c000000, reserved size: 1073741824
[2025-09-23T10:24:05.064+0800][info][gc,metaspace] Narrow klass base: 0x00007f702b000000, Narrow klass shift: 0, Narrow klass range: 0x100000000
[2025-09-23T10:24:05.804+0800][info][gc,start    ] GC(0) Pause Young (Concurrent Start) (CodeCache GC Threshold)
[2025-09-23T10:24:05.805+0800][info][gc,task     ] GC(0) Using 8 workers of 8 for evacuation
[2025-09-23T10:24:05.812+0800][info][gc,phases   ] GC(0)   Pre Evacuate Collection Set: 0.1ms
[2025-09-23T10:24:05.812+0800][info][gc,phases   ] GC(0)   Merge Heap Roots: 0.2ms
[2025-09-23T10:24:05.812+0800][info][gc,phases   ] GC(0)   Evacuate Collection Set: 7.1ms
[2025-09-23T10:24:05.812+0800][info][gc,phases   ] GC(0)   Post Evacuate Collection Set: 0.3ms
[2025-09-23T10:24:05.812+0800][info][gc,phases   ] GC(0)   Other: 0.0ms
[2025-09-23T10:24:05.812+0800][info][gc,heap     ] GC(0) Eden regions: 7->0(11)
[2025-09-23T10:24:05.812+0800][info][gc,heap     ] GC(0) Survivor regions: 0->1(2)
[2025-09-23T10:24:05.812+0800][info][gc,heap     ] GC(0) Old regions: 1->1
[2025-09-23T10:24:05.812+0800][info][gc,heap     ] GC(0) Humongous regions: 0->0
[2025-09-23T10:24:05.812+0800][info][gc,metaspace] GC(0) Metaspace: 18308K(18752K)->18308K(18752K) NonClass: 15802K(16064K)->15802K(16064K) Class: 2505K(2688K)->2505K(2688K)
[2025-09-23T10:24:05.812+0800][info][gc          ] GC(0) Pause Young (Concurrent Start) (CodeCache GC Threshold) 108M->9M(4112M) 7.865ms
[2025-09-23T10:24:05.812+0800][info][gc,cpu      ] GC(0) User=0.02s Sys=0.00s Real=0.00s
[2025-09-23T10:24:05.812+0800][info][gc          ] GC(1) Concurrent Mark Cycle
[2025-09-23T10:24:05.812+0800][info][gc,marking  ] GC(1) Concurrent Scan Root Regions
[2025-09-23T10:24:05.816+0800][info][gc,marking  ] GC(1) Concurrent Scan Root Regions 3.715ms
[2025-09-23T10:24:05.816+0800][info][gc,marking  ] GC(1) Concurrent Mark
[2025-09-23T10:24:05.816+0800][info][gc,marking  ] GC(1) Concurrent Mark From Roots
[2025-09-23T10:24:05.816+0800][info][gc,task     ] GC(1) Using 2 workers of 2 for marking
[2025-09-23T10:24:05.817+0800][info][gc,marking  ] GC(1) Concurrent Mark From Roots 1.357ms
[2025-09-23T10:24:05.818+0800][info][gc,marking  ] GC(1) Concurrent Preclean
[2025-09-23T10:24:05.818+0800][info][gc,marking  ] GC(1) Concurrent Preclean 0.009ms
[2025-09-23T10:24:05.818+0800][info][gc,start    ] GC(1) Pause Remark
[2025-09-23T10:24:05.818+0800][info][gc          ] GC(1) Pause Remark 15M->15M(4096M) 0.860ms
[2025-09-23T10:24:05.818+0800][info][gc,cpu      ] GC(1) User=0.00s Sys=0.00s Real=0.00s
[2025-09-23T10:24:05.819+0800][info][gc,marking  ] GC(1) Concurrent Mark 2.372ms
[2025-09-23T10:24:05.819+0800][info][gc,marking  ] GC(1) Concurrent Rebuild Remembered Sets and Scrub Regions
[2025-09-23T10:24:05.819+0800][info][gc,marking  ] GC(1) Concurrent Rebuild Remembered Sets and Scrub Regions 0.888ms
[2025-09-23T10:24:05.820+0800][info][gc,start    ] GC(1) Pause Cleanup
[2025-09-23T10:24:05.820+0800][info][gc          ] GC(1) Pause Cleanup 15M->15M(4096M) 0.052ms
[2025-09-23T10:24:05.820+0800][info][gc,cpu      ] GC(1) User=0.00s Sys=0.00s Real=0.00s
[2025-09-23T10:24:05.820+0800][info][gc,marking  ] GC(1) Concurrent Clear Claimed Marks
[2025-09-23T10:24:05.820+0800][info][gc,marking  ] GC(1) Concurrent Clear Claimed Marks 0.014ms
[2025-09-23T10:24:05.820+0800][info][gc,marking  ] GC(1) Concurrent Cleanup for Next Mark
[2025-09-23T10:24:05.822+0800][info][gc,marking  ] GC(1) Concurrent Cleanup for Next Mark 2.901ms
[2025-09-23T10:24:05.823+0800][info][gc          ] GC(1) Concurrent Mark Cycle 10.148ms
[2025-09-23T10:24:08.387+0800][info][gc,start    ] GC(2) Pause Young (Prepare Mixed) (G1 Evacuation Pause)
[2025-09-23T10:24:08.387+0800][info][gc,task     ] GC(2) Using 8 workers of 8 for evacuation
[2025-09-23T10:24:08.394+0800][info][gc,phases   ] GC(2)   Pre Evacuate Collection Set: 0.1ms
[2025-09-23T10:24:08.394+0800][info][gc,phases   ] GC(2)   Merge Heap Roots: 0.1ms
[2025-09-23T10:24:08.394+0800][info][gc,phases   ] GC(2)   Evacuate Collection Set: 5.1ms
[2025-09-23T10:24:08.394+0800][info][gc,phases   ] GC(2)   Post Evacuate Collection Set: 0.7ms
[2025-09-23T10:24:08.394+0800][info][gc,phases   ] GC(2)   Other: 0.5ms
[2025-09-23T10:24:08.394+0800][info][gc,heap     ] GC(2) Eden regions: 11->0(10)
[2025-09-23T10:24:08.394+0800][info][gc,heap     ] GC(2) Survivor regions: 1->2(2)
[2025-09-23T10:24:08.394+0800][info][gc,heap     ] GC(2) Old regions: 1->1
[2025-09-23T10:24:08.394+0800][info][gc,heap     ] GC(2) Humongous regions: 0->0
[2025-09-23T10:24:08.394+0800][info][gc,metaspace] GC(2) Metaspace: 30417K(30976K)->30417K(30976K) NonClass: 26102K(26432K)->26102K(26432K) Class: 4315K(4544K)->4315K(4544K)
[2025-09-23T10:24:08.394+0800][info][gc          ] GC(2) Pause Young (Prepare Mixed) (G1 Evacuation Pause) 185M->25M(4096M) 6.496ms
[2025-09-23T10:24:08.394+0800][info][gc,cpu      ] GC(2) User=0.04s Sys=0.00s Real=0.00s
[2025-09-23T10:24:10.912+0800][info][gc,start    ] GC(3) Pause Young (Mixed) (G1 Evacuation Pause)
[2025-09-23T10:24:10.912+0800][info][gc,task     ] GC(3) Using 8 workers of 8 for evacuation
[2025-09-23T10:24:10.920+0800][info][gc,phases   ] GC(3)   Pre Evacuate Collection Set: 0.1ms
[2025-09-23T10:24:10.920+0800][info][gc,phases   ] GC(3)   Merge Heap Roots: 0.1ms
[2025-09-23T10:24:10.920+0800][info][gc,phases   ] GC(3)   Evacuate Collection Set: 6.8ms
[2025-09-23T10:24:10.920+0800][info][gc,phases   ] GC(3)   Post Evacuate Collection Set: 0.9ms
[2025-09-23T10:24:10.920+0800][info][gc,phases   ] GC(3)   Other: 0.0ms
[2025-09-23T10:24:10.920+0800][info][gc,heap     ] GC(3) Eden regions: 10->0(10)
[2025-09-23T10:24:10.920+0800][info][gc,heap     ] GC(3) Survivor regions: 2->2(2)
[2025-09-23T10:24:10.920+0800][info][gc,heap     ] GC(3) Old regions: 1->1
[2025-09-23T10:24:10.920+0800][info][gc,heap     ] GC(3) Humongous regions: 0->0
[2025-09-23T10:24:10.920+0800][info][gc,metaspace] GC(3) Metaspace: 30417K(30976K)->30417K(30976K) NonClass: 26102K(26432K)->26102K(26432K) Class: 4315K(4544K)->4315K(4544K)
[2025-09-23T10:24:10.920+0800][info][gc          ] GC(3) Pause Young (Mixed) (G1 Evacuation Pause) 185M->40M(4096M) 8.008ms
[2025-09-23T10:24:10.920+0800][info][gc,cpu      ] GC(3) User=0.05s Sys=0.01s Real=0.01s
[2025-09-23T10:24:13.391+0800][info][gc,start    ] GC(4) Pause Young (Normal) (G1 Evacuation Pause)
[2025-09-23T10:24:13.391+0800][info][gc,task     ] GC(4) Using 8 workers of 8 for evacuation
[2025-09-23T10:24:13.395+0800][info][gc,phases   ] GC(4)   Pre Evacuate Collection Set: 0.1ms
[2025-09-23T10:24:13.395+0800][info][gc,phases   ] GC(4)   Merge Heap Roots: 0.1ms
[2025-09-23T10:24:13.395+0800][info][gc,phases   ] GC(4)   Evacuate Collection Set: 3.6ms
[2025-09-23T10:24:13.395+0800][info][gc,phases   ] GC(4)   Post Evacuate Collection Set: 0.3ms
[2025-09-23T10:24:13.396+0800][info][gc,phases   ] GC(4)   Other: 0.0ms
[2025-09-23T10:24:13.396+0800][info][gc,heap     ] GC(4) Eden regions: 10->0(10)
[2025-09-23T10:24:13.396+0800][info][gc,heap     ] GC(4) Survivor regions: 2->2(2)
[2025-09-23T10:24:13.396+0800][info][gc,heap     ] GC(4) Old regions: 1->2
[2025-09-23T10:24:13.396+0800][info][gc,heap     ] GC(4) Humongous regions: 0->0
[2025-09-23T10:24:13.396+0800][info][gc,metaspace] GC(4) Metaspace: 30417K(30976K)->30417K(30976K) NonClass: 26102K(26432K)->26102K(26432K) Class: 4315K(4544K)->4315K(4544K)
[2025-09-23T10:24:13.396+0800][info][gc          ] GC(4) Pause Young (Normal) (G1 Evacuation Pause) 200M->57M(4096M) 4.199ms
[2025-09-23T10:24:13.396+0800][info][gc,cpu      ] GC(4) User=0.03s Sys=0.00s Real=0.01s
[2025-09-23T10:24:15.859+0800][info][gc,start    ] GC(5) Pause Young (Normal) (G1 Evacuation Pause)
[2025-09-23T10:24:15.859+0800][info][gc,task     ] GC(5) Using 8 workers of 8 for evacuation
[2025-09-23T10:24:15.862+0800][info][gc,phases   ] GC(5)   Pre Evacuate Collection Set: 0.1ms
[2025-09-23T10:24:15.862+0800][info][gc,phases   ] GC(5)   Merge Heap Roots: 0.0ms
[2025-09-23T10:24:15.862+0800][info][gc,phases   ] GC(5)   Evacuate Collection Set: 2.4ms
[2025-09-23T10:24:15.862+0800][info][gc,phases   ] GC(5)   Post Evacuate Collection Set: 0.1ms
[2025-09-23T10:24:15.862+0800][info][gc,phases   ] GC(5)   Other: 0.0ms
[2025-09-23T10:24:15.862+0800][info][gc,heap     ] GC(5) Eden regions: 10->0(10)
[2025-09-23T10:24:15.862+0800][info][gc,heap     ] GC(5) Survivor regions: 2->2(2)
[2025-09-23T10:24:15.862+0800][info][gc,heap     ] GC(5) Old regions: 2->3
[2025-09-23T10:24:15.862+0800][info][gc,heap     ] GC(5) Humongous regions: 0->0
[2025-09-23T10:24:15.862+0800][info][gc,metaspace] GC(5) Metaspace: 30418K(30976K)->30418K(30976K) NonClass: 26102K(26432K)->26102K(26432K) Class: 4315K(4544K)->4315K(4544K)
[2025-09-23T10:24:15.862+0800][info][gc          ] GC(5) Pause Young (Normal) (G1 Evacuation Pause) 217M->73M(4096M) 2.801ms
[2025-09-23T10:24:15.862+0800][info][gc,cpu      ] GC(5) User=0.02s Sys=0.01s Real=0.00s
[2025-09-23T10:24:18.379+0800][info][gc,start    ] GC(6) Pause Young (Normal) (G1 Evacuation Pause)
[2025-09-23T10:24:18.379+0800][info][gc,task     ] GC(6) Using 8 workers of 8 for evacuation
[2025-09-23T10:24:18.382+0800][info][gc,phases   ] GC(6)   Pre Evacuate Collection Set: 0.1ms
[2025-09-23T10:24:18.382+0800][info][gc,phases   ] GC(6)   Merge Heap Roots: 0.1ms
[2025-09-23T10:24:18.382+0800][info][gc,phases   ] GC(6)   Evacuate Collection Set: 2.7ms
[2025-09-23T10:24:18.382+0800][info][gc,phases   ] GC(6)   Post Evacuate Collection Set: 0.1ms
[2025-09-23T10:24:18.382+0800][info][gc,phases   ] GC(6)   Other: 0.0ms
[2025-09-23T10:24:18.382+0800][info][gc,heap     ] GC(6) Eden regions: 10->0(16)
[2025-09-23T10:24:18.382+0800][info][gc,heap     ] GC(6) Survivor regions: 2->2(2)
[2025-09-23T10:24:18.382+0800][info][gc,heap     ] GC(6) Old regions: 3->4
[2025-09-23T10:24:18.382+0800][info][gc,heap     ] GC(6) Humongous regions: 0->0
[2025-09-23T10:24:18.382+0800][info][gc,metaspace] GC(6) Metaspace: 30418K(30976K)->30418K(30976K) NonClass: 26102K(26432K)->26102K(26432K) Class: 4315K(4544K)->4315K(4544K)
[2025-09-23T10:24:18.382+0800][info][gc          ] GC(6) Pause Young (Normal) (G1 Evacuation Pause) 233M->89M(4096M) 3.142ms
[2025-09-23T10:24:18.382+0800][info][gc,cpu      ] GC(6) User=0.02s Sys=0.00s Real=0.00s
[2025-09-23T10:24:22.424+0800][info][gc,start    ] GC(7) Pause Young (Normal) (G1 Evacuation Pause)
[2025-09-23T10:24:22.425+0800][info][gc,task     ] GC(7) Using 8 workers of 8 for evacuation
[2025-09-23T10:24:22.428+0800][info][gc,phases   ] GC(7)   Pre Evacuate Collection Set: 0.1ms
[2025-09-23T10:24:22.428+0800][info][gc,phases   ] GC(7)   Merge Heap Roots: 0.1ms
[2025-09-23T10:24:22.428+0800][info][gc,phases   ] GC(7)   Evacuate Collection Set: 3.2ms
[2025-09-23T10:24:22.428+0800][info][gc,phases   ] GC(7)   Post Evacuate Collection Set: 0.2ms
[2025-09-23T10:24:22.428+0800][info][gc,phases   ] GC(7)   Other: 0.1ms
[2025-09-23T10:24:22.428+0800][info][gc,heap     ] GC(7) Eden regions: 16->0(20)
[2025-09-23T10:24:22.428+0800][info][gc,heap     ] GC(7) Survivor regions: 2->3(3)
[2025-09-23T10:24:22.428+0800][info][gc,heap     ] GC(7) Old regions: 4->5
[2025-09-23T10:24:22.428+0800][info][gc,heap     ] GC(7) Humongous regions: 0->0
[2025-09-23T10:24:22.428+0800][info][gc,metaspace] GC(7) Metaspace: 30418K(30976K)->30418K(30976K) NonClass: 26102K(26432K)->26102K(26432K) Class: 4315K(4544K)->4315K(4544K)
[2025-09-23T10:24:22.428+0800][info][gc          ] GC(7) Pause Young (Normal) (G1 Evacuation Pause) 345M->115M(4096M) 3.679ms
[2025-09-23T10:24:22.428+0800][info][gc,cpu      ] GC(7) User=0.02s Sys=0.00s Real=0.00s
[2025-09-23T10:24:27.982+0800][info][gc,heap,exit] Heap
[2025-09-23T10:24:27.982+0800][info][gc,heap,exit]  garbage-first heap   total 4194304K, used 349010K [0x0000000200000000, 0x0000000800000000)
[2025-09-23T10:24:27.982+0800][info][gc,heap,exit]   region size 16384K, 18 young (294912K), 3 survivors (49152K)
[2025-09-23T10:24:27.982+0800][info][gc,heap,exit]  Metaspace       used 30523K, committed 31104K, reserved 1114112K
[2025-09-23T10:24:27.982+0800][info][gc,heap,exit]   class space    used 4343K, committed 4608K, reserved 1048576K
