[2025-09-23T10:25:47.475+0800][info][gc,init] CardTable entry size: 512
[2025-09-23T10:25:47.475+0800][info][gc     ] Using G1
[2025-09-23T10:25:47.726+0800][info][gc,init] Version: 21.0.8+9-Ubuntu-0ubuntu122.04.1 (release)
[2025-09-23T10:25:47.726+0800][info][gc,init] CPUs: 8 total, 8 available
[2025-09-23T10:25:47.726+0800][info][gc,init] Memory: 31169M
[2025-09-23T10:25:47.726+0800][info][gc,init] Large Page Support: Disabled
[2025-09-23T10:25:47.726+0800][info][gc,init] NUMA Support: Disabled
[2025-09-23T10:25:47.726+0800][info][gc,init] Compressed Oops: Enabled (Zero based)
[2025-09-23T10:25:47.726+0800][info][gc,init] Heap Region Size: 16M
[2025-09-23T10:25:47.726+0800][info][gc,init] Heap Min Capacity: 4G
[2025-09-23T10:25:47.726+0800][info][gc,init] Heap Initial Capacity: 4G
[2025-09-23T10:25:47.726+0800][info][gc,init] Heap Max Capacity: 24G
[2025-09-23T10:25:47.726+0800][info][gc,init] Pre-touch: Enabled
[2025-09-23T10:25:47.726+0800][info][gc,init] Parallel Workers: 8
[2025-09-23T10:25:47.726+0800][info][gc,init] Concurrent Workers: 2
[2025-09-23T10:25:47.726+0800][info][gc,init] Concurrent Refinement Workers: 8
[2025-09-23T10:25:47.726+0800][info][gc,init] Periodic GC: Disabled
[2025-09-23T10:25:47.732+0800][info][gc,metaspace] CDS archive(s) mapped at: [0x00007f82bb000000-0x00007f82bbca0000-0x00007f82bbca0000), size 13238272, SharedBaseAddress: 0x00007f82bb000000, ArchiveRelocationMode: 1.
[2025-09-23T10:25:47.732+0800][info][gc,metaspace] Compressed class space mapped at: 0x00007f82bc000000-0x00007f82fc000000, reserved size: 1073741824
[2025-09-23T10:25:47.732+0800][info][gc,metaspace] Narrow klass base: 0x00007f82bb000000, Narrow klass shift: 0, Narrow klass range: 0x100000000
[2025-09-23T10:25:48.440+0800][info][gc,start    ] GC(0) Pause Young (Concurrent Start) (CodeCache GC Threshold)
[2025-09-23T10:25:48.440+0800][info][gc,task     ] GC(0) Using 8 workers of 8 for evacuation
[2025-09-23T10:25:48.444+0800][info][gc,phases   ] GC(0)   Pre Evacuate Collection Set: 0.1ms
[2025-09-23T10:25:48.444+0800][info][gc,phases   ] GC(0)   Merge Heap Roots: 0.2ms
[2025-09-23T10:25:48.444+0800][info][gc,phases   ] GC(0)   Evacuate Collection Set: 3.1ms
[2025-09-23T10:25:48.444+0800][info][gc,phases   ] GC(0)   Post Evacuate Collection Set: 0.3ms
[2025-09-23T10:25:48.444+0800][info][gc,phases   ] GC(0)   Other: 0.4ms
[2025-09-23T10:25:48.444+0800][info][gc,heap     ] GC(0) Eden regions: 7->0(11)
[2025-09-23T10:25:48.444+0800][info][gc,heap     ] GC(0) Survivor regions: 0->1(2)
[2025-09-23T10:25:48.444+0800][info][gc,heap     ] GC(0) Old regions: 1->1
[2025-09-23T10:25:48.444+0800][info][gc,heap     ] GC(0) Humongous regions: 0->0
[2025-09-23T10:25:48.444+0800][info][gc,metaspace] GC(0) Metaspace: 18312K(18752K)->18312K(18752K) NonClass: 15806K(16064K)->15806K(16064K) Class: 2506K(2688K)->2506K(2688K)
[2025-09-23T10:25:48.444+0800][info][gc          ] GC(0) Pause Young (Concurrent Start) (CodeCache GC Threshold) 108M->9M(4112M) 4.258ms
[2025-09-23T10:25:48.444+0800][info][gc,cpu      ] GC(0) User=0.03s Sys=0.00s Real=0.01s
[2025-09-23T10:25:48.444+0800][info][gc          ] GC(1) Concurrent Mark Cycle
[2025-09-23T10:25:48.444+0800][info][gc,marking  ] GC(1) Concurrent Scan Root Regions
[2025-09-23T10:25:48.448+0800][info][gc,marking  ] GC(1) Concurrent Scan Root Regions 3.771ms
[2025-09-23T10:25:48.448+0800][info][gc,marking  ] GC(1) Concurrent Mark
[2025-09-23T10:25:48.448+0800][info][gc,marking  ] GC(1) Concurrent Mark From Roots
[2025-09-23T10:25:48.448+0800][info][gc,task     ] GC(1) Using 2 workers of 2 for marking
[2025-09-23T10:25:48.449+0800][info][gc,marking  ] GC(1) Concurrent Mark From Roots 1.393ms
[2025-09-23T10:25:48.449+0800][info][gc,marking  ] GC(1) Concurrent Preclean
[2025-09-23T10:25:48.449+0800][info][gc,marking  ] GC(1) Concurrent Preclean 0.006ms
[2025-09-23T10:25:48.449+0800][info][gc,start    ] GC(1) Pause Remark
[2025-09-23T10:25:48.450+0800][info][gc          ] GC(1) Pause Remark 15M->15M(4096M) 0.914ms
[2025-09-23T10:25:48.450+0800][info][gc,cpu      ] GC(1) User=0.00s Sys=0.00s Real=0.00s
[2025-09-23T10:25:48.450+0800][info][gc,marking  ] GC(1) Concurrent Mark 2.470ms
[2025-09-23T10:25:48.450+0800][info][gc,marking  ] GC(1) Concurrent Rebuild Remembered Sets and Scrub Regions
[2025-09-23T10:25:48.451+0800][info][gc,marking  ] GC(1) Concurrent Rebuild Remembered Sets and Scrub Regions 0.960ms
[2025-09-23T10:25:48.451+0800][info][gc,start    ] GC(1) Pause Cleanup
[2025-09-23T10:25:48.451+0800][info][gc          ] GC(1) Pause Cleanup 15M->15M(4096M) 0.073ms
[2025-09-23T10:25:48.451+0800][info][gc,cpu      ] GC(1) User=0.00s Sys=0.00s Real=0.00s
[2025-09-23T10:25:48.451+0800][info][gc,marking  ] GC(1) Concurrent Clear Claimed Marks
[2025-09-23T10:25:48.451+0800][info][gc,marking  ] GC(1) Concurrent Clear Claimed Marks 0.013ms
[2025-09-23T10:25:48.451+0800][info][gc,marking  ] GC(1) Concurrent Cleanup for Next Mark
[2025-09-23T10:25:48.454+0800][info][gc,marking  ] GC(1) Concurrent Cleanup for Next Mark 3.078ms
[2025-09-23T10:25:48.455+0800][info][gc          ] GC(1) Concurrent Mark Cycle 10.562ms
[2025-09-23T10:25:49.332+0800][info][gc,start    ] GC(2) Pause Young (Prepare Mixed) (Metadata GC Threshold)
[2025-09-23T10:25:49.332+0800][info][gc,task     ] GC(2) Using 8 workers of 8 for evacuation
[2025-09-23T10:25:49.338+0800][info][gc,phases   ] GC(2)   Pre Evacuate Collection Set: 0.1ms
[2025-09-23T10:25:49.338+0800][info][gc,phases   ] GC(2)   Merge Heap Roots: 0.0ms
[2025-09-23T10:25:49.338+0800][info][gc,phases   ] GC(2)   Evacuate Collection Set: 5.1ms
[2025-09-23T10:25:49.338+0800][info][gc,phases   ] GC(2)   Post Evacuate Collection Set: 0.5ms
[2025-09-23T10:25:49.338+0800][info][gc,phases   ] GC(2)   Other: 0.0ms
[2025-09-23T10:25:49.338+0800][info][gc,heap     ] GC(2) Eden regions: 5->0(11)
[2025-09-23T10:25:49.338+0800][info][gc,heap     ] GC(2) Survivor regions: 1->1(2)
[2025-09-23T10:25:49.338+0800][info][gc,heap     ] GC(2) Old regions: 1->1
[2025-09-23T10:25:49.338+0800][info][gc,heap     ] GC(2) Humongous regions: 0->0
[2025-09-23T10:25:49.338+0800][info][gc,metaspace] GC(2) Metaspace: 30791K(31296K)->30791K(31296K) NonClass: 26363K(26624K)->26363K(26624K) Class: 4428K(4672K)->4428K(4672K)
[2025-09-23T10:25:49.338+0800][info][gc          ] GC(2) Pause Young (Prepare Mixed) (Metadata GC Threshold) 78M->14M(4096M) 5.880ms
[2025-09-23T10:25:49.338+0800][info][gc,cpu      ] GC(2) User=0.04s Sys=0.01s Real=0.01s
[2025-09-23T10:25:49.351+0800][info][gc,start    ] GC(3) Pause Young (Mixed) (Metadata GC Threshold)
[2025-09-23T10:25:49.351+0800][info][gc,task     ] GC(3) Using 8 workers of 8 for evacuation
[2025-09-23T10:25:49.358+0800][info][gc,phases   ] GC(3)   Pre Evacuate Collection Set: 0.1ms
[2025-09-23T10:25:49.358+0800][info][gc,phases   ] GC(3)   Merge Heap Roots: 0.0ms
[2025-09-23T10:25:49.358+0800][info][gc,phases   ] GC(3)   Evacuate Collection Set: 6.2ms
[2025-09-23T10:25:49.358+0800][info][gc,phases   ] GC(3)   Post Evacuate Collection Set: 0.7ms
[2025-09-23T10:25:49.358+0800][info][gc,phases   ] GC(3)   Other: 0.0ms
[2025-09-23T10:25:49.358+0800][info][gc,heap     ] GC(3) Eden regions: 1->0(11)
[2025-09-23T10:25:49.358+0800][info][gc,heap     ] GC(3) Survivor regions: 1->1(2)
[2025-09-23T10:25:49.358+0800][info][gc,heap     ] GC(3) Old regions: 1->1
[2025-09-23T10:25:49.358+0800][info][gc,heap     ] GC(3) Humongous regions: 0->0
[2025-09-23T10:25:49.358+0800][info][gc,metaspace] GC(3) Metaspace: 31093K(31616K)->31093K(31616K) NonClass: 26623K(26880K)->26623K(26880K) Class: 4469K(4736K)->4469K(4736K)
[2025-09-23T10:25:49.358+0800][info][gc          ] GC(3) Pause Young (Mixed) (Metadata GC Threshold) 25M->15M(4096M) 7.204ms
[2025-09-23T10:25:49.358+0800][info][gc,cpu      ] GC(3) User=0.04s Sys=0.00s Real=0.01s
[2025-09-23T10:25:49.374+0800][info][gc,start    ] GC(4) Pause Young (Concurrent Start) (Metadata GC Threshold)
[2025-09-23T10:25:49.374+0800][info][gc,task     ] GC(4) Using 8 workers of 8 for evacuation
[2025-09-23T10:25:49.379+0800][info][gc,phases   ] GC(4)   Pre Evacuate Collection Set: 0.1ms
[2025-09-23T10:25:49.379+0800][info][gc,phases   ] GC(4)   Merge Heap Roots: 0.0ms
[2025-09-23T10:25:49.379+0800][info][gc,phases   ] GC(4)   Evacuate Collection Set: 4.3ms
[2025-09-23T10:25:49.379+0800][info][gc,phases   ] GC(4)   Post Evacuate Collection Set: 0.5ms
[2025-09-23T10:25:49.379+0800][info][gc,phases   ] GC(4)   Other: 0.0ms
[2025-09-23T10:25:49.379+0800][info][gc,heap     ] GC(4) Eden regions: 1->0(12)
[2025-09-23T10:25:49.379+0800][info][gc,heap     ] GC(4) Survivor regions: 1->1(2)
[2025-09-23T10:25:49.379+0800][info][gc,heap     ] GC(4) Old regions: 1->1
[2025-09-23T10:25:49.379+0800][info][gc,heap     ] GC(4) Humongous regions: 0->0
[2025-09-23T10:25:49.379+0800][info][gc,metaspace] GC(4) Metaspace: 31414K(31936K)->31414K(31936K) NonClass: 26911K(27200K)->26911K(27200K) Class: 4502K(4736K)->4502K(4736K)
[2025-09-23T10:25:49.379+0800][info][gc          ] GC(4) Pause Young (Concurrent Start) (Metadata GC Threshold) 27M->15M(4096M) 5.164ms
[2025-09-23T10:25:49.379+0800][info][gc,cpu      ] GC(4) User=0.04s Sys=0.00s Real=0.01s
[2025-09-23T10:25:49.379+0800][info][gc          ] GC(5) Concurrent Mark Cycle
[2025-09-23T10:25:49.379+0800][info][gc,marking  ] GC(5) Concurrent Scan Root Regions
[2025-09-23T10:25:49.387+0800][info][gc,marking  ] GC(5) Concurrent Scan Root Regions 8.262ms
[2025-09-23T10:25:49.387+0800][info][gc,marking  ] GC(5) Concurrent Mark
[2025-09-23T10:25:49.387+0800][info][gc,marking  ] GC(5) Concurrent Mark From Roots
[2025-09-23T10:25:49.387+0800][info][gc,task     ] GC(5) Using 2 workers of 2 for marking
[2025-09-23T10:25:49.391+0800][info][gc,marking  ] GC(5) Concurrent Mark From Roots 4.419ms
[2025-09-23T10:25:49.391+0800][info][gc,marking  ] GC(5) Concurrent Preclean
[2025-09-23T10:25:49.391+0800][info][gc,marking  ] GC(5) Concurrent Preclean 0.008ms
[2025-09-23T10:25:49.392+0800][info][gc,start    ] GC(5) Pause Remark
[2025-09-23T10:25:49.393+0800][info][gc          ] GC(5) Pause Remark 26M->26M(4096M) 1.191ms
[2025-09-23T10:25:49.393+0800][info][gc,cpu      ] GC(5) User=0.01s Sys=0.00s Real=0.00s
[2025-09-23T10:25:49.393+0800][info][gc,marking  ] GC(5) Concurrent Mark 5.808ms
[2025-09-23T10:25:49.393+0800][info][gc,marking  ] GC(5) Concurrent Rebuild Remembered Sets and Scrub Regions
[2025-09-23T10:25:49.394+0800][info][gc,marking  ] GC(5) Concurrent Rebuild Remembered Sets and Scrub Regions 1.076ms
[2025-09-23T10:25:49.394+0800][info][gc,start    ] GC(5) Pause Cleanup
[2025-09-23T10:25:49.394+0800][info][gc          ] GC(5) Pause Cleanup 26M->26M(4096M) 0.052ms
[2025-09-23T10:25:49.394+0800][info][gc,cpu      ] GC(5) User=0.00s Sys=0.00s Real=0.00s
[2025-09-23T10:25:49.394+0800][info][gc,marking  ] GC(5) Concurrent Clear Claimed Marks
[2025-09-23T10:25:49.394+0800][info][gc,marking  ] GC(5) Concurrent Clear Claimed Marks 0.022ms
[2025-09-23T10:25:49.394+0800][info][gc,marking  ] GC(5) Concurrent Cleanup for Next Mark
[2025-09-23T10:25:49.398+0800][info][gc,marking  ] GC(5) Concurrent Cleanup for Next Mark 4.021ms
[2025-09-23T10:25:49.398+0800][info][gc          ] GC(5) Concurrent Mark Cycle 19.466ms
[2025-09-23T10:25:49.867+0800][info][gc,start    ] GC(6) Pause Young (Normal) (G1 Evacuation Pause)
[2025-09-23T10:25:49.867+0800][info][gc,task     ] GC(6) Using 8 workers of 8 for evacuation
[2025-09-23T10:25:49.873+0800][info][gc,phases   ] GC(6)   Pre Evacuate Collection Set: 0.1ms
[2025-09-23T10:25:49.873+0800][info][gc,phases   ] GC(6)   Merge Heap Roots: 0.0ms
[2025-09-23T10:25:49.873+0800][info][gc,phases   ] GC(6)   Evacuate Collection Set: 4.8ms
[2025-09-23T10:25:49.873+0800][info][gc,phases   ] GC(6)   Post Evacuate Collection Set: 0.7ms
[2025-09-23T10:25:49.873+0800][info][gc,phases   ] GC(6)   Other: 0.0ms
[2025-09-23T10:25:49.873+0800][info][gc,heap     ] GC(6) Eden regions: 12->0(110)
[2025-09-23T10:25:49.873+0800][info][gc,heap     ] GC(6) Survivor regions: 1->2(2)
[2025-09-23T10:25:49.873+0800][info][gc,heap     ] GC(6) Old regions: 1->1
[2025-09-23T10:25:49.873+0800][info][gc,heap     ] GC(6) Humongous regions: 0->0
[2025-09-23T10:25:49.873+0800][info][gc,metaspace] GC(6) Metaspace: 31422K(32000K)->31422K(32000K) NonClass: 26916K(27264K)->26916K(27264K) Class: 4506K(4736K)->4506K(4736K)
[2025-09-23T10:25:49.873+0800][info][gc          ] GC(6) Pause Young (Normal) (G1 Evacuation Pause) 207M->18M(4096M) 5.798ms
[2025-09-23T10:25:49.873+0800][info][gc,cpu      ] GC(6) User=0.04s Sys=0.00s Real=0.00s
[2025-09-23T10:25:54.218+0800][info][gc,heap,exit] Heap
[2025-09-23T10:25:54.218+0800][info][gc,heap,exit]  garbage-first heap   total 4194304K, used 1176050K [0x0000000200000000, 0x0000000800000000)
[2025-09-23T10:25:54.218+0800][info][gc,heap,exit]   region size 16384K, 73 young (1196032K), 2 survivors (32768K)
[2025-09-23T10:25:54.218+0800][info][gc,heap,exit]  Metaspace       used 31496K, committed 32064K, reserved 1114112K
[2025-09-23T10:25:54.218+0800][info][gc,heap,exit]   class space    used 4533K, committed 4800K, reserved 1048576K
